Archive member included because of file (symbol)

c:/users/elizabeth/documents/sjsu_dev/toolchain/bin/../lib/gcc/arm-none-eabi/4.7.4/../../../../arm-none-eabi/lib/armv7-m\libstdc++_s.a(si_class_type_info.o)
                              ./L5_Application/source/terminal.o (vtable for __cxxabiv1::__si_class_type_info)
c:/users/elizabeth/documents/sjsu_dev/toolchain/bin/../lib/gcc/arm-none-eabi/4.7.4/../../../../arm-none-eabi/lib/armv7-m\libstdc++_s.a(pure.o)
                              ./L5_Application/source/terminal.o (__cxa_pure_virtual)
c:/users/elizabeth/documents/sjsu_dev/toolchain/bin/../lib/gcc/arm-none-eabi/4.7.4/../../../../arm-none-eabi/lib/armv7-m\libstdc++_s.a(guard.o)
                              ./L5_Application/source/cmd_handlers/handlers.o (__cxa_guard_acquire)
c:/users/elizabeth/documents/sjsu_dev/toolchain/bin/../lib/gcc/arm-none-eabi/4.7.4/../../../../arm-none-eabi/lib/armv7-m\libstdc++_s.a(class_type_info.o)
                              c:/users/elizabeth/documents/sjsu_dev/toolchain/bin/../lib/gcc/arm-none-eabi/4.7.4/../../../../arm-none-eabi/lib/armv7-m\libstdc++_s.a(si_class_type_info.o) (__cxxabiv1::__class_type_info::__do_upcast(__cxxabiv1::__class_type_info const*, void**) const)
c:/users/elizabeth/documents/sjsu_dev/toolchain/bin/../lib/gcc/arm-none-eabi/4.7.4/../../../../arm-none-eabi/lib/armv7-m\libstdc++_s.a(vmi_class_type_info.o)
                              ./L5_Application/main.o (vtable for __cxxabiv1::__vmi_class_type_info)
c:/users/elizabeth/documents/sjsu_dev/toolchain/bin/../lib/gcc/arm-none-eabi/4.7.4/../../../../arm-none-eabi/lib/armv7-m\libstdc++_s.a(eh_terminate.o)
                              c:/users/elizabeth/documents/sjsu_dev/toolchain/bin/../lib/gcc/arm-none-eabi/4.7.4/../../../../arm-none-eabi/lib/armv7-m\libstdc++_s.a(pure.o) (std::terminate())
c:/users/elizabeth/documents/sjsu_dev/toolchain/bin/../lib/gcc/arm-none-eabi/4.7.4/../../../../arm-none-eabi/lib/armv7-m\libstdc++_s.a(tinfo.o)
                              c:/users/elizabeth/documents/sjsu_dev/toolchain/bin/../lib/gcc/arm-none-eabi/4.7.4/../../../../arm-none-eabi/lib/armv7-m\libstdc++_s.a(class_type_info.o) (std::type_info::~type_info())
c:/users/elizabeth/documents/sjsu_dev/toolchain/bin/../lib/gcc/arm-none-eabi/4.7.4/../../../../arm-none-eabi/lib/armv7-m\libstdc++_s.a(eh_unex_handler.o)
                              c:/users/elizabeth/documents/sjsu_dev/toolchain/bin/../lib/gcc/arm-none-eabi/4.7.4/../../../../arm-none-eabi/lib/armv7-m\libstdc++_s.a(eh_terminate.o) (__cxxabiv1::__unexpected_handler)
c:/users/elizabeth/documents/sjsu_dev/toolchain/bin/../lib/gcc/arm-none-eabi/4.7.4/../../../../arm-none-eabi/lib/armv7-m\libstdc++_s.a(eh_term_handler.o)
                              c:/users/elizabeth/documents/sjsu_dev/toolchain/bin/../lib/gcc/arm-none-eabi/4.7.4/../../../../arm-none-eabi/lib/armv7-m\libstdc++_s.a(eh_terminate.o) (__cxxabiv1::__terminate_handler)
c:/users/elizabeth/documents/sjsu_dev/toolchain/bin/../lib/gcc/arm-none-eabi/4.7.4/armv7-m\libgcc.a(_ashldi3.o)
                              ./L0_LowLevel/source/lpc_peripherals.o (__aeabi_llsl)
c:/users/elizabeth/documents/sjsu_dev/toolchain/bin/../lib/gcc/arm-none-eabi/4.7.4/armv7-m\libgcc.a(_arm_addsubdf3.o)
                              ./L2_Drivers/base/uart_dev.o (__aeabi_dadd)
c:/users/elizabeth/documents/sjsu_dev/toolchain/bin/../lib/gcc/arm-none-eabi/4.7.4/armv7-m\libgcc.a(_arm_fixunsdfsi.o)
                              ./L2_Drivers/base/uart_dev.o (__aeabi_d2uiz)
c:/users/elizabeth/documents/sjsu_dev/toolchain/bin/../lib/gcc/arm-none-eabi/4.7.4/armv7-m\libgcc.a(_arm_truncdfsf2.o)
                              ./L3_Utils/src/str.o (__aeabi_d2f)
c:/users/elizabeth/documents/sjsu_dev/toolchain/bin/../lib/gcc/arm-none-eabi/4.7.4/armv7-m\libgcc.a(_arm_addsubsf3.o)
                              ./L5_Application/source/cmd_handlers/handlers.o (__aeabi_fsub)
c:/users/elizabeth/documents/sjsu_dev/toolchain/bin/../lib/gcc/arm-none-eabi/4.7.4/armv7-m\libgcc.a(_arm_muldivsf3.o)
                              ./L5_Application/source/cmd_handlers/handlers.o (__aeabi_fmul)
c:/users/elizabeth/documents/sjsu_dev/toolchain/bin/../lib/gcc/arm-none-eabi/4.7.4/armv7-m\libgcc.a(_arm_cmpsf2.o)
                              ./L3_Utils/src/str.o (__aeabi_fcmplt)
c:/users/elizabeth/documents/sjsu_dev/toolchain/bin/../lib/gcc/arm-none-eabi/4.7.4/armv7-m\libgcc.a(_arm_fixsfsi.o)
                              ./L5_Application/source/cmd_handlers/handlers.o (__aeabi_f2iz)
c:/users/elizabeth/documents/sjsu_dev/toolchain/bin/../lib/gcc/arm-none-eabi/4.7.4/armv7-m\libgcc.a(_arm_fixunssfsi.o)
                              ./L2_Drivers/src/lpc_pwm.o (__aeabi_f2uiz)
c:/users/elizabeth/documents/sjsu_dev/toolchain/bin/../lib/gcc/arm-none-eabi/4.7.4/armv7-m\libgcc.a(_aeabi_uldivmod.o)
                              ./L5_Application/source/cmd_handlers/handlers.o (__aeabi_uldivmod)
[...]
Memory Configuration

Name             Origin             Length             Attributes
MFlash512        0x00010000         0x00070000         xr
RamLoc32         0x10000000         0x00008000         xrw
RamAHB32         0x2007c000         0x00008000         xrw
*default*        0x00000000         0xffffffff

Linker script and memory map

LOAD ./newlib/malloc_lock.o
LOAD ./newlib/memory.o
LOAD ./newlib/newlib_syscalls.o
LOAD ./newlib/newlib_time.o
LOAD ./newlib/printf_lib.o
LOAD ./L5_Application/source/cmd_handlers/handlers.o
LOAD ./L5_Application/source/cmd_handlers/prog_handlers.o
LOAD ./L5_Application/source/cmd_handlers/wireless_handlers.o
LOAD ./L5_Application/source/high_level_init.o
LOAD ./L5_Application/source/terminal.o
LOAD ./L5_Application/examples/examples.o
LOAD ./L5_Application/examples/rn_xv_task.o
LOAD ./L5_Application/main.o
LOAD ./L4_IO/wireless/src/mesh.o
LOAD ./L4_IO/wireless/src/nrf24L01Plus.o
LOAD ./L4_IO/wireless/src/wireless.o
LOAD ./L4_IO/src/gpio.o
LOAD ./L4_IO/src/io_source.o
LOAD ./L4_IO/src/storage.o
LOAD ./L4_IO/fat/option/ccsbcs.o
LOAD ./L4_IO/fat/option/reentrant.o
LOAD ./L4_IO/fat/disk/diskio.o
LOAD ./L4_IO/fat/disk/sd.o
LOAD ./L4_IO/fat/disk/spi_flash.o
LOAD ./L4_IO/fat/fatfs_time.o
LOAD ./L4_IO/fat/ff.o
LOAD ./L3_Utils/tlm/src/c_tlm_binary.o
LOAD ./L3_Utils/tlm/src/c_tlm_comp.o
LOAD ./L3_Utils/tlm/src/c_tlm_stream.o
LOAD ./L3_Utils/tlm/src/c_tlm_var.o
LOAD ./L3_Utils/src/c_list.o
LOAD ./L3_Utils/src/command_handler.o
LOAD ./L3_Utils/src/file_logger.o
LOAD ./L3_Utils/src/freertos_timer.o
LOAD ./L3_Utils/src/logger.o
LOAD ./L3_Utils/src/rtc_alarm.o
LOAD ./L3_Utils/src/scheduler_task.o
LOAD ./L3_Utils/src/str.o
LOAD ./L3_Utils/src/utilities.o
LOAD ./L2_Drivers/src/can.o
LOAD ./L2_Drivers/src/eint.o
LOAD ./L2_Drivers/src/i2c2.o
LOAD ./L2_Drivers/src/lpc_pwm.o
LOAD ./L2_Drivers/src/nrf_stream.o
LOAD ./L2_Drivers/src/rtc.o
LOAD ./L2_Drivers/src/spi_dma.o
LOAD ./L2_Drivers/src/spi_sem.o
LOAD ./L2_Drivers/src/ssp1.o
LOAD ./L2_Drivers/src/uart0.o
LOAD ./L2_Drivers/src/uart2.o
LOAD ./L2_Drivers/src/uart3.o
LOAD ./L2_Drivers/base/char_dev.o
LOAD ./L2_Drivers/base/i2c_base.o
LOAD ./L2_Drivers/base/uart_dev.o
LOAD ./L1_FreeRTOS/src/croutine.o
LOAD ./L1_FreeRTOS/src/list.o
LOAD ./L1_FreeRTOS/src/queue.o
LOAD ./L1_FreeRTOS/src/tasks.o
LOAD ./L1_FreeRTOS/src/timers.o
LOAD ./L1_FreeRTOS/portable/port.o
LOAD ./L1_FreeRTOS/portable/run_time_stats.o
LOAD ./L1_FreeRTOS/hooks/hooks.o
LOAD ./L1_FreeRTOS/MemMang/heap_1.o
LOAD ./L1_FreeRTOS/MemMang/heap_2.o
LOAD ./L1_FreeRTOS/MemMang/heap_3.o
LOAD ./L1_FreeRTOS/MemMang/heap_4.o
LOAD ./L0_LowLevel/source/core_cm3.o
LOAD ./L0_LowLevel/source/low_level_init.o
LOAD ./L0_LowLevel/source/lpc_peripherals.o
LOAD ./L0_LowLevel/source/lpc_sys.o
LOAD ./L0_LowLevel/source/startup.o
LOAD ./L0_LowLevel/source/sys_clock.o
LOAD ./L0_LowLevel/source/uart0_min.o
LOAD c:/users/elizabeth/documents/sjsu_dev/toolchain/bin/../lib/gcc/arm-none-eabi/4.7.4/../../../../arm-none-eabi/lib/armv7-m\libstdc++_s.a
LOAD c:/users/elizabeth/documents/sjsu_dev/toolchain/bin/../lib/gcc/arm-none-eabi/4.7.4/../../../../arm-none-eabi/lib/armv7-m\libm.a
START GROUP
LOAD c:/users/elizabeth/documents/sjsu_dev/toolchain/bin/../lib/gcc/arm-none-eabi/4.7.4/armv7-m\libgcc.a
LOAD c:/users/elizabeth/documents/sjsu_dev/toolchain/bin/../lib/gcc/arm-none-eabi/4.7.4/../../../../arm-none-eabi/lib/armv7-m\libc_s.a
END GROUP
                0x20084000                __top_RamAHB32 = 0x20084000

.text           0x00010000    0x101a0
 FILL mask 0xff
 *(.isr_vector)
 .isr_vector    0x00010000       0xcc ./L0_LowLevel/source/startup.o
                0x00010000                g_pfnVectors
                0x000100cc                . = ALIGN (0x4)
                0x000100cc                __section_table_start = .
                0x000100cc                __data_section_table = .
                0x000100cc        0x4 LONG 0x201a8 LOADADDR (.data)
                0x000100d0        0x4 LONG 0x2007c000 ADDR (.data)
                0x000100d4        0x4 LONG 0x128 SIZEOF (.data)
                0x000100d8                __data_section_table_end = .
                0x000100d8                __bss_section_table = .
                0x000100d8        0x4 LONG 0x2007c128 ADDR (.bss)
                0x000100dc        0x4 LONG 0x4c0 SIZEOF (.bss)
                0x000100e0                __bss_section_table_end = .
                0x000100e0                __section_table_end = .
 *(.after_vectors*)
 .after_vectors
                0x000100e0      0x128 ./L0_LowLevel/source/startup.o
                0x000100e0                HardFault_Handler
                0x000100fc                I2C0_IRQHandler
                0x000100fc                MCPWM_IRQHandler
                0x000100fc                TIMER2_IRQHandler
                0x000100fc                DMA_IRQHandler
                0x000100fc                USBActivity_IRQHandler
                0x000100fc                PWM1_IRQHandler
                0x000100fc                EINT0_IRQHandler
                0x000100fc                QEI_IRQHandler
                0x000100fc                I2C1_IRQHandler
                0x000100fc                EINT2_IRQHandler
                0x000100fc                UART1_IRQHandler
                0x000100fc                CANActivity_IRQHandler
                0x000100fc                TIMER3_IRQHandler
                0x000100fc                WDT_IRQHandler
                0x000100fc                IntDefaultHandler
                0x000100fc                PLL0_IRQHandler
                0x000100fc                PLL1_IRQHandler
                0x000100fc                SSP0_IRQHandler
                0x000100fc                I2S_IRQHandler
                0x000100fc                TIMER0_IRQHandler
                0x000100fc                SPI_IRQHandler
                0x000100fc                EINT1_IRQHandler
                0x000100fc                ADC_IRQHandler
                0x000100fc                SSP1_IRQHandler
                0x000100fc                BOD_IRQHandler
                0x000100fc                USB_IRQHandler
                0x000100fc                ENET_IRQHandler
                0x0001010c                DebugMon_Handler
                0x0001011c                UsageFault_Handler
                0x0001012c                BusFault_Handler
                0x0001013c                MemManage_Handler
                0x0001014c                NMI_Handler
                0x0001015c                data_init(unsigned int, unsigned int, unsigned int)
                0x0001016e                bss_init(unsigned int, unsigned int)
                0x0001017e                ResetISR
                0x000101d8                SVC_Handler
                0x000101e8                PendSV_Handler
                0x000101f8                SysTick_Handler
 *(.text*)
 .text._sbrk    0x00010208       0x50 ./newlib/memory.o
                0x00010208                _sbrk
 .text._Znwj    0x00010258        0x4 ./newlib/memory.o
                0x00010258                operator new(unsigned int)
 .text._ZdlPv   0x0001025c        0x4 ./newlib/memory.o
                0x0001025c                operator delete(void*)
 .text.sys_get_mem_info
                0x00010260       0x94 ./newlib/memory.o
                0x00010260                sys_get_mem_info
 .text._ZN9__gnu_cxx27__verbose_terminate_handlerEv
                0x000102f4        0x2 ./newlib/memory.o
                0x000102f4                __gnu_cxx::__verbose_terminate_handler()
 *fill*         0x000102f6        0x2 00
 .text.sys_set_outchar_func
                0x000102f8        0xc ./newlib/newlib_syscalls.o
                0x000102f8                sys_set_outchar_func
 .text.sys_set_inchar_func
                0x00010304        0xc ./newlib/newlib_syscalls.o
                0x00010304                sys_set_inchar_func
 .text._kill    0x00010310       0x10 ./newlib/newlib_syscalls.o
                0x00010310                _kill
 .text._exit    0x00010320       0x10 ./newlib/newlib_syscalls.o
                0x00010320                _exit
 .text._getpid  0x00010330        0x4 ./newlib/newlib_syscalls.o
                0x00010330                _getpid
 .text._init    0x00010334        0x4 ./newlib/newlib_syscalls.o
                0x00010334                _init
 .text._write   0x00010338       0x28 ./newlib/newlib_syscalls.o
                0x00010338                _write
 .text._read    0x00010360       0x2c ./newlib/newlib_syscalls.o
                0x00010360                _read
 .text.syscalls_init
                0x0001038c        0x2 ./newlib/newlib_syscalls.o
                0x0001038c                syscalls_init
 .text._fstat   0x0001038e        0x4 ./newlib/newlib_syscalls.o
                0x0001038e                _fstat
 *fill*         0x00010392        0x2 00
 .text._isatty  0x00010394       0x24 ./newlib/newlib_syscalls.o
                0x00010394                _isatty
 .text._lseek   0x000103b8        0x4 ./newlib/newlib_syscalls.o
                0x000103b8                _lseek
 .text._close   0x000103bc        0x4 ./newlib/newlib_syscalls.o
                0x000103bc                _close
 .text._gettimeofday
                0x000103c0       0x80 ./newlib/newlib_time.o
                0x000103c0                _gettimeofday
 .text.u0_dbg_put
                0x00010440       0x20 ./newlib/printf_lib.o
                0x00010440                u0_dbg_put
 .text.u0_dbg_printf
                0x00010460       0x3a ./newlib/printf_lib.o
                0x00010460                u0_dbg_printf
 *fill*         0x0001049a        0x2 00
 .text._ZN7Storage13getFlashDriveEv
                0x0001049c       0x48 ./L5_Application/source/cmd_handlers/handlers.o
                0x0001049c                Storage::getFlashDrive()
 .text._ZN17SingletonTemplateI4I2C2E11getInstanceEv
                0x000104e4       0x20 ./L5_Application/source/cmd_handlers/handlers.o
                0x000104e4                SingletonTemplate<I2C2>::getInstance()
 .text.ssp_set_max_clock
                0x00010504       0x2c ./L5_Application/source/high_level_init.o
 .text._ZL13hl_print_linev
                0x00010530        0xc ./L5_Application/source/high_level_init.o
 .text._ZL16hl_mount_storageR16FileSystemObjectPKc
                0x0001053c       0x94 ./L5_Application/source/high_level_init.o
 .text._ZL19hl_periodic_servicev
                0x000105d0       0x74 ./L5_Application/source/high_level_init.o
 .text.vApplicationTickHook
                0x00010644        0x4 ./L5_Application/source/high_level_init.o
                0x00010644                vApplicationTickHook
 .text.sys_get_uptime_ms
                0x00010648       0x10 ./L5_Application/source/high_level_init.o
                0x00010648                sys_get_uptime_ms
 .text._ZN17SingletonTemplateI11LED_DisplayE11getInstanceEv
                0x00010658       0x28 ./L5_Application/source/high_level_init.o
                0x00010658                SingletonTemplate<LED_Display>::getInstance()
 .text._ZN17SingletonTemplateI3LEDE11getInstanceEv
                0x00010680       0x1c ./L5_Application/source/high_level_init.o
                0x00010680                SingletonTemplate<LED>::getInstance()
 .text._ZN17SingletonTemplateI17TemperatureSensorE11getInstanceEv
                0x0001069c       0x2c ./L5_Application/source/high_level_init.o
                0x0001069c                SingletonTemplate<TemperatureSensor>::getInstance()
 .text._ZN17SingletonTemplateI12Light_SensorE11getInstanceEv
                0x000106c8       0x18 ./L5_Application/source/high_level_init.o
                0x000106c8                SingletonTemplate<Light_Sensor>::getInstance()
 .text._ZN17SingletonTemplateI8SwitchesE11getInstanceEv
                0x000106e0       0x18 ./L5_Application/source/high_level_init.o
                0x000106e0                SingletonTemplate<Switches>::getInstance()
 .text._Z15high_level_initv
                0x000106f8      0x55c ./L5_Application/source/high_level_init.o
                0x000106f8                high_level_init()
 .text._ZN14scheduler_taskD2Ev
                0x00010c54        0xc ./L5_Application/source/terminal.o
                0x00010c54                scheduler_task::~scheduler_task()
                0x00010c54                scheduler_task::~scheduler_task()
 .text._ZN14scheduler_task4initEv
                0x00010c60        0x4 ./L5_Application/source/terminal.o
                0x00010c60                scheduler_task::init()
 .text._ZN14scheduler_task6regTlmEv
                0x00010c64        0x4 ./L5_Application/source/terminal.o
                0x00010c64                scheduler_task::regTlm()
 .text._ZN14scheduler_task9taskEntryEv
                0x00010c68        0x4 ./L5_Application/source/terminal.o
                0x00010c68                scheduler_task::taskEntry()
 .text._ZN14scheduler_taskD0Ev
                0x00010c6c       0x14 ./L5_Application/source/terminal.o
                0x00010c6c                scheduler_task::~scheduler_task()
 .text._ZN15sensorMotorTaskD2Ev
                0x00010c80        0xc ./L5_Application/main.o
                0x00010c80                sensorMotorTask::~sensorMotorTask()
                0x00010c80                sensorMotorTask::~sensorMotorTask()
 .text._ZN15sensorMotorTaskD0Ev
                0x00010c8c       0x14 ./L5_Application/main.o
                0x00010c8c                sensorMotorTask::~sensorMotorTask()
 .text._ZN15sensorMotorTask3runEPv
                0x00010ca0       0xd0 ./L5_Application/main.o
                0x00010ca0                sensorMotorTask::run(void*)
 .text._ZN15sensorMotorTask4initEv
                0x00010d70      0x104 ./L5_Application/main.o
                0x00010d70                sensorMotorTask::init()
 .text.startup.main
                0x00010e74       0x94 ./L5_Application/main.o
                0x00010e74                main
 .text.mesh_incr_soft_timers_for_arr
                0x00010f08       0x26 ./L4_IO/wireless/src/mesh.o
 *fill*         0x00010f2e        0x2 00
 .text.mesh_update_soft_timers
                0x00010f30       0x4c ./L4_IO/wireless/src/mesh.o
 .text.mesh_send_packet
                0x00010f7c       0x3c ./L4_IO/wireless/src/mesh.o
 .text.mesh_send_retry_packet
                0x00010fb8       0x34 ./L4_IO/wireless/src/mesh.o
 .text.mesh_find_rte_tbl_entry
                0x00010fec       0x24 ./L4_IO/wireless/src/mesh.o
 .text.mesh_update_rte_scores
                0x00011010       0x28 ./L4_IO/wireless/src/mesh.o
 .text.mesh_get_pnd_pkt_slot
                0x00011038       0x4c ./L4_IO/wireless/src/mesh.o
 .text.mesh_pending_packets_add
                0x00011084       0x8c ./L4_IO/wireless/src/mesh.o
 .text.mesh_get_rte_to_modify
                0x00011110       0x64 ./L4_IO/wireless/src/mesh.o
 .text.mesh_handle_pnd_pkts_for_arr
                0x00011174      0x19c ./L4_IO/wireless/src/mesh.o
 .text.mesh_set_node_address
                0x00011310       0x18 ./L4_IO/wireless/src/mesh.o
                0x00011310                mesh_set_node_address
 .text.mesh_get_node_address
                0x00011328        0xc ./L4_IO/wireless/src/mesh.o
                0x00011328                mesh_get_node_address
 .text.mesh_form_pkt
                0x00011334       0xe4 ./L4_IO/wireless/src/mesh.o
                0x00011334                mesh_form_pkt
 .text.mesh_send_formed_pkt
                0x00011418       0x60 ./L4_IO/wireless/src/mesh.o
                0x00011418                mesh_send_formed_pkt
 .text.mesh_init
                0x00011478      0x104 ./L4_IO/wireless/src/mesh.o
                0x00011478                mesh_init
 .text.mesh_send
                0x0001157c       0x42 ./L4_IO/wireless/src/mesh.o
                0x0001157c                mesh_send
 .text.mesh_send_ack
                0x000115be       0x18 ./L4_IO/wireless/src/mesh.o
 *fill*         0x000115d6        0x2 00
 .text.mesh_get_num_routing_entries
                0x000115d8       0x1c ./L4_IO/wireless/src/mesh.o
                0x000115d8                mesh_get_num_routing_entries
 .text.mesh_service
                0x000115f4      0x2c4 ./L4_IO/wireless/src/mesh.o
                0x000115f4                mesh_service
 .text.mesh_get_pnd_pkt_count
                0x000118b8       0x34 ./L4_IO/wireless/src/mesh.o
                0x000118b8                mesh_get_pnd_pkt_count
 .text.nordic_transfer
                0x000118ec      0x10c ./L4_IO/wireless/src/nrf24L01Plus.o
 .text.nordic_readRegister
                0x000119f8       0x1c ./L4_IO/wireless/src/nrf24L01Plus.o
 .text.nordic_writeRegister
                0x00011a14       0x1c ./L4_IO/wireless/src/nrf24L01Plus.o
 .text.nordic_is_tx_fifo_empty
                0x00011a30        0xe ./L4_IO/wireless/src/nrf24L01Plus.o
                0x00011a30                nordic_is_tx_fifo_empty
 .text.nordic_clear_all_intr_flags
                0x00011a3e        0x8 ./L4_IO/wireless/src/nrf24L01Plus.o
                0x00011a3e                nordic_clear_all_intr_flags
 .text.nordic_queue_tx_fifo
                0x00011a46       0x10 ./L4_IO/wireless/src/nrf24L01Plus.o
                0x00011a46                nordic_queue_tx_fifo
 .text.nordic_standby1_to_tx_mode1
                0x00011a56       0x18 ./L4_IO/wireless/src/nrf24L01Plus.o
                0x00011a56                nordic_standby1_to_tx_mode1
 *fill*         0x00011a6e        0x2 00
 .text.nordic_rx_to_Stanby1
                0x00011a70       0x10 ./L4_IO/wireless/src/nrf24L01Plus.o
                0x00011a70                nordic_rx_to_Stanby1
 .text.nordic_standby1_to_rx
                0x00011a80       0x24 ./L4_IO/wireless/src/nrf24L01Plus.o
                0x00011a80                nordic_standby1_to_rx
 .text.nordic_clear_packet_sent_flag
                0x00011aa4        0x8 ./L4_IO/wireless/src/nrf24L01Plus.o
                0x00011aa4                nordic_clear_packet_sent_flag
 .text.nordic_flush_tx_fifo
                0x00011aac        0xe ./L4_IO/wireless/src/nrf24L01Plus.o
                0x00011aac                nordic_flush_tx_fifo
 *fill*         0x00011aba        0x2 00
 .text.nordic_mode1_send_single_packet
                0x00011abc       0x4c ./L4_IO/wireless/src/nrf24L01Plus.o
                0x00011abc                nordic_mode1_send_single_packet
 .text.nordic_is_packet_available
                0x00011b08       0x12 ./L4_IO/wireless/src/nrf24L01Plus.o
                0x00011b08                nordic_is_packet_available
 .text.nordic_clear_packet_available_flag
                0x00011b1a        0x8 ./L4_IO/wireless/src/nrf24L01Plus.o
                0x00011b1a                nordic_clear_packet_available_flag
 .text.nordic_read_rx_fifo
                0x00011b22       0x16 ./L4_IO/wireless/src/nrf24L01Plus.o
                0x00011b22                nordic_read_rx_fifo
 .text.nordic_flush_rx_fifo
                0x00011b38        0xe ./L4_IO/wireless/src/nrf24L01Plus.o
                0x00011b38                nordic_flush_rx_fifo
 .text.nordic_set_intr_signals
                0x00011b46       0x40 ./L4_IO/wireless/src/nrf24L01Plus.o
                0x00011b46                nordic_set_intr_signals
 .text.nordic_set_crc
                0x00011b86       0x3a ./L4_IO/wireless/src/nrf24L01Plus.o
                0x00011b86                nordic_set_crc
 .text.nordic_power_up
                0x00011bc0       0x18 ./L4_IO/wireless/src/nrf24L01Plus.o
                0x00011bc0                nordic_power_up
 .text.nordic_power_down
                0x00011bd8       0x18 ./L4_IO/wireless/src/nrf24L01Plus.o
                0x00011bd8                nordic_power_down
 .text.nordic_set_channel
                0x00011bf0       0x24 ./L4_IO/wireless/src/nrf24L01Plus.o
                0x00011bf0                nordic_set_channel
 .text.nordic_set_air_data_rate
                0x00011c14       0x2e ./L4_IO/wireless/src/nrf24L01Plus.o
                0x00011c14                nordic_set_air_data_rate
 .text.nordic_set_power_level
                0x00011c42       0x26 ./L4_IO/wireless/src/nrf24L01Plus.o
                0x00011c42                nordic_set_power_level
 .text.nordic_set_auto_transmit_options
                0x00011c68       0x30 ./L4_IO/wireless/src/nrf24L01Plus.o
                0x00011c68                nordic_set_auto_transmit_options
 .text.nordic_set_payload_for_pipe
                0x00011c98       0x18 ./L4_IO/wireless/src/nrf24L01Plus.o
                0x00011c98                nordic_set_payload_for_pipe
 .text.nordic_set_addr_width
                0x00011cb0       0x16 ./L4_IO/wireless/src/nrf24L01Plus.o
                0x00011cb0                nordic_set_addr_width
 .text.nordic_set_tx_address
                0x00011cc6        0xe ./L4_IO/wireless/src/nrf24L01Plus.o
                0x00011cc6                nordic_set_tx_address
 .text.nordic_set_rx_pipe0_addr
                0x00011cd4        0xe ./L4_IO/wireless/src/nrf24L01Plus.o
                0x00011cd4                nordic_set_rx_pipe0_addr
 *fill*         0x00011ce2        0x2 00
 .text.nordic_init
                0x00011ce4       0xc4 ./L4_IO/wireless/src/nrf24L01Plus.o
                0x00011ce4                nordic_init
 .text.nrf_driver_get_timer
                0x00011da8       0x1e ./L4_IO/wireless/src/wireless.o
 *fill*         0x00011dc6        0x2 00
 .text.nrf_irq_callback
                0x00011dc8       0x2c ./L4_IO/wireless/src/wireless.o
 .text.nrf_driver_app_recv
                0x00011df4       0x60 ./L4_IO/wireless/src/wireless.o
 .text.nrf_driver_init
                0x00011e54       0x84 ./L4_IO/wireless/src/wireless.o
 .text.nrf_driver_send
                0x00011ed8       0x70 ./L4_IO/wireless/src/wireless.o
 .text.nrf_driver_receive
                0x00011f48       0x22 ./L4_IO/wireless/src/wireless.o
 *fill*         0x00011f6a        0x2 00
 .text.wireless_init
                0x00011f6c       0x4c ./L4_IO/wireless/src/wireless.o
                0x00011f6c                wireless_init
 .text.wireless_service
                0x00011fb8       0x4c ./L4_IO/wireless/src/wireless.o
                0x00011fb8                wireless_service
 .text.adc0_get_reading.constprop.0
                0x00012004       0x3c ./L4_IO/src/io_source.o
 .text._ZN15I2C_Device_Base8writeRegEhh
                0x00012040       0x18 ./L4_IO/src/io_source.o
                0x00012040                I2C_Device_Base::writeReg(unsigned char, unsigned char)
 .text._ZN15I2C_Device_Base16get16BitRegisterEh
                0x00012058       0x30 ./L4_IO/src/io_source.o
                0x00012058                I2C_Device_Base::get16BitRegister(unsigned char)
 .text._ZN19Acceleration_Sensor4initEv
                0x00012088       0x22 ./L4_IO/src/io_source.o
                0x00012088                Acceleration_Sensor::init()
 *fill*         0x000120aa        0x2 00
 .text.TIMER1_IRQHandler
                0x000120ac       0xa0 ./L4_IO/src/io_source.o
                0x000120ac                TIMER1_IRQHandler
 .text._ZN9IR_Sensor4initEv
                0x0001214c       0x64 ./L4_IO/src/io_source.o
                0x0001214c                IR_Sensor::init()
 .text._ZN11LED_Display12setLeftDigitEc
                0x000121b0       0x18 ./L4_IO/src/io_source.o
                0x000121b0                LED_Display::setLeftDigit(char)
 .text._ZN11LED_Display13setRightDigitEc
                0x000121c8       0x18 ./L4_IO/src/io_source.o
                0x000121c8                LED_Display::setRightDigit(char)
 .text._ZN11LED_Display9setNumberEc
                0x000121e0       0x3e ./L4_IO/src/io_source.o
                0x000121e0                LED_Display::setNumber(char)
 .text._ZN11LED_Display4initEv
                0x0001221e       0x3a ./L4_IO/src/io_source.o
                0x0001221e                LED_Display::init()
 .text._ZN3LED4initEv
                0x00012258        0x4 ./L4_IO/src/io_source.o
                0x00012258                LED::init()
 .text._ZN3LED6setAllEc
                0x0001225c       0x50 ./L4_IO/src/io_source.o
                0x0001225c                LED::setAll(char)
 .text._ZN12Light_Sensor4initEv
                0x000122ac        0x4 ./L4_IO/src/io_source.o
                0x000122ac                Light_Sensor::init()
 .text._ZN12Light_Sensor11getRawValueEv
                0x000122b0        0x4 ./L4_IO/src/io_source.o
                0x000122b0                Light_Sensor::getRawValue()
 .text._ZN8Switches4initEv
                0x000122b4        0x4 ./L4_IO/src/io_source.o
                0x000122b4                Switches::init()
 .text._ZN8Switches15getSwitchValuesEv
                0x000122b8       0x18 ./L4_IO/src/io_source.o
                0x000122b8                Switches::getSwitchValues()
 .text._ZN8I2C_Temp4initEv
                0x000122d0       0x24 ./L4_IO/src/io_source.o
                0x000122d0                I2C_Temp::init()
 .text._ZN8I2C_Temp10getCelsiusEv
                0x000122f4       0x32 ./L4_IO/src/io_source.o
                0x000122f4                I2C_Temp::getCelsius()
 *fill*         0x00012326        0x2 00
 .text._ZN8I2C_Temp12getFarenheitEv
                0x00012328       0x24 ./L4_IO/src/io_source.o
                0x00012328                I2C_Temp::getFarenheit()
 .text._ZN7Storage4readEPKcPvjj
                0x0001234c       0x42 ./L4_IO/src/storage.o
                0x0001234c                Storage::read(char const*, void*, unsigned int, unsigned int)
 *fill*         0x0001238e        0x2 00
 .text.ff_convert
                0x00012390       0x38 ./L4_IO/fat/option/ccsbcs.o
                0x00012390                ff_convert
 .text.ff_wtoupper
                0x000123c8       0x24 ./L4_IO/fat/option/ccsbcs.o
                0x000123c8                ff_wtoupper
 .text.ff_cre_syncobj
                0x000123ec       0x14 ./L4_IO/fat/option/reentrant.o
                0x000123ec                ff_cre_syncobj
 .text.ff_del_syncobj
                0x00012400        0x4 ./L4_IO/fat/option/reentrant.o
                0x00012400                ff_del_syncobj
 .text.ff_req_grant
                0x00012404       0x26 ./L4_IO/fat/option/reentrant.o
                0x00012404                ff_req_grant
 .text.ff_rel_grant
                0x0001242a       0x1e ./L4_IO/fat/option/reentrant.o
                0x0001242a                ff_rel_grant
 .text.disk_initialize
                0x00012448       0x26 ./L4_IO/fat/disk/diskio.o
                0x00012448                disk_initialize
 .text.disk_status
                0x0001246e        0xe ./L4_IO/fat/disk/diskio.o
                0x0001246e                disk_status
 .text.disk_read
                0x0001247c       0x38 ./L4_IO/fat/disk/diskio.o
                0x0001247c                disk_read
 .text.disk_write
                0x000124b4       0x38 ./L4_IO/fat/disk/diskio.o
                0x000124b4                disk_write
 .text.disk_ioctl
                0x000124ec       0x32 ./L4_IO/fat/disk/diskio.o
                0x000124ec                disk_ioctl
 *fill*         0x0001251e        0x2 00
 .text.ssp_set_max_clock.constprop.2
                0x00012520       0x30 ./L4_IO/fat/disk/sd.o
 .text.ssp1_exchange_byte
                0x00012550       0x18 ./L4_IO/fat/disk/sd.o
 .text.wait_ready
                0x00012568       0x34 ./L4_IO/fat/disk/sd.o
                0x00012568                wait_ready
 .text.power_off
                0x0001259c       0x24 ./L4_IO/fat/disk/sd.o
                0x0001259c                power_off
 .text.rcvr_datablock
                0x000125c0       0x8c ./L4_IO/fat/disk/sd.o
                0x000125c0                rcvr_datablock
 .text.xmit_datablock
                0x0001264c       0x54 ./L4_IO/fat/disk/sd.o
                0x0001264c                xmit_datablock
 .text.send_cmd
                0x000126a0       0x94 ./L4_IO/fat/disk/sd.o
                0x000126a0                send_cmd
 .text.sd_update_card_status
                0x00012734       0x20 ./L4_IO/fat/disk/sd.o
                0x00012734                sd_update_card_status
 .text.sd_ioctl
                0x00012754      0x24c ./L4_IO/fat/disk/sd.o
                0x00012754                sd_ioctl
 .text.sd_write
                0x000129a0       0xc0 ./L4_IO/fat/disk/sd.o
                0x000129a0                sd_write
 .text.sd_read  0x00012a60       0xa0 ./L4_IO/fat/disk/sd.o
                0x00012a60                sd_read
 .text.sd_status
                0x00012b00       0x10 ./L4_IO/fat/disk/sd.o
                0x00012b00                sd_status
 .text.sd_initialize
                0x00012b10      0x16c ./L4_IO/fat/disk/sd.o
                0x00012b10                sd_initialize
 .text._ZL37flash_perform_page_io_of_fatfs_sectorPFvPhmmES_m
                0x00012c7c       0x70 ./L4_IO/fat/disk/spi_flash.o
 .text.ssp1_exchange_data
                0x00012cec       0xc8 ./L4_IO/fat/disk/spi_flash.o
 .text._ZL18flash_send_op_addr14flash_opcode_tm
                0x00012db4       0x20 ./L4_IO/fat/disk/spi_flash.o
 .text._ZL15flash_read_pagePhmm
                0x00012dd4       0x3c ./L4_IO/fat/disk/spi_flash.o
 .text._ZL20flash_wait_for_readyv
                0x00012e10       0x40 ./L4_IO/fat/disk/spi_flash.o
 .text.flash_initialize
                0x00012e50       0x88 ./L4_IO/fat/disk/spi_flash.o
                0x00012e50                flash_initialize
 .text.flash_read_sectors
                0x00012ed8       0x38 ./L4_IO/fat/disk/spi_flash.o
                0x00012ed8                flash_read_sectors
 .text.flash_write_sectors
                0x00012f10       0x34 ./L4_IO/fat/disk/spi_flash.o
                0x00012f10                flash_write_sectors
 .text.flash_ioctl
                0x00012f44       0x4c ./L4_IO/fat/disk/spi_flash.o
                0x00012f44                flash_ioctl
 .text.flash_write_permanent_id
                0x00012f90       0x3c ./L4_IO/fat/disk/spi_flash.o
                0x00012f90                flash_write_permanent_id
 .text.flash_read_permanent_id
                0x00012fcc       0x24 ./L4_IO/fat/disk/spi_flash.o
                0x00012fcc                flash_read_permanent_id
 .text.flash_supports_metadata
                0x00012ff0       0x10 ./L4_IO/fat/disk/spi_flash.o
                0x00012ff0                flash_supports_metadata
 .text._ZL16flash_write_pagePhmm
                0x00013000       0x80 ./L4_IO/fat/disk/spi_flash.o
 .text.get_fattime
                0x00013080       0x50 ./L4_IO/fat/fatfs_time.o
                0x00013080                get_fattime
 .text.mem_cpy  0x000130d0       0x2e ./L4_IO/fat/ff.o
 .text.mem_set  0x000130fe        0xe ./L4_IO/fat/ff.o
 .text.chk_lock
                0x0001310c       0x64 ./L4_IO/fat/ff.o
 .text.inc_lock
                0x00013170       0x88 ./L4_IO/fat/ff.o
 .text.dec_lock
                0x000131f8       0x3c ./L4_IO/fat/ff.o
 .text.sum_sfn  0x00013234       0x1e ./L4_IO/fat/ff.o
 .text.get_ldnumber
                0x00013252       0x2c ./L4_IO/fat/ff.o
 .text.sync_window
                0x0001327e       0x4a ./L4_IO/fat/ff.o
 .text.sync_fs  0x000132c8       0x74 ./L4_IO/fat/ff.o
 .text.validate
                0x0001333c       0x3a ./L4_IO/fat/ff.o
 .text.move_window
                0x00013376       0x2e ./L4_IO/fat/ff.o
 .text.check_fs
                0x000133a4       0x4c ./L4_IO/fat/ff.o
 .text.unlock_fs
                0x000133f0       0x1a ./L4_IO/fat/ff.o
 *fill*         0x0001340a        0x2 00
 .text.find_volume
                0x0001340c      0x244 ./L4_IO/fat/ff.o
 .text.clust2sect
                0x00013650       0x18 ./L4_IO/fat/ff.o
                0x00013650                clust2sect
 .text.get_fat  0x00013668       0xa0 ./L4_IO/fat/ff.o
                0x00013668                get_fat
 .text.dir_sdi  0x00013708       0x84 ./L4_IO/fat/ff.o
 .text.put_fat  0x0001378c       0xce ./L4_IO/fat/ff.o
                0x0001378c                put_fat
 .text.create_chain
                0x0001385a       0x9e ./L4_IO/fat/ff.o
 .text.dir_next
                0x000138f8       0xf0 ./L4_IO/fat/ff.o
 .text.dir_find.part.8
                0x000139e8      0x120 ./L4_IO/fat/ff.o
 .text.follow_path
                0x00013b08      0x280 ./L4_IO/fat/ff.o
 .text.remove_chain
                0x00013d88       0x58 ./L4_IO/fat/ff.o
 .text.gen_numname
                0x00013de0       0x78 ./L4_IO/fat/ff.o
                0x00013de0                gen_numname
 .text.dir_register
                0x00013e58      0x1b0 ./L4_IO/fat/ff.o
 .text.f_mount  0x00014008       0xa0 ./L4_IO/fat/ff.o
                0x00014008                f_mount
 .text.f_open   0x000140a8      0x198 ./L4_IO/fat/ff.o
                0x000140a8                f_open
 .text.f_read   0x00014240      0x14c ./L4_IO/fat/ff.o
                0x00014240                f_read
 .text.f_sync   0x0001438c       0x64 ./L4_IO/fat/ff.o
                0x0001438c                f_sync
 .text.f_close  0x000143f0       0x30 ./L4_IO/fat/ff.o
                0x000143f0                f_close
 .text.f_lseek  0x00014420      0x116 ./L4_IO/fat/ff.o
                0x00014420                f_lseek
 .text.f_getfree
                0x00014536       0xc8 ./L4_IO/fat/ff.o
                0x00014536                f_getfree
 *fill*         0x000145fe        0x2 00
 .text.f_mkfs   0x00014600      0x48c ./L4_IO/fat/ff.o
                0x00014600                f_mkfs
 .text.c_list_for_each_elm
                0x00014a8c       0x32 ./L3_Utils/src/c_list.o
                0x00014a8c                c_list_for_each_elm
 .text.for_each_recur_alarm_callback
                0x00014abe       0x24 ./L3_Utils/src/rtc_alarm.o
 .text.for_each_alarm_callback
                0x00014ae2       0x5e ./L3_Utils/src/rtc_alarm.o
 .text.RTC_IRQHandler
                0x00014b40       0xa4 ./L3_Utils/src/rtc_alarm.o
                0x00014b40                RTC_IRQHandler
 .text._ZL9printlinePKcS0_
                0x00014be4       0xb4 ./L3_Utils/src/scheduler_task.o
 .text._ZL9dbg_printPKcS0_
                0x00014c98       0x78 ./L3_Utils/src/scheduler_task.o
 .text._Z24scheduler_c_task_privatePv
                0x00014d10      0x110 ./L3_Utils/src/scheduler_task.o
                0x00014d10                scheduler_c_task_private(void*)
 .text._Z18scheduler_init_allb
                0x00014e20       0xdc ./L3_Utils/src/scheduler_task.o
                0x00014e20                scheduler_init_all(bool)
 .text._Z18scheduler_add_taskP14scheduler_task
                0x00014efc       0x20 ./L3_Utils/src/scheduler_task.o
                0x00014efc                scheduler_add_task(scheduler_task*)
 .text._Z15scheduler_startbb
                0x00014f1c       0x5c ./L3_Utils/src/scheduler_task.o
                0x00014f1c                scheduler_start(bool, bool)
 .text._ZN14scheduler_taskC2EPKcmhPv
                0x00014f78       0x34 ./L3_Utils/src/scheduler_task.o
                0x00014f78                scheduler_task::scheduler_task(char const*, unsigned long, unsigned char, void*)
                0x00014f78                scheduler_task::scheduler_task(char const*, unsigned long, unsigned char, void*)
 .text.delay_us
                0x00014fac       0x2a ./L3_Utils/src/utilities.o
                0x00014fac                delay_us
 .text.is_freertos_running
                0x00014fd6        0xe ./L3_Utils/src/utilities.o
                0x00014fd6                is_freertos_running
 .text.delay_ms
                0x00014fe4       0x22 ./L3_Utils/src/utilities.o
                0x00014fe4                delay_ms
 .text.CAN_tx_now
                0x00015006       0x42 ./L2_Drivers/src/can.o
 .text.CAN_handle_isr
                0x00015048       0xac ./L2_Drivers/src/can.o
 .text.CAN_IRQHandler
                0x000150f4       0x3c ./L2_Drivers/src/can.o
                0x000150f4                CAN_IRQHandler
 .text.callback
                0x00015130        0x6 ./L2_Drivers/src/eint.o
                0x00015130                callback
 *fill*         0x00015136        0x2 00
 .text.leftinterrupt
                0x00015138       0x38 ./L2_Drivers/src/eint.o
                0x00015138                leftinterrupt
 .text.rightinterrupt
                0x00015170       0x38 ./L2_Drivers/src/eint.o
                0x00015170                rightinterrupt
 .text.EINT3_IRQHandler
                0x000151a8       0x60 ./L2_Drivers/src/eint.o
                0x000151a8                EINT3_IRQHandler
 .text.eint3_enable_port0
                0x00015208       0x68 ./L2_Drivers/src/eint.o
                0x00015208                eint3_enable_port0
 .text._ZN4I2C24initEj
                0x00015270       0x6c ./L2_Drivers/src/i2c2.o
                0x00015270                I2C2::init(unsigned int)
 .text._ZN4I2C2C2Ev
                0x000152dc       0x14 ./L2_Drivers/src/i2c2.o
                0x000152dc                I2C2::I2C2()
                0x000152dc                I2C2::I2C2()
 .text.I2C2_IRQHandler
                0x000152f0       0x24 ./L2_Drivers/src/i2c2.o
                0x000152f0                I2C2_IRQHandler
 .text._ZN3PWMC2ENS_7pwmTypeEj
                0x00015314       0x84 ./L2_Drivers/src/lpc_pwm.o
                0x00015314                PWM::PWM(PWM::pwmType, unsigned int)
                0x00015314                PWM::PWM(PWM::pwmType, unsigned int)
 .text._ZN3PWM3setEf
                0x00015398       0x80 ./L2_Drivers/src/lpc_pwm.o
                0x00015398                PWM::set(float)
 .text.rtc_gettime
                0x00015418       0x44 ./L2_Drivers/src/rtc.o
                0x00015418                rtc_gettime
 .text.rtc_settime
                0x0001545c       0x60 ./L2_Drivers/src/rtc.o
                0x0001545c                rtc_settime
 .text.rtc_init
                0x000154bc       0xd4 ./L2_Drivers/src/rtc.o
                0x000154bc                rtc_init
 .text.ssp1_dma_init
                0x00015590       0x1c ./L2_Drivers/src/spi_dma.o
                0x00015590                ssp1_dma_init
 .text.ssp1_dma_transfer_block
                0x000155ac       0xc4 ./L2_Drivers/src/spi_dma.o
                0x000155ac                ssp1_dma_transfer_block
 .text.spi1_lock
                0x00015670       0x28 ./L2_Drivers/src/spi_sem.o
                0x00015670                spi1_lock
 .text.spi1_unlock
                0x00015698       0x14 ./L2_Drivers/src/spi_sem.o
                0x00015698                spi1_unlock
 .text.ssp1_init
                0x000156ac       0x4c ./L2_Drivers/src/ssp1.o
                0x000156ac                ssp1_init
 .text._ZN5Uart0D2Ev
                0x000156f8       0x14 ./L2_Drivers/src/uart0.o
                0x000156f8                Uart0::~Uart0()
                0x000156f8                Uart0::~Uart0()
 .text._ZN5Uart0D0Ev
                0x0001570c       0x12 ./L2_Drivers/src/uart0.o
                0x0001570c                Uart0::~Uart0()
 *fill*         0x0001571e        0x2 00
 .text._ZN5Uart0C2Ev
                0x00015720       0x1c ./L2_Drivers/src/uart0.o
                0x00015720                Uart0::Uart0()
                0x00015720                Uart0::Uart0()
 .text.UART0_IRQHandler
                0x0001573c       0x24 ./L2_Drivers/src/uart0.o
                0x0001573c                UART0_IRQHandler
 .text._ZN5Uart2D2Ev
                0x00015760       0x14 ./L2_Drivers/src/uart2.o
                0x00015760                Uart2::~Uart2()
                0x00015760                Uart2::~Uart2()
 .text._ZN5Uart2D0Ev
                0x00015774       0x12 ./L2_Drivers/src/uart2.o
                0x00015774                Uart2::~Uart2()
 *fill*         0x00015786        0x2 00
 .text._ZN5Uart2C2Ev
                0x00015788       0x1c ./L2_Drivers/src/uart2.o
                0x00015788                Uart2::Uart2()
                0x00015788                Uart2::Uart2()
 .text.UART2_IRQHandler
                0x000157a4       0x24 ./L2_Drivers/src/uart2.o
                0x000157a4                UART2_IRQHandler
 .text._ZN5Uart3D2Ev
                0x000157c8       0x14 ./L2_Drivers/src/uart3.o
                0x000157c8                Uart3::~Uart3()
                0x000157c8                Uart3::~Uart3()
 .text._ZN5Uart3D0Ev
                0x000157dc       0x12 ./L2_Drivers/src/uart3.o
                0x000157dc                Uart3::~Uart3()
 *fill*         0x000157ee        0x2 00
 .text._ZN5Uart3C2Ev
                0x000157f0       0x1c ./L2_Drivers/src/uart3.o
                0x000157f0                Uart3::Uart3()
                0x000157f0                Uart3::Uart3()
 .text.UART3_IRQHandler
                0x0001580c       0x24 ./L2_Drivers/src/uart3.o
                0x0001580c                UART3_IRQHandler
 .text._ZN7CharDev5flushEv
                0x00015830        0x4 ./L2_Drivers/base/char_dev.o
                0x00015830                CharDev::flush()
 .text._ZN7CharDevD2Ev
                0x00015834        0xc ./L2_Drivers/base/char_dev.o
                0x00015834                CharDev::~CharDev()
                0x00015834                CharDev::~CharDev()
 .text._ZN7CharDevD0Ev
                0x00015840       0x14 ./L2_Drivers/base/char_dev.o
                0x00015840                CharDev::~CharDev()
 .text._ZN7CharDevC2Ev
                0x00015854       0x28 ./L2_Drivers/base/char_dev.o
                0x00015854                CharDev::CharDev()
                0x00015854                CharDev::CharDev()
 .text._ZN8I2C_Base8transferEccPcj
                0x0001587c       0xd4 ./L2_Drivers/base/i2c_base.o
                0x0001587c                I2C_Base::transfer(char, char, char*, unsigned int)
 .text._ZN8I2C_Base14writeRegistersEccPcj
                0x00015950        0x8 ./L2_Drivers/base/i2c_base.o
                0x00015950                I2C_Base::writeRegisters(char, char, char*, unsigned int)
 .text._ZN8I2C_Base8writeRegEccc
                0x00015958       0x16 ./L2_Drivers/base/i2c_base.o
                0x00015958                I2C_Base::writeReg(char, char, char)
 .text._ZN8I2C_Base13readRegistersEccPcj
                0x0001596e        0x8 ./L2_Drivers/base/i2c_base.o
                0x0001596e                I2C_Base::readRegisters(char, char, char*, unsigned int)
 .text._ZN8I2C_Base7readRegEcc
                0x00015976       0x1a ./L2_Drivers/base/i2c_base.o
                0x00015976                I2C_Base::readReg(char, char)
 .text._ZN8I2C_Base19checkDeviceResponseEc
                0x00015990       0x14 ./L2_Drivers/base/i2c_base.o
                0x00015990                I2C_Base::checkDeviceResponse(char)
 .text._ZN8I2C_BaseC2EP15LPC_I2C_TypeDef
                0x000159a4       0x6c ./L2_Drivers/base/i2c_base.o
                0x000159a4                I2C_Base::I2C_Base(LPC_I2C_TypeDef*)
                0x000159a4                I2C_Base::I2C_Base(LPC_I2C_TypeDef*)
 .text._ZN8I2C_Base4initEjj
                0x00015a10       0x90 ./L2_Drivers/base/i2c_base.o
                0x00015a10                I2C_Base::init(unsigned int, unsigned int)
 .text._ZN8I2C_Base15i2cStateMachineEv
                0x00015aa0      0x1e8 ./L2_Drivers/base/i2c_base.o
                0x00015aa0                I2C_Base::i2cStateMachine()
 .text._ZN8I2C_Base15handleInterruptEv
                0x00015c88       0x2c ./L2_Drivers/base/i2c_base.o
                0x00015c88                I2C_Base::handleInterrupt()
 .text._ZN7UartDev7putCharEcj
                0x00015cb4       0x6c ./L2_Drivers/base/uart_dev.o
                0x00015cb4                UartDev::putChar(char, unsigned int)
 .text._ZN7UartDevD2Ev
                0x00015d20       0x14 ./L2_Drivers/base/uart_dev.o
                0x00015d20                UartDev::~UartDev()
                0x00015d20                UartDev::~UartDev()
 .text._ZN7UartDevD0Ev
                0x00015d34       0x12 ./L2_Drivers/base/uart_dev.o
                0x00015d34                UartDev::~UartDev()
 .text._ZN7UartDev7getCharEPcj
                0x00015d46       0x5a ./L2_Drivers/base/uart_dev.o
                0x00015d46                UartDev::getChar(char*, unsigned int)
 .text._ZN7UartDev5flushEv
                0x00015da0       0x20 ./L2_Drivers/base/uart_dev.o
                0x00015da0                UartDev::flush()
 .text._ZN7UartDev15handleInterruptEv
                0x00015dc0       0xb4 ./L2_Drivers/base/uart_dev.o
                0x00015dc0                UartDev::handleInterrupt()
 .text._ZN7UartDevC2EPj
                0x00015e74       0x28 ./L2_Drivers/base/uart_dev.o
                0x00015e74                UartDev::UartDev(unsigned int*)
                0x00015e74                UartDev::UartDev(unsigned int*)
 .text.vListInitialise
                0x00015e9c       0x16 ./L1_FreeRTOS/src/list.o
                0x00015e9c                vListInitialise
 .text.vListInitialiseItem
                0x00015eb2        0x6 ./L1_FreeRTOS/src/list.o
                0x00015eb2                vListInitialiseItem
 .text.vListInsertEnd
                0x00015eb8       0x18 ./L1_FreeRTOS/src/list.o
                0x00015eb8                vListInsertEnd
 .text.vListInsert
                0x00015ed0       0x30 ./L1_FreeRTOS/src/list.o
                0x00015ed0                vListInsert
 .text.uxListRemove
                0x00015f00       0x20 ./L1_FreeRTOS/src/list.o
                0x00015f00                uxListRemove
 .text.prvCopyDataFromQueue
                0x00015f20       0x26 ./L1_FreeRTOS/src/queue.o
 .text.prvCopyDataToQueue
                0x00015f46       0x66 ./L1_FreeRTOS/src/queue.o
 .text.prvNotifyQueueSetContainer
                0x00015fac       0x32 ./L1_FreeRTOS/src/queue.o
 .text.prvUnlockQueue
                0x00015fde       0x78 ./L1_FreeRTOS/src/queue.o
 .text.xQueueGenericReset
                0x00016056       0x5c ./L1_FreeRTOS/src/queue.o
                0x00016056                xQueueGenericReset
 .text.xQueueGenericCreate
                0x000160b2       0x50 ./L1_FreeRTOS/src/queue.o
                0x000160b2                xQueueGenericCreate
 .text.xQueueCreateCountingSemaphore
                0x00016102       0x12 ./L1_FreeRTOS/src/queue.o
                0x00016102                xQueueCreateCountingSemaphore
 .text.xQueueGenericSend
                0x00016114       0xe2 ./L1_FreeRTOS/src/queue.o
                0x00016114                xQueueGenericSend
 .text.xQueueCreateMutex
                0x000161f6       0x4e ./L1_FreeRTOS/src/queue.o
                0x000161f6                xQueueCreateMutex
 .text.xQueueGenericSendFromISR
                0x00016244       0x72 ./L1_FreeRTOS/src/queue.o
                0x00016244                xQueueGenericSendFromISR
 .text.xQueueGenericReceive
                0x000162b6      0x102 ./L1_FreeRTOS/src/queue.o
                0x000162b6                xQueueGenericReceive
 .text.xQueueReceiveFromISR
                0x000163b8       0x52 ./L1_FreeRTOS/src/queue.o
                0x000163b8                xQueueReceiveFromISR
 .text.uxQueueMessagesWaiting
                0x0001640a       0x12 ./L1_FreeRTOS/src/queue.o
                0x0001640a                uxQueueMessagesWaiting
 .text.uxQueueMessagesWaitingFromISR
                0x0001641c        0x4 ./L1_FreeRTOS/src/queue.o
                0x0001641c                uxQueueMessagesWaitingFromISR
 .text.xQueueSelectFromSet
                0x00016420       0x14 ./L1_FreeRTOS/src/queue.o
                0x00016420                xQueueSelectFromSet
 .text.prvResetRunTimeStatsInList
                0x00016434       0x2e ./L1_FreeRTOS/src/tasks.o
 *fill*         0x00016462        0x2 00
 .text.prvIdleTask
                0x00016464       0x18 ./L1_FreeRTOS/src/tasks.o
 .text.prvAddCurrentTaskToDelayedList
                0x0001647c       0x50 ./L1_FreeRTOS/src/tasks.o
 .text.xTaskGenericCreate
                0x000164cc      0x18c ./L1_FreeRTOS/src/tasks.o
                0x000164cc                xTaskGenericCreate
 .text.vTaskStartScheduler
                0x00016658       0x54 ./L1_FreeRTOS/src/tasks.o
                0x00016658                vTaskStartScheduler
 .text.vTaskEndScheduler
                0x000166ac       0x18 ./L1_FreeRTOS/src/tasks.o
                0x000166ac                vTaskEndScheduler
 .text.vTaskSuspendAll
                0x000166c4       0x10 ./L1_FreeRTOS/src/tasks.o
                0x000166c4                vTaskSuspendAll
 .text.xTaskGetTickCount
                0x000166d4       0x18 ./L1_FreeRTOS/src/tasks.o
                0x000166d4                xTaskGetTickCount
 .text.xTaskGetTickCountFromISR
                0x000166ec       0x18 ./L1_FreeRTOS/src/tasks.o
                0x000166ec                xTaskGetTickCountFromISR
 .text.xTaskIncrementTick
                0x00016704      0x10c ./L1_FreeRTOS/src/tasks.o
                0x00016704                xTaskIncrementTick
 .text.xTaskResumeAll
                0x00016810       0xc4 ./L1_FreeRTOS/src/tasks.o
                0x00016810                xTaskResumeAll
 .text.vTaskDelay
                0x000168d4       0x54 ./L1_FreeRTOS/src/tasks.o
                0x000168d4                vTaskDelay
 .text.vTaskDelayUntil
                0x00016928       0x78 ./L1_FreeRTOS/src/tasks.o
                0x00016928                vTaskDelayUntil
 .text.vTaskSwitchContext
                0x000169a0       0xb4 ./L1_FreeRTOS/src/tasks.o
                0x000169a0                vTaskSwitchContext
 .text.vTaskSuspend
                0x00016a54       0x94 ./L1_FreeRTOS/src/tasks.o
                0x00016a54                vTaskSuspend
 .text.vTaskPlaceOnEventList
                0x00016ae8       0x60 ./L1_FreeRTOS/src/tasks.o
                0x00016ae8                vTaskPlaceOnEventList
 .text.xTaskRemoveFromEventList
                0x00016b48       0x68 ./L1_FreeRTOS/src/tasks.o
                0x00016b48                xTaskRemoveFromEventList
 .text.vTaskSetTimeOutState
                0x00016bb0       0x18 ./L1_FreeRTOS/src/tasks.o
                0x00016bb0                vTaskSetTimeOutState
 .text.xTaskCheckForTimeOut
                0x00016bc8       0x4c ./L1_FreeRTOS/src/tasks.o
                0x00016bc8                xTaskCheckForTimeOut
 .text.vTaskMissedYield
                0x00016c14        0xc ./L1_FreeRTOS/src/tasks.o
                0x00016c14                vTaskMissedYield
 .text.uxTaskGetStackHighWaterMark
                0x00016c20       0x20 ./L1_FreeRTOS/src/tasks.o
                0x00016c20                uxTaskGetStackHighWaterMark
 .text.xTaskGetCurrentTaskHandle
                0x00016c40        0xc ./L1_FreeRTOS/src/tasks.o
                0x00016c40                xTaskGetCurrentTaskHandle
 .text.xTaskGetSchedulerState
                0x00016c4c       0x1c ./L1_FreeRTOS/src/tasks.o
                0x00016c4c                xTaskGetSchedulerState
 .text.vTaskPriorityInherit
                0x00016c68       0x8c ./L1_FreeRTOS/src/tasks.o
                0x00016c68                vTaskPriorityInherit
 .text.vTaskPriorityDisinherit
                0x00016cf4       0x6c ./L1_FreeRTOS/src/tasks.o
                0x00016cf4                vTaskPriorityDisinherit
 .text.vTaskResetRunTimeStats
                0x00016d60       0x6c ./L1_FreeRTOS/src/tasks.o
                0x00016d60                vTaskResetRunTimeStats
 .text.prvPortStartFirstTask
                0x00016dcc       0x14 ./L1_FreeRTOS/portable/port.o
 .text.pxPortInitialiseStack
                0x00016de0       0x16 ./L1_FreeRTOS/portable/port.o
                0x00016de0                pxPortInitialiseStack
 *fill*         0x00016df6        0x2 00
 .text.vPortSVCHandler
                0x00016df8       0x20 ./L1_FreeRTOS/portable/port.o
                0x00016df8                vPortSVCHandler
 .text.vPortEndScheduler
                0x00016e18        0x2 ./L1_FreeRTOS/portable/port.o
                0x00016e18                vPortEndScheduler
 *fill*         0x00016e1a        0x2 00
 .text.vPortYield
                0x00016e1c       0x18 ./L1_FreeRTOS/portable/port.o
                0x00016e1c                vPortYield
 .text.ulPortSetInterruptMask
                0x00016e34       0x10 ./L1_FreeRTOS/portable/port.o
                0x00016e34                ulPortSetInterruptMask
 .text.vPortEnterCritical
                0x00016e44       0x1c ./L1_FreeRTOS/portable/port.o
                0x00016e44                vPortEnterCritical
 .text.vPortClearInterruptMask
                0x00016e60        0x6 ./L1_FreeRTOS/portable/port.o
                0x00016e60                vPortClearInterruptMask
 *fill*         0x00016e66        0x2 00
 .text.vPortExitCritical
                0x00016e68       0x14 ./L1_FreeRTOS/portable/port.o
                0x00016e68                vPortExitCritical
 .text.xPortPendSVHandler
                0x00016e7c       0x3c ./L1_FreeRTOS/portable/port.o
                0x00016e7c                xPortPendSVHandler
 .text.xPortSysTickHandler
                0x00016eb8       0x24 ./L1_FreeRTOS/portable/port.o
                0x00016eb8                xPortSysTickHandler
 .text.vPortSetupTimerInterrupt
                0x00016edc       0x14 ./L1_FreeRTOS/portable/port.o
                0x00016edc                vPortSetupTimerInterrupt
 .text.xPortStartScheduler
                0x00016ef0       0x30 ./L1_FreeRTOS/portable/port.o
                0x00016ef0                xPortStartScheduler
 .text.vConfigureTimerForRunTimeStats
                0x00016f20       0x2c ./L1_FreeRTOS/portable/run_time_stats.o
                0x00016f20                vConfigureTimerForRunTimeStats
 .text.uxGetTimerForRunTimeStats
                0x00016f4c        0x8 ./L1_FreeRTOS/portable/run_time_stats.o
                0x00016f4c                uxGetTimerForRunTimeStats
 .text.resetRunTimeCounter
                0x00016f54        0xa ./L1_FreeRTOS/portable/run_time_stats.o
                0x00016f54                resetRunTimeCounter
 .text.vApplicationIdleHook
                0x00016f5e        0x4 ./L1_FreeRTOS/hooks/hooks.o
                0x00016f5e                vApplicationIdleHook
 *fill*         0x00016f62        0x2 00
 .text.vApplicationStackOverflowHook
                0x00016f64       0x38 ./L1_FreeRTOS/hooks/hooks.o
                0x00016f64                vApplicationStackOverflowHook
 .text.vApplicationMallocFailedHook
                0x00016f9c       0x24 ./L1_FreeRTOS/hooks/hooks.o
                0x00016f9c                vApplicationMallocFailedHook
 .text.pvPortMalloc
                0x00016fc0       0x1e ./L1_FreeRTOS/MemMang/heap_3.o
                0x00016fc0                pvPortMalloc
 .text.vPortFree
                0x00016fde       0x1a ./L1_FreeRTOS/MemMang/heap_3.o
                0x00016fde                vPortFree
 .text.__set_BASEPRI
                0x00016ff8        0x6 ./L0_LowLevel/source/core_cm3.o
                0x00016ff8                __set_BASEPRI
 *fill*         0x00016ffe        0x2 00
 .text.sys_get_boot_type
                0x00017000        0xc ./L0_LowLevel/source/low_level_init.o
                0x00017000                sys_get_boot_type
 .text._Z14low_level_initv
                0x0001700c      0x204 ./L0_LowLevel/source/low_level_init.o
                0x0001700c                low_level_init()
 .text.lpc_pconp
                0x00017210       0x30 ./L0_LowLevel/source/lpc_peripherals.o
                0x00017210                lpc_pconp
 .text.lpc_pclk
                0x00017240       0x48 ./L0_LowLevel/source/lpc_peripherals.o
                0x00017240                lpc_pclk
 .text.RIT_IRQHandler
                0x00017288       0x1c ./L0_LowLevel/source/lpc_sys.o
                0x00017288                RIT_IRQHandler
 .text.sys_get_mem_info_str
                0x000172a4       0x2c ./L0_LowLevel/source/lpc_sys.o
                0x000172a4                sys_get_mem_info_str
 .text.sys_rit_setup
                0x000172d0       0x58 ./L0_LowLevel/source/lpc_sys.o
                0x000172d0                sys_rit_setup
 .text.sys_rit_disable
                0x00017328       0x1c ./L0_LowLevel/source/lpc_sys.o
                0x00017328                sys_rit_disable
 .text.sys_rit_running
                0x00017344       0x10 ./L0_LowLevel/source/lpc_sys.o
                0x00017344                sys_rit_running
 .text.HardFault_HandlerC
                0x00017354       0x94 ./L0_LowLevel/source/startup.o
                0x00017354                HardFault_HandlerC
 .text._ZL19sys_clock_pll0_feedv
                0x000173e8       0x14 ./L0_LowLevel/source/sys_clock.o
 .text._ZL23sys_clock_configure_plljjPiS_S_.constprop.0
                0x000173fc       0x78 ./L0_LowLevel/source/sys_clock.o
 .text._Z19sys_clock_configurev
                0x00017474       0xac ./L0_LowLevel/source/sys_clock.o
                0x00017474                sys_clock_configure()
 .text.sys_get_cpu_clock
                0x00017520       0x9c ./L0_LowLevel/source/sys_clock.o
                0x00017520                sys_get_cpu_clock
 .text.uart0_init
                0x000175bc       0x60 ./L0_LowLevel/source/uart0_min.o
                0x000175bc                uart0_init
 .text.uart0_getchar
                0x0001761c       0x18 ./L0_LowLevel/source/uart0_min.o
                0x0001761c                uart0_getchar
 .text.uart0_putchar
                0x00017634       0x1c ./L0_LowLevel/source/uart0_min.o
                0x00017634                uart0_putchar
 .text.uart0_puts
                0x00017650       0x1c ./L0_LowLevel/source/uart0_min.o
                0x00017650                uart0_puts
 .text._ZNK10__cxxabiv120__si_class_type_info12__do_dyncastEiNS_17__class_type_info10__sub_kindEPKS1_PKvS4_S6_RNS1_16__dyncast_resultE
                0x0001766c       0x7c c:/users/elizabeth/documents/sjsu_dev/toolchain/bin/../lib/gcc/arm-none-eabi/4.7.4/../../../../arm-none-eabi/lib/armv7-m\libstdc++_s.a(si_class_type_info.o)
                0x0001766c                __cxxabiv1::__si_class_type_info::__do_dyncast(int, __cxxabiv1::__class_type_info::__sub_kind, __cxxabiv1::__class_type_info const*, void const*, __cxxabiv1::__class_type_info const*, void const*, __cxxabiv1::__class_type_info::__dyncast_result&) const
 .text._ZN10__cxxabiv120__si_class_type_infoD2Ev
                0x000176e8       0x14 c:/users/elizabeth/documents/sjsu_dev/toolchain/bin/../lib/gcc/arm-none-eabi/4.7.4/../../../../arm-none-eabi/lib/armv7-m\libstdc++_s.a(si_class_type_info.o)
                0x000176e8                __cxxabiv1::__si_class_type_info::~__si_class_type_info()
                0x000176e8                __cxxabiv1::__si_class_type_info::~__si_class_type_info()
 .text._ZN10__cxxabiv120__si_class_type_infoD0Ev
                0x000176fc       0x12 c:/users/elizabeth/documents/sjsu_dev/toolchain/bin/../lib/gcc/arm-none-eabi/4.7.4/../../../../arm-none-eabi/lib/armv7-m\libstdc++_s.a(si_class_type_info.o)
                0x000176fc                __cxxabiv1::__si_class_type_info::~__si_class_type_info()
 .text._ZNK10__cxxabiv120__si_class_type_info20__do_find_public_srcEiPKvPKNS_17__class_type_infoES2_
                0x0001770e       0x32 c:/users/elizabeth/documents/sjsu_dev/toolchain/bin/../lib/gcc/arm-none-eabi/4.7.4/../../../../arm-none-eabi/lib/armv7-m\libstdc++_s.a(si_class_type_info.o)
                0x0001770e                __cxxabiv1::__si_class_type_info::__do_find_public_src(int, void const*, __cxxabiv1::__class_type_info const*, void const*) const
 .text._ZNK10__cxxabiv120__si_class_type_info11__do_upcastEPKNS_17__class_type_infoEPKvRNS1_15__upcast_resultE
                0x00017740       0x24 c:/users/elizabeth/documents/sjsu_dev/toolchain/bin/../lib/gcc/arm-none-eabi/4.7.4/../../../../arm-none-eabi/lib/armv7-m\libstdc++_s.a(si_class_type_info.o)
                0x00017740                __cxxabiv1::__si_class_type_info::__do_upcast(__cxxabiv1::__class_type_info const*, void const*, __cxxabiv1::__class_type_info::__upcast_result&) const
 .text.__cxa_pure_virtual
                0x00017764       0x14 c:/users/elizabeth/documents/sjsu_dev/toolchain/bin/../lib/gcc/arm-none-eabi/4.7.4/../../../../arm-none-eabi/lib/armv7-m\libstdc++_s.a(pure.o)
                0x00017764                __cxa_pure_virtual
 .text.__cxa_guard_acquire
                0x00017778       0x1c c:/users/elizabeth/documents/sjsu_dev/toolchain/bin/../lib/gcc/arm-none-eabi/4.7.4/../../../../arm-none-eabi/lib/armv7-m\libstdc++_s.a(guard.o)
                0x00017778                __cxa_guard_acquire
 .text.__cxa_guard_release
                0x00017794        0x6 c:/users/elizabeth/documents/sjsu_dev/toolchain/bin/../lib/gcc/arm-none-eabi/4.7.4/../../../../arm-none-eabi/lib/armv7-m\libstdc++_s.a(guard.o)
                0x00017794                __cxa_guard_release
 .text._ZNK10__cxxabiv117__class_type_info11__do_upcastEPKS0_PPv
                0x0001779a       0x36 c:/users/elizabeth/documents/sjsu_dev/toolchain/bin/../lib/gcc/arm-none-eabi/4.7.4/../../../../arm-none-eabi/lib/armv7-m\libstdc++_s.a(class_type_info.o)
                0x0001779a                __cxxabiv1::__class_type_info::__do_upcast(__cxxabiv1::__class_type_info const*, void**) const
 .text._ZNK10__cxxabiv117__class_type_info20__do_find_public_srcEiPKvPKS0_S2_
                0x000177d0        0xc c:/users/elizabeth/documents/sjsu_dev/toolchain/bin/../lib/gcc/arm-none-eabi/4.7.4/../../../../arm-none-eabi/lib/armv7-m\libstdc++_s.a(class_type_info.o)
                0x000177d0                __cxxabiv1::__class_type_info::__do_find_public_src(int, void const*, __cxxabiv1::__class_type_info const*, void const*) const
 .text._ZNK10__cxxabiv117__class_type_info11__do_upcastEPKS0_PKvRNS0_15__upcast_resultE
                0x000177dc       0x1a c:/users/elizabeth/documents/sjsu_dev/toolchain/bin/../lib/gcc/arm-none-eabi/4.7.4/../../../../arm-none-eabi/lib/armv7-m\libstdc++_s.a(class_type_info.o)
                0x000177dc                __cxxabiv1::__class_type_info::__do_upcast(__cxxabiv1::__class_type_info const*, void const*, __cxxabiv1::__class_type_info::__upcast_result&) const
 *fill*         0x000177f6        0x2 00
 .text._ZN10__cxxabiv117__class_type_infoD2Ev
                0x000177f8       0x14 c:/users/elizabeth/documents/sjsu_dev/toolchain/bin/../lib/gcc/arm-none-eabi/4.7.4/../../../../arm-none-eabi/lib/armv7-m\libstdc++_s.a(class_type_info.o)
                0x000177f8                __cxxabiv1::__class_type_info::~__class_type_info()
                0x000177f8                __cxxabiv1::__class_type_info::~__class_type_info()
 .text._ZN10__cxxabiv117__class_type_infoD0Ev
                0x0001780c       0x12 c:/users/elizabeth/documents/sjsu_dev/toolchain/bin/../lib/gcc/arm-none-eabi/4.7.4/../../../../arm-none-eabi/lib/armv7-m\libstdc++_s.a(class_type_info.o)
                0x0001780c                __cxxabiv1::__class_type_info::~__class_type_info()
 .text._ZNK10__cxxabiv117__class_type_info12__do_dyncastEiNS0_10__sub_kindEPKS0_PKvS3_S5_RNS0_16__dyncast_resultE
                0x0001781e       0x38 c:/users/elizabeth/documents/sjsu_dev/toolchain/bin/../lib/gcc/arm-none-eabi/4.7.4/../../../../arm-none-eabi/lib/armv7-m\libstdc++_s.a(class_type_info.o)
                0x0001781e                __cxxabiv1::__class_type_info::__do_dyncast(int, __cxxabiv1::__class_type_info::__sub_kind, __cxxabiv1::__class_type_info const*, void const*, __cxxabiv1::__class_type_info const*, void const*, __cxxabiv1::__class_type_info::__dyncast_result&) const
 .text._ZNK10__cxxabiv117__class_type_info10__do_catchEPKSt9type_infoPPvj
                0x00017856       0x26 c:/users/elizabeth/documents/sjsu_dev/toolchain/bin/../lib/gcc/arm-none-eabi/4.7.4/../../../../arm-none-eabi/lib/armv7-m\libstdc++_s.a(class_type_info.o)
                0x00017856                __cxxabiv1::__class_type_info::__do_catch(std::type_info const*, void**, unsigned int) const
 .text._ZN10__cxxabiv121__vmi_class_type_infoD2Ev
                0x0001787c       0x14 c:/users/elizabeth/documents/sjsu_dev/toolchain/bin/../lib/gcc/arm-none-eabi/4.7.4/../../../../arm-none-eabi/lib/armv7-m\libstdc++_s.a(vmi_class_type_info.o)
                0x0001787c                __cxxabiv1::__vmi_class_type_info::~__vmi_class_type_info()
                0x0001787c                __cxxabiv1::__vmi_class_type_info::~__vmi_class_type_info()
 .text._ZN10__cxxabiv121__vmi_class_type_infoD0Ev
                0x00017890       0x12 c:/users/elizabeth/documents/sjsu_dev/toolchain/bin/../lib/gcc/arm-none-eabi/4.7.4/../../../../arm-none-eabi/lib/armv7-m\libstdc++_s.a(vmi_class_type_info.o)
                0x00017890                __cxxabiv1::__vmi_class_type_info::~__vmi_class_type_info()
 .text._ZNK10__cxxabiv121__vmi_class_type_info20__do_find_public_srcEiPKvPKNS_17__class_type_infoES2_
                0x000178a2       0x72 c:/users/elizabeth/documents/sjsu_dev/toolchain/bin/../lib/gcc/arm-none-eabi/4.7.4/../../../../arm-none-eabi/lib/armv7-m\libstdc++_s.a(vmi_class_type_info.o)
                0x000178a2                __cxxabiv1::__vmi_class_type_info::__do_find_public_src(int, void const*, __cxxabiv1::__class_type_info const*, void const*) const
 .text._ZNK10__cxxabiv121__vmi_class_type_info12__do_dyncastEiNS_17__class_type_info10__sub_kindEPKS1_PKvS4_S6_RNS1_16__dyncast_resultE
                0x00017914      0x29e c:/users/elizabeth/documents/sjsu_dev/toolchain/bin/../lib/gcc/arm-none-eabi/4.7.4/../../../../arm-none-eabi/lib/armv7-m\libstdc++_s.a(vmi_class_type_info.o)
                0x00017914                __cxxabiv1::__vmi_class_type_info::__do_dyncast(int, __cxxabiv1::__class_type_info::__sub_kind, __cxxabiv1::__class_type_info const*, void const*, __cxxabiv1::__class_type_info const*, void const*, __cxxabiv1::__class_type_info::__dyncast_result&) const
 .text._ZNK10__cxxabiv121__vmi_class_type_info11__do_upcastEPKNS_17__class_type_infoEPKvRNS1_15__upcast_resultE
                0x00017bb2      0x126 c:/users/elizabeth/documents/sjsu_dev/toolchain/bin/../lib/gcc/arm-none-eabi/4.7.4/../../../../arm-none-eabi/lib/armv7-m\libstdc++_s.a(vmi_class_type_info.o)
                0x00017bb2                __cxxabiv1::__vmi_class_type_info::__do_upcast(__cxxabiv1::__class_type_info const*, void const*, __cxxabiv1::__class_type_info::__upcast_result&) const
 .text._ZN10__cxxabiv111__terminateEPFvvE
                0x00017cd8        0x8 c:/users/elizabeth/documents/sjsu_dev/toolchain/bin/../lib/gcc/arm-none-eabi/4.7.4/../../../../arm-none-eabi/lib/armv7-m\libstdc++_s.a(eh_terminate.o)
                0x00017cd8                __cxxabiv1::__terminate(void (*)())
 .text._ZSt9terminatev
                0x00017ce0       0x10 c:/users/elizabeth/documents/sjsu_dev/toolchain/bin/../lib/gcc/arm-none-eabi/4.7.4/../../../../arm-none-eabi/lib/armv7-m\libstdc++_s.a(eh_terminate.o)
                0x00017ce0                std::terminate()
 .text._ZNSt9type_infoD2Ev
                0x00017cf0        0xc c:/users/elizabeth/documents/sjsu_dev/toolchain/bin/../lib/gcc/arm-none-eabi/4.7.4/../../../../arm-none-eabi/lib/armv7-m\libstdc++_s.a(tinfo.o)
                0x00017cf0                std::type_info::~type_info()
                0x00017cf0                std::type_info::~type_info()
 .text._ZNKSt9type_info14__is_pointer_pEv
                0x00017cfc        0x4 c:/users/elizabeth/documents/sjsu_dev/toolchain/bin/../lib/gcc/arm-none-eabi/4.7.4/../../../../arm-none-eabi/lib/armv7-m\libstdc++_s.a(tinfo.o)
                0x00017cfc                std::type_info::__is_pointer_p() const
 .text._ZNKSt9type_info15__is_function_pEv
                0x00017d00        0x4 c:/users/elizabeth/documents/sjsu_dev/toolchain/bin/../lib/gcc/arm-none-eabi/4.7.4/../../../../arm-none-eabi/lib/armv7-m\libstdc++_s.a(tinfo.o)
                0x00017d00                std::type_info::__is_function_p() const
 .text._ZNKSt9type_info11__do_upcastEPKN10__cxxabiv117__class_type_infoEPPv
                0x00017d04        0x4 c:/users/elizabeth/documents/sjsu_dev/toolchain/bin/../lib/gcc/arm-none-eabi/4.7.4/../../../../arm-none-eabi/lib/armv7-m\libstdc++_s.a(tinfo.o)
                0x00017d04                std::type_info::__do_upcast(__cxxabiv1::__class_type_info const*, void**) const
 .text._ZNSt9type_infoD0Ev
                0x00017d08       0x14 c:/users/elizabeth/documents/sjsu_dev/toolchain/bin/../lib/gcc/arm-none-eabi/4.7.4/../../../../arm-none-eabi/lib/armv7-m\libstdc++_s.a(tinfo.o)
                0x00017d08                std::type_info::~type_info()
 .text._ZNKSt9type_infoeqERKS_
                0x00017d1c       0x28 c:/users/elizabeth/documents/sjsu_dev/toolchain/bin/../lib/gcc/arm-none-eabi/4.7.4/../../../../arm-none-eabi/lib/armv7-m\libstdc++_s.a(tinfo.o)
                0x00017d1c                std::type_info::operator==(std::type_info const&) const
 .text._ZNKSt9type_info10__do_catchEPKS_PPvj
                0x00017d44        0x4 c:/users/elizabeth/documents/sjsu_dev/toolchain/bin/../lib/gcc/arm-none-eabi/4.7.4/../../../../arm-none-eabi/lib/armv7-m\libstdc++_s.a(tinfo.o)
                0x00017d44                std::type_info::__do_catch(std::type_info const*, void**, unsigned int) const
 .text          0x00017d48       0x18 c:/users/elizabeth/documents/sjsu_dev/toolchain/bin/../lib/gcc/arm-none-eabi/4.7.4/armv7-m\libgcc.a(_ashldi3.o)
                0x00017d48                __aeabi_llsl
                0x00017d48                __ashldi3
 .text          0x00017d60      0x370 c:/users/elizabeth/documents/sjsu_dev/toolchain/bin/../lib/gcc/arm-none-eabi/4.7.4/armv7-m\libgcc.a(_arm_addsubdf3.o)
                0x00017d60                __aeabi_drsub
                0x00017d68                __aeabi_dsub
                0x00017d68                __subdf3
                0x00017d6c                __aeabi_dadd
                0x00017d6c                __adddf3
                0x00017fe4                __floatunsidf
                0x00017fe4                __aeabi_ui2d
                0x00018004                __floatsidf
                0x00018004                __aeabi_i2d
                0x00018028                __aeabi_f2d
                0x00018028                __extendsfdf2
                0x00018064                __floatundidf
                0x00018064                __aeabi_ul2d
                0x00018074                __floatdidf
                0x00018074                __aeabi_l2d
 .text          0x000180d0       0x40 c:/users/elizabeth/documents/sjsu_dev/toolchain/bin/../lib/gcc/arm-none-eabi/4.7.4/armv7-m\libgcc.a(_arm_fixunsdfsi.o)
                0x000180d0                __aeabi_d2uiz
                0x000180d0                __fixunsdfsi
 .text          0x00018110       0xa0 c:/users/elizabeth/documents/sjsu_dev/toolchain/bin/../lib/gcc/arm-none-eabi/4.7.4/armv7-m\libgcc.a(_arm_truncdfsf2.o)
                0x00018110                __truncdfsf2
                0x00018110                __aeabi_d2f
 .text          0x000181b0      0x21c c:/users/elizabeth/documents/sjsu_dev/toolchain/bin/../lib/gcc/arm-none-eabi/4.7.4/armv7-m\libgcc.a(_arm_addsubsf3.o)
                0x000181b0                __aeabi_frsub
                0x000181b8                __subsf3
                0x000181b8                __aeabi_fsub
                0x000181bc                __aeabi_fadd
                0x000181bc                __addsf3
                0x0001831c                __aeabi_ui2f
                0x0001831c                __floatunsisf
                0x00018324                __aeabi_i2f
                0x00018324                __floatsisf
                0x00018340                __aeabi_ul2f
                0x00018340                __floatundisf
                0x00018350                __aeabi_l2f
                0x00018350                __floatdisf
 .text          0x000183cc      0x2a0 c:/users/elizabeth/documents/sjsu_dev/toolchain/bin/../lib/gcc/arm-none-eabi/4.7.4/armv7-m\libgcc.a(_arm_muldivsf3.o)
                0x000183cc                __mulsf3
                0x000183cc                __aeabi_fmul
                0x00018534                __aeabi_fdiv
                0x00018534                __divsf3
 .text          0x0001866c       0xec c:/users/elizabeth/documents/sjsu_dev/toolchain/bin/../lib/gcc/arm-none-eabi/4.7.4/armv7-m\libgcc.a(_arm_cmpsf2.o)
                0x0001866c                __gesf2
                0x0001866c                __gtsf2
                0x00018674                __lesf2
                0x00018674                __ltsf2
                0x0001867c                __nesf2
                0x0001867c                __eqsf2
                0x0001867c                __cmpsf2
                0x000186dc                __aeabi_cfrcmple
                0x000186e4                __aeabi_cfcmpeq
                0x000186e4                __aeabi_cfcmple
                0x000186f4                __aeabi_fcmpeq
                0x00018708                __aeabi_fcmplt
                0x0001871c                __aeabi_fcmple
                0x00018730                __aeabi_fcmpge
                0x00018744                __aeabi_fcmpgt
 .text          0x00018758       0x4c c:/users/elizabeth/documents/sjsu_dev/toolchain/bin/../lib/gcc/arm-none-eabi/4.7.4/armv7-m\libgcc.a(_arm_fixsfsi.o)
                0x00018758                __aeabi_f2iz
                0x00018758                __fixsfsi
 .text          0x000187a4       0x40 c:/users/elizabeth/documents/sjsu_dev/toolchain/bin/../lib/gcc/arm-none-eabi/4.7.4/armv7-m\libgcc.a(_arm_fixunssfsi.o)
                0x000187a4                __fixunssfsi
                0x000187a4                __aeabi_f2uiz
 .text          0x000187e4       0x2c c:/users/elizabeth/documents/sjsu_dev/toolchain/bin/../lib/gcc/arm-none-eabi/4.7.4/armv7-m\libgcc.a(_aeabi_uldivmod.o)
                0x000187e4                __aeabi_uldivmod
 .text          0x00018810       0x60 c:/users/elizabeth/documents/sjsu_dev/toolchain/bin/../lib/gcc/arm-none-eabi/4.7.4/armv7-m\libgcc.a(bpabi.o)
                0x00018810                __gnu_ldivmod_helper
                0x00018840                __gnu_uldivmod_helper
 .text          0x00018870        0x4 c:/users/elizabeth/documents/sjsu_dev/toolchain/bin/../lib/gcc/arm-none-eabi/4.7.4/armv7-m\libgcc.a(_dvmd_tls.o)
                0x00018870                __aeabi_idiv0
                0x00018870                __aeabi_ldiv0
 .text          0x00018874      0x2bc c:/users/elizabeth/documents/sjsu_dev/toolchain/bin/../lib/gcc/arm-none-eabi/4.7.4/armv7-m\libgcc.a(_divdi3.o)
                0x00018874                __divdi3
 .text          0x00018b30      0x28c c:/users/elizabeth/documents/sjsu_dev/toolchain/bin/../lib/gcc/arm-none-eabi/4.7.4/armv7-m\libgcc.a(_udivdi3.o)
                0x00018b30                __udivdi3
 .text.abort    0x00018dbc        0xe c:/users/elizabeth/documents/sjsu_dev/toolchain/bin/../lib/gcc/arm-none-eabi/4.7.4/../../../../arm-none-eabi/lib/armv7-m\libc_s.a(lib_a-abort.o)
                0x00018dbc                abort
 .text.atoi     0x00018dca        0x8 c:/users/elizabeth/documents/sjsu_dev/toolchain/bin/../lib/gcc/arm-none-eabi/4.7.4/../../../../arm-none-eabi/lib/armv7-m\libc_s.a(lib_a-atoi.o)
                0x00018dca                atoi
 .text._cleanup_r
                0x00018dd2       0x32 c:/users/elizabeth/documents/sjsu_dev/toolchain/bin/../lib/gcc/arm-none-eabi/4.7.4/../../../../arm-none-eabi/lib/armv7-m\libc_s.a(lib_a-findfp.o)
                0x00018dd2                _cleanup_r
 .text.std.isra.0
                0x00018e04       0x48 c:/users/elizabeth/documents/sjsu_dev/toolchain/bin/../lib/gcc/arm-none-eabi/4.7.4/../../../../arm-none-eabi/lib/armv7-m\libc_s.a(lib_a-findfp.o)
 .text.__sfmoreglue
                0x00018e4c       0x2a c:/users/elizabeth/documents/sjsu_dev/toolchain/bin/../lib/gcc/arm-none-eabi/4.7.4/../../../../arm-none-eabi/lib/armv7-m\libc_s.a(lib_a-findfp.o)
                0x00018e4c                __sfmoreglue
 *fill*         0x00018e76        0x2 00
 .text.__sinit  0x00018e78       0x58 c:/users/elizabeth/documents/sjsu_dev/toolchain/bin/../lib/gcc/arm-none-eabi/4.7.4/../../../../arm-none-eabi/lib/armv7-m\libc_s.a(lib_a-findfp.o)
                0x00018e78                __sinit
 .text.__sfp    0x00018ed0       0x78 c:/users/elizabeth/documents/sjsu_dev/toolchain/bin/../lib/gcc/arm-none-eabi/4.7.4/../../../../arm-none-eabi/lib/armv7-m\libc_s.a(lib_a-findfp.o)
                0x00018ed0                __sfp
 .text.__sfp_lock_acquire
                0x00018f48        0x2 c:/users/elizabeth/documents/sjsu_dev/toolchain/bin/../lib/gcc/arm-none-eabi/4.7.4/../../../../arm-none-eabi/lib/armv7-m\libc_s.a(lib_a-findfp.o)
                0x00018f48                __sfp_lock_acquire
 .text.__sfp_lock_release
                0x00018f4a        0x2 c:/users/elizabeth/documents/sjsu_dev/toolchain/bin/../lib/gcc/arm-none-eabi/4.7.4/../../../../arm-none-eabi/lib/armv7-m\libc_s.a(lib_a-findfp.o)
                0x00018f4a                __sfp_lock_release
 .text._fwalk   0x00018f4c       0x40 c:/users/elizabeth/documents/sjsu_dev/toolchain/bin/../lib/gcc/arm-none-eabi/4.7.4/../../../../arm-none-eabi/lib/armv7-m\libc_s.a(lib_a-fwalk.o)
                0x00018f4c                _fwalk
 .text._fwalk_reent
                0x00018f8c       0x44 c:/users/elizabeth/documents/sjsu_dev/toolchain/bin/../lib/gcc/arm-none-eabi/4.7.4/../../../../arm-none-eabi/lib/armv7-m\libc_s.a(lib_a-fwalk.o)
                0x00018f8c                _fwalk_reent
 .text.__libc_init_array
                0x00018fd0       0x4c c:/users/elizabeth/documents/sjsu_dev/toolchain/bin/../lib/gcc/arm-none-eabi/4.7.4/../../../../arm-none-eabi/lib/armv7-m\libc_s.a(lib_a-init.o)
                0x00018fd0                __libc_init_array
 .text.malloc   0x0001901c       0x10 c:/users/elizabeth/documents/sjsu_dev/toolchain/bin/../lib/gcc/arm-none-eabi/4.7.4/../../../../arm-none-eabi/lib/armv7-m\libc_s.a(lib_a-malloc.o)
                0x0001901c                malloc
 .text.free     0x0001902c       0x10 c:/users/elizabeth/documents/sjsu_dev/toolchain/bin/../lib/gcc/arm-none-eabi/4.7.4/../../../../arm-none-eabi/lib/armv7-m\libc_s.a(lib_a-malloc.o)
                0x0001902c                free
 .text._malloc_r
                0x0001903c       0x94 c:/users/elizabeth/documents/sjsu_dev/toolchain/bin/../lib/gcc/arm-none-eabi/4.7.4/../../../../arm-none-eabi/lib/armv7-m\libc_s.a(lib_a-mallocr.o)
                0x0001903c                _malloc_r
 .text.memchr   0x000190d0       0x1c c:/users/elizabeth/documents/sjsu_dev/toolchain/bin/../lib/gcc/arm-none-eabi/4.7.4/../../../../arm-none-eabi/lib/armv7-m\libc_s.a(lib_a-memchr.o)
                0x000190d0                memchr
 .text.memcmp   0x000190ec       0x1e c:/users/elizabeth/documents/sjsu_dev/toolchain/bin/../lib/gcc/arm-none-eabi/4.7.4/../../../../arm-none-eabi/lib/armv7-m\libc_s.a(lib_a-memcmp.o)
                0x000190ec                memcmp
 .text.memcpy   0x0001910a       0x12 c:/users/elizabeth/documents/sjsu_dev/toolchain/bin/../lib/gcc/arm-none-eabi/4.7.4/../../../../arm-none-eabi/lib/armv7-m\libc_s.a(lib_a-memcpy.o)
                0x0001910a                memcpy
 .text.memset   0x0001911c       0x10 c:/users/elizabeth/documents/sjsu_dev/toolchain/bin/../lib/gcc/arm-none-eabi/4.7.4/../../../../arm-none-eabi/lib/armv7-m\libc_s.a(lib_a-memset.o)
                0x0001911c                memset
 .text.validate_structure
                0x0001912c      0x190 c:/users/elizabeth/documents/sjsu_dev/toolchain/bin/../lib/gcc/arm-none-eabi/4.7.4/../../../../arm-none-eabi/lib/armv7-m\libc_s.a(lib_a-mktime.o)
 .text.mktime   0x000192bc      0x1f0 c:/users/elizabeth/documents/sjsu_dev/toolchain/bin/../lib/gcc/arm-none-eabi/4.7.4/../../../../arm-none-eabi/lib/armv7-m\libc_s.a(lib_a-mktime.o)
                0x000192bc                mktime
 .text.__tzcalc_limits
                0x000194ac      0x148 c:/users/elizabeth/documents/sjsu_dev/toolchain/bin/../lib/gcc/arm-none-eabi/4.7.4/../../../../arm-none-eabi/lib/armv7-m\libc_s.a(lib_a-mktm_r.o)
                0x000194ac                __tzcalc_limits
 .text.mallinfo
                0x000195f4       0x14 c:/users/elizabeth/documents/sjsu_dev/toolchain/bin/../lib/gcc/arm-none-eabi/4.7.4/../../../../arm-none-eabi/lib/armv7-m\libc_s.a(lib_a-mstats.o)
                0x000195f4                mallinfo
 .text.printf   0x00019608       0x30 c:/users/elizabeth/documents/sjsu_dev/toolchain/bin/../lib/gcc/arm-none-eabi/4.7.4/../../../../arm-none-eabi/lib/armv7-m\libc_s.a(lib_a-printf.o)
                0x00019608                iprintf
                0x00019608                printf
 .text.puts     0x00019638       0x3c c:/users/elizabeth/documents/sjsu_dev/toolchain/bin/../lib/gcc/arm-none-eabi/4.7.4/../../../../arm-none-eabi/lib/armv7-m\libc_s.a(lib_a-puts.o)
                0x00019638                puts
 .text.srand    0x00019674       0x58 c:/users/elizabeth/documents/sjsu_dev/toolchain/bin/../lib/gcc/arm-none-eabi/4.7.4/../../../../arm-none-eabi/lib/armv7-m\libc_s.a(lib_a-rand.o)
                0x00019674                srand
 .text.rand     0x000196cc       0x80 c:/users/elizabeth/documents/sjsu_dev/toolchain/bin/../lib/gcc/arm-none-eabi/4.7.4/../../../../arm-none-eabi/lib/armv7-m\libc_s.a(lib_a-rand.o)
                0x000196cc                rand
 .text._realloc_r
                0x0001974c       0x48 c:/users/elizabeth/documents/sjsu_dev/toolchain/bin/../lib/gcc/arm-none-eabi/4.7.4/../../../../arm-none-eabi/lib/armv7-m\libc_s.a(lib_a-reallocr.o)
                0x0001974c                _realloc_r
 .text.lflush   0x00019794       0x12 c:/users/elizabeth/documents/sjsu_dev/toolchain/bin/../lib/gcc/arm-none-eabi/4.7.4/../../../../arm-none-eabi/lib/armv7-m\libc_s.a(lib_a-refill.o)
 *fill*         0x000197a6        0x2 00
 .text.__srefill_r
                0x000197a8      0x100 c:/users/elizabeth/documents/sjsu_dev/toolchain/bin/../lib/gcc/arm-none-eabi/4.7.4/../../../../arm-none-eabi/lib/armv7-m\libc_s.a(lib_a-refill.o)
                0x000197a8                __srefill_r
 .text._sbrk_r  0x000198a8       0x20 c:/users/elizabeth/documents/sjsu_dev/toolchain/bin/../lib/gcc/arm-none-eabi/4.7.4/../../../../arm-none-eabi/lib/armv7-m\libc_s.a(lib_a-sbrkr.o)
                0x000198a8                _sbrk_r
 .text.scanf    0x000198c8       0x30 c:/users/elizabeth/documents/sjsu_dev/toolchain/bin/../lib/gcc/arm-none-eabi/4.7.4/../../../../arm-none-eabi/lib/armv7-m\libc_s.a(lib_a-scanf.o)
                0x000198c8                scanf
                0x000198c8                iscanf
 .text.setvbuf  0x000198f8      0x124 c:/users/elizabeth/documents/sjsu_dev/toolchain/bin/../lib/gcc/arm-none-eabi/4.7.4/../../../../arm-none-eabi/lib/armv7-m\libc_s.a(lib_a-setvbuf.o)
                0x000198f8                setvbuf
 .text._raise_r
                0x00019a1c       0x50 c:/users/elizabeth/documents/sjsu_dev/toolchain/bin/../lib/gcc/arm-none-eabi/4.7.4/../../../../arm-none-eabi/lib/armv7-m\libc_s.a(lib_a-signal.o)
                0x00019a1c                _raise_r
 .text.raise    0x00019a6c       0x10 c:/users/elizabeth/documents/sjsu_dev/toolchain/bin/../lib/gcc/arm-none-eabi/4.7.4/../../../../arm-none-eabi/lib/armv7-m\libc_s.a(lib_a-signal.o)
                0x00019a6c                raise
 .text._kill_r  0x00019a7c       0x24 c:/users/elizabeth/documents/sjsu_dev/toolchain/bin/../lib/gcc/arm-none-eabi/4.7.4/../../../../arm-none-eabi/lib/armv7-m\libc_s.a(lib_a-signalr.o)
                0x00019a7c                _kill_r
 .text._getpid_r
                0x00019aa0        0x4 c:/users/elizabeth/documents/sjsu_dev/toolchain/bin/../lib/gcc/arm-none-eabi/4.7.4/../../../../arm-none-eabi/lib/armv7-m\libc_s.a(lib_a-signalr.o)
                0x00019aa0                _getpid_r
 .text.sprintf  0x00019aa4       0x48 c:/users/elizabeth/documents/sjsu_dev/toolchain/bin/../lib/gcc/arm-none-eabi/4.7.4/../../../../arm-none-eabi/lib/armv7-m\libc_s.a(lib_a-sprintf.o)
                0x00019aa4                siprintf
                0x00019aa4                sprintf
 .text.__sread  0x00019aec       0x22 c:/users/elizabeth/documents/sjsu_dev/toolchain/bin/../lib/gcc/arm-none-eabi/4.7.4/../../../../arm-none-eabi/lib/armv7-m\libc_s.a(lib_a-stdio.o)
                0x00019aec                __sread
 .text.__swrite
                0x00019b0e       0x3c c:/users/elizabeth/documents/sjsu_dev/toolchain/bin/../lib/gcc/arm-none-eabi/4.7.4/../../../../arm-none-eabi/lib/armv7-m\libc_s.a(lib_a-stdio.o)
                0x00019b0e                __swrite
 .text.__sseek  0x00019b4a       0x24 c:/users/elizabeth/documents/sjsu_dev/toolchain/bin/../lib/gcc/arm-none-eabi/4.7.4/../../../../arm-none-eabi/lib/armv7-m\libc_s.a(lib_a-stdio.o)
                0x00019b4a                __sseek
 .text.__sclose
                0x00019b6e        0x8 c:/users/elizabeth/documents/sjsu_dev/toolchain/bin/../lib/gcc/arm-none-eabi/4.7.4/../../../../arm-none-eabi/lib/armv7-m\libc_s.a(lib_a-stdio.o)
                0x00019b6e                __sclose
 .text.strcmp   0x00019b76       0x16 c:/users/elizabeth/documents/sjsu_dev/toolchain/bin/../lib/gcc/arm-none-eabi/4.7.4/../../../../arm-none-eabi/lib/armv7-m\libc_s.a(lib_a-strcmp.o)
                0x00019b76                strcmp
 .text.strlen   0x00019b8c       0x10 c:/users/elizabeth/documents/sjsu_dev/toolchain/bin/../lib/gcc/arm-none-eabi/4.7.4/../../../../arm-none-eabi/lib/armv7-m\libc_s.a(lib_a-strlen.o)
                0x00019b8c                strlen
 .text.strncmp  0x00019b9c       0x2e c:/users/elizabeth/documents/sjsu_dev/toolchain/bin/../lib/gcc/arm-none-eabi/4.7.4/../../../../arm-none-eabi/lib/armv7-m\libc_s.a(lib_a-strncmp.o)
                0x00019b9c                strncmp
 .text.strncpy  0x00019bca       0x2a c:/users/elizabeth/documents/sjsu_dev/toolchain/bin/../lib/gcc/arm-none-eabi/4.7.4/../../../../arm-none-eabi/lib/armv7-m\libc_s.a(lib_a-strncpy.o)
                0x00019bca                strncpy
 .text.match    0x00019bf4       0x2a c:/users/elizabeth/documents/sjsu_dev/toolchain/bin/../lib/gcc/arm-none-eabi/4.7.4/../../../../arm-none-eabi/lib/armv7-m\libc_s.a(lib_a-strtod.o)
 *fill*         0x00019c1e        0x2 00
 .text._strtod_r
                0x00019c20      0xb20 c:/users/elizabeth/documents/sjsu_dev/toolchain/bin/../lib/gcc/arm-none-eabi/4.7.4/../../../../arm-none-eabi/lib/armv7-m\libc_s.a(lib_a-strtod.o)
                0x00019c20                _strtod_r
 .text._strtol_r
                0x0001a740      0x10c c:/users/elizabeth/documents/sjsu_dev/toolchain/bin/../lib/gcc/arm-none-eabi/4.7.4/../../../../arm-none-eabi/lib/armv7-m\libc_s.a(lib_a-strtol.o)
                0x0001a740                _strtol_r
 .text.strtol   0x0001a84c       0x1c c:/users/elizabeth/documents/sjsu_dev/toolchain/bin/../lib/gcc/arm-none-eabi/4.7.4/../../../../arm-none-eabi/lib/armv7-m\libc_s.a(lib_a-strtol.o)
                0x0001a84c                strtol
 .text.__ssputc_r
                0x0001a868       0xae c:/users/elizabeth/documents/sjsu_dev/toolchain/bin/../lib/gcc/arm-none-eabi/4.7.4/../../../../arm-none-eabi/lib/armv7-m\libc_s.a(lib_a-svfprintf.o)
                0x0001a868                __ssputc_r
 *fill*         0x0001a916        0x2 00
 .text._svfprintf_r
                0x0001a918      0x1f4 c:/users/elizabeth/documents/sjsu_dev/toolchain/bin/../lib/gcc/arm-none-eabi/4.7.4/../../../../arm-none-eabi/lib/armv7-m\libc_s.a(lib_a-svfprintf.o)
                0x0001a918                _svfiprintf_r
                0x0001a918                _svfprintf_r
 .text.write    0x0001ab0c       0x1c c:/users/elizabeth/documents/sjsu_dev/toolchain/bin/../lib/gcc/arm-none-eabi/4.7.4/../../../../arm-none-eabi/lib/armv7-m\libc_s.a(lib_a-syswrite.o)
                0x0001ab0c                write
 .text.time     0x0001ab28       0x28 c:/users/elizabeth/documents/sjsu_dev/toolchain/bin/../lib/gcc/arm-none-eabi/4.7.4/../../../../arm-none-eabi/lib/armv7-m\libc_s.a(lib_a-time.o)
                0x0001ab28                time
 .text.__submore
                0x0001ab50       0x76 c:/users/elizabeth/documents/sjsu_dev/toolchain/bin/../lib/gcc/arm-none-eabi/4.7.4/../../../../arm-none-eabi/lib/armv7-m\libc_s.a(lib_a-ungetc.o)
                0x0001ab50                __submore
 *fill*         0x0001abc6        0x2 00
 .text._ungetc_r
                0x0001abc8       0xec c:/users/elizabeth/documents/sjsu_dev/toolchain/bin/../lib/gcc/arm-none-eabi/4.7.4/../../../../arm-none-eabi/lib/armv7-m\libc_s.a(lib_a-ungetc.o)
                0x0001abc8                _ungetc_r
 .text.__sfputc_r
                0x0001acb4       0x2c c:/users/elizabeth/documents/sjsu_dev/toolchain/bin/../lib/gcc/arm-none-eabi/4.7.4/../../../../arm-none-eabi/lib/armv7-m\libc_s.a(lib_a-vfprintf.o)
                0x0001acb4                __sfputc_r
 .text._vfprintf_r
                0x0001ace0      0x22c c:/users/elizabeth/documents/sjsu_dev/toolchain/bin/../lib/gcc/arm-none-eabi/4.7.4/../../../../arm-none-eabi/lib/armv7-m\libc_s.a(lib_a-vfprintf.o)
                0x0001ace0                _vfprintf_r
                0x0001ace0                _vfiprintf_r
 .text.__cvt    0x0001af0c       0xd2 c:/users/elizabeth/documents/sjsu_dev/toolchain/bin/../lib/gcc/arm-none-eabi/4.7.4/../../../../arm-none-eabi/lib/armv7-m\libc_s.a(lib_a-vfprintf_float.o)
                0x0001af0c                __cvt
 .text.__exponent
                0x0001afde       0x5e c:/users/elizabeth/documents/sjsu_dev/toolchain/bin/../lib/gcc/arm-none-eabi/4.7.4/../../../../arm-none-eabi/lib/armv7-m\libc_s.a(lib_a-vfprintf_float.o)
                0x0001afde                __exponent
 .text._printf_float
                0x0001b03c      0x4a4 c:/users/elizabeth/documents/sjsu_dev/toolchain/bin/../lib/gcc/arm-none-eabi/4.7.4/../../../../arm-none-eabi/lib/armv7-m\libc_s.a(lib_a-vfprintf_float.o)
                0x0001b03c                _printf_float
 .text._printf_common
                0x0001b4e0       0xde c:/users/elizabeth/documents/sjsu_dev/toolchain/bin/../lib/gcc/arm-none-eabi/4.7.4/../../../../arm-none-eabi/lib/armv7-m\libc_s.a(lib_a-vfprintf_i.o)
                0x0001b4e0                _printf_common
 *fill*         0x0001b5be        0x2 00
 .text._printf_i
                0x0001b5c0      0x248 c:/users/elizabeth/documents/sjsu_dev/toolchain/bin/../lib/gcc/arm-none-eabi/4.7.4/../../../../arm-none-eabi/lib/armv7-m\libc_s.a(lib_a-vfprintf_i.o)
                0x0001b5c0                _printf_i
 .text.__svfscanf_r
                0x0001b808      0x2d0 c:/users/elizabeth/documents/sjsu_dev/toolchain/bin/../lib/gcc/arm-none-eabi/4.7.4/../../../../arm-none-eabi/lib/armv7-m\libc_s.a(lib_a-vfscanf.o)
                0x0001b808                __svfscanf_r
                0x0001b808                __svfiscanf_r
 .text._scanf_float
                0x0001bad8      0x3b8 c:/users/elizabeth/documents/sjsu_dev/toolchain/bin/../lib/gcc/arm-none-eabi/4.7.4/../../../../arm-none-eabi/lib/armv7-m\libc_s.a(lib_a-vfscanf_float.o)
                0x0001bad8                _scanf_float
 .text._scanf_chars
                0x0001be90       0xcc c:/users/elizabeth/documents/sjsu_dev/toolchain/bin/../lib/gcc/arm-none-eabi/4.7.4/../../../../arm-none-eabi/lib/armv7-m\libc_s.a(lib_a-vfscanf_i.o)
                0x0001be90                _scanf_chars
 .text._scanf_i
                0x0001bf5c      0x1e4 c:/users/elizabeth/documents/sjsu_dev/toolchain/bin/../lib/gcc/arm-none-eabi/4.7.4/../../../../arm-none-eabi/lib/armv7-m\libc_s.a(lib_a-vfscanf_i.o)
                0x0001bf5c                _scanf_i
 .text._vsnprintf_r
                0x0001c140       0x54 c:/users/elizabeth/documents/sjsu_dev/toolchain/bin/../lib/gcc/arm-none-eabi/4.7.4/../../../../arm-none-eabi/lib/armv7-m\libc_s.a(lib_a-vsnprintf.o)
                0x0001c140                _vsniprintf_r
                0x0001c140                _vsnprintf_r
 .text.vsnprintf
                0x0001c194       0x20 c:/users/elizabeth/documents/sjsu_dev/toolchain/bin/../lib/gcc/arm-none-eabi/4.7.4/../../../../arm-none-eabi/lib/armv7-m\libc_s.a(lib_a-vsnprintf.o)
                0x0001c194                vsniprintf
                0x0001c194                vsnprintf
 .text.__swbuf_r
                0x0001c1b4       0xb4 c:/users/elizabeth/documents/sjsu_dev/toolchain/bin/../lib/gcc/arm-none-eabi/4.7.4/../../../../arm-none-eabi/lib/armv7-m\libc_s.a(lib_a-wbuf.o)
                0x0001c1b4                __swbuf_r
 .text._write_r
                0x0001c268       0x24 c:/users/elizabeth/documents/sjsu_dev/toolchain/bin/../lib/gcc/arm-none-eabi/4.7.4/../../../../arm-none-eabi/lib/armv7-m\libc_s.a(lib_a-writer.o)
                0x0001c268                _write_r
 .text.__swsetup_r
                0x0001c28c       0xec c:/users/elizabeth/documents/sjsu_dev/toolchain/bin/../lib/gcc/arm-none-eabi/4.7.4/../../../../arm-none-eabi/lib/armv7-m\libc_s.a(lib_a-wsetup.o)
                0x0001c28c                __swsetup_r
 .text._close_r