Archive member included because of file (symbol)

c:/users/elizabeth/documents/sjsu_dev/toolchain/bin/../lib/gcc/arm-none-eabi/4.7.4/../../../../arm-none-eabi/lib/armv7-m\libstdc++_s.a(si_class_type_info.o)
                              ./L5_Application/source/remote.o (vtable for __cxxabiv1::__si_class_type_info)
c:/users/elizabeth/documents/sjsu_dev/toolchain/bin/../lib/gcc/arm-none-eabi/4.7.4/../../../../arm-none-eabi/lib/armv7-m\libstdc++_s.a(pure.o)
                              ./L5_Application/source/remote.o (__cxa_pure_virtual)
c:/users/elizabeth/documents/sjsu_dev/toolchain/bin/../lib/gcc/arm-none-eabi/4.7.4/../../../../arm-none-eabi/lib/armv7-m\libstdc++_s.a(guard.o)
                              ./L5_Application/source/cmd_handlers/handlers.o (__cxa_guard_acquire)
c:/users/elizabeth/documents/sjsu_dev/toolchain/bin/../lib/gcc/arm-none-eabi/4.7.4/../../../../arm-none-eabi/lib/armv7-m\libstdc++_s.a(class_type_info.o)
                              c:/users/elizabeth/documents/sjsu_dev/toolchain/bin/../lib/gcc/arm-none-eabi/4.7.4/../../../../arm-none-eabi/lib/armv7-m\libstdc++_s.a(si_class_type_info.o) (__cxxabiv1::__class_type_info::__do_upcast(__cxxabiv1::__class_type_info const*, void**) const)
c:/users/elizabeth/documents/sjsu_dev/toolchain/bin/../lib/gcc/arm-none-eabi/4.7.4/../../../../arm-none-eabi/lib/armv7-m\libstdc++_s.a(vmi_class_type_info.o)
                              ./L3_Utils/src/file_logger.o (vtable for __cxxabiv1::__vmi_class_type_info)
c:/users/elizabeth/documents/sjsu_dev/toolchain/bin/../lib/gcc/arm-none-eabi/4.7.4/../../../../arm-none-eabi/lib/armv7-m\libstdc++_s.a(eh_terminate.o)
                              c:/users/elizabeth/documents/sjsu_dev/toolchain/bin/../lib/gcc/arm-none-eabi/4.7.4/../../../../arm-none-eabi/lib/armv7-m\libstdc++_s.a(pure.o) (std::terminate())
c:/users/elizabeth/documents/sjsu_dev/toolchain/bin/../lib/gcc/arm-none-eabi/4.7.4/../../../../arm-none-eabi/lib/armv7-m\libstdc++_s.a(tinfo.o)
                              c:/users/elizabeth/documents/sjsu_dev/toolchain/bin/../lib/gcc/arm-none-eabi/4.7.4/../../../../arm-none-eabi/lib/armv7-m\libstdc++_s.a(class_type_info.o) (std::type_info::~type_info())
c:/users/elizabeth/documents/sjsu_dev/toolchain/bin/../lib/gcc/arm-none-eabi/4.7.4/../../../../arm-none-eabi/lib/armv7-m\libstdc++_s.a(eh_unex_handler.o)
                              c:/users/elizabeth/documents/sjsu_dev/toolchain/bin/../lib/gcc/arm-none-eabi/4.7.4/../../../../arm-none-eabi/lib/armv7-m\libstdc++_s.a(eh_terminate.o) (__cxxabiv1::__unexpected_handler)
c:/users/elizabeth/documents/sjsu_dev/toolchain/bin/../lib/gcc/arm-none-eabi/4.7.4/../../../../arm-none-eabi/lib/armv7-m\libstdc++_s.a(eh_term_handler.o)
                              c:/users/elizabeth/documents/sjsu_dev/toolchain/bin/../lib/gcc/arm-none-eabi/4.7.4/../../../../arm-none-eabi/lib/armv7-m\libstdc++_s.a(eh_terminate.o) (__cxxabiv1::__terminate_handler)
c:/users/elizabeth/documents/sjsu_dev/toolchain/bin/../lib/gcc/arm-none-eabi/4.7.4/armv7-m\libgcc.a(_ashldi3.o)
                              ./L2_Drivers/src/eint.o (__aeabi_llsl)
c:/users/elizabeth/documents/sjsu_dev/toolchain/bin/../lib/gcc/arm-none-eabi/4.7.4/armv7-m\libgcc.a(_arm_addsubdf3.o)
                              ./L2_Drivers/base/uart_dev.o (__aeabi_dadd)
c:/users/elizabeth/documents/sjsu_dev/toolchain/bin/../lib/gcc/arm-none-eabi/4.7.4/armv7-m\libgcc.a(_arm_fixunsdfsi.o)
                              ./L2_Drivers/base/uart_dev.o (__aeabi_d2uiz)
c:/users/elizabeth/documents/sjsu_dev/toolchain/bin/../lib/gcc/arm-none-eabi/4.7.4/armv7-m\libgcc.a(_arm_truncdfsf2.o)
                              ./L3_Utils/src/str.o (__aeabi_d2f)
c:/users/elizabeth/documents/sjsu_dev/toolchain/bin/../lib/gcc/arm-none-eabi/4.7.4/armv7-m\libgcc.a(_arm_addsubsf3.o)
                              ./L5_Application/source/cmd_handlers/handlers.o (__aeabi_fsub)
c:/users/elizabeth/documents/sjsu_dev/toolchain/bin/../lib/gcc/arm-none-eabi/4.7.4/armv7-m\libgcc.a(_arm_muldivsf3.o)
                              ./L5_Application/source/cmd_handlers/handlers.o (__aeabi_fmul)
c:/users/elizabeth/documents/sjsu_dev/toolchain/bin/../lib/gcc/arm-none-eabi/4.7.4/armv7-m\libgcc.a(_arm_cmpsf2.o)
                              ./L3_Utils/src/str.o (__aeabi_fcmplt)
c:/users/elizabeth/documents/sjsu_dev/toolchain/bin/../lib/gcc/arm-none-eabi/4.7.4/armv7-m\libgcc.a(_arm_fixsfsi.o)
                              ./L5_Application/source/cmd_handlers/handlers.o (__aeabi_f2iz)
c:/users/elizabeth/documents/sjsu_dev/toolchain/bin/../lib/gcc/arm-none-eabi/4.7.4/armv7-m\libgcc.a(_arm_fixunssfsi.o)
                              ./L2_Drivers/src/lpc_pwm.o (__aeabi_f2uiz)
c:/users/elizabeth/documents/sjsu_dev/toolchain/bin/../lib/gcc/arm-none-eabi/4.7.4/armv7-m\libgcc.a(_aeabi_uldivmod.o)
                              ./L5_Application/source/cmd_handlers/handlers.o (__aeabi_uldivmod)
[...]
Memory Configuration

Name             Origin             Length             Attributes
MFlash512        0x00010000         0x00070000         xr
RamLoc32         0x10000000         0x00008000         xrw
RamAHB32         0x2007c000         0x00008000         xrw
*default*        0x00000000         0xffffffff

Linker script and memory map

LOAD ./newlib/malloc_lock.o
LOAD ./newlib/memory.o
LOAD ./newlib/newlib_syscalls.o
LOAD ./newlib/newlib_time.o
LOAD ./newlib/printf_lib.o
LOAD ./L5_Application/source/cmd_handlers/handlers.o
LOAD ./L5_Application/source/cmd_handlers/prog_handlers.o
LOAD ./L5_Application/source/cmd_handlers/wireless_handlers.o
LOAD ./L5_Application/source/high_level_init.o
LOAD ./L5_Application/source/remote.o
LOAD ./L5_Application/source/terminal.o
LOAD ./L5_Application/examples/examples.o
LOAD ./L5_Application/examples/rn_xv_task.o
LOAD ./L5_Application/main.o
LOAD ./L4_IO/wireless/src/mesh.o
LOAD ./L4_IO/wireless/src/nrf24L01Plus.o
LOAD ./L4_IO/wireless/src/wireless.o
LOAD ./L4_IO/src/gpio.o
LOAD ./L4_IO/src/io_source.o
LOAD ./L4_IO/src/storage.o
LOAD ./L4_IO/fat/option/ccsbcs.o
LOAD ./L4_IO/fat/option/reentrant.o
LOAD ./L4_IO/fat/disk/diskio.o
LOAD ./L4_IO/fat/disk/sd.o
LOAD ./L4_IO/fat/disk/spi_flash.o
LOAD ./L4_IO/fat/fatfs_time.o
LOAD ./L4_IO/fat/ff.o
LOAD ./L3_Utils/tlm/src/c_tlm_binary.o
LOAD ./L3_Utils/tlm/src/c_tlm_comp.o
LOAD ./L3_Utils/tlm/src/c_tlm_stream.o
LOAD ./L3_Utils/tlm/src/c_tlm_var.o
LOAD ./L3_Utils/src/c_list.o
LOAD ./L3_Utils/src/command_handler.o
LOAD ./L3_Utils/src/file_logger.o
LOAD ./L3_Utils/src/freertos_timer.o
LOAD ./L3_Utils/src/logger.o
LOAD ./L3_Utils/src/rtc_alarm.o
LOAD ./L3_Utils/src/scheduler_task.o
LOAD ./L3_Utils/src/str.o
LOAD ./L3_Utils/src/utilities.o
LOAD ./L2_Drivers/src/can.o
LOAD ./L2_Drivers/src/eint.o
LOAD ./L2_Drivers/src/i2c2.o
LOAD ./L2_Drivers/src/lpc_pwm.o
LOAD ./L2_Drivers/src/nrf_stream.o
LOAD ./L2_Drivers/src/rtc.o
LOAD ./L2_Drivers/src/spi_dma.o
LOAD ./L2_Drivers/src/spi_sem.o
LOAD ./L2_Drivers/src/ssp1.o
LOAD ./L2_Drivers/src/uart0.o
LOAD ./L2_Drivers/src/uart2.o
LOAD ./L2_Drivers/src/uart3.o
LOAD ./L2_Drivers/base/char_dev.o
LOAD ./L2_Drivers/base/i2c_base.o
LOAD ./L2_Drivers/base/uart_dev.o
LOAD ./L1_FreeRTOS/src/croutine.o
LOAD ./L1_FreeRTOS/src/list.o
LOAD ./L1_FreeRTOS/src/queue.o
LOAD ./L1_FreeRTOS/src/tasks.o
LOAD ./L1_FreeRTOS/src/timers.o
LOAD ./L1_FreeRTOS/portable/port.o
LOAD ./L1_FreeRTOS/portable/run_time_stats.o
LOAD ./L1_FreeRTOS/hooks/hooks.o
LOAD ./L1_FreeRTOS/MemMang/heap_1.o
LOAD ./L1_FreeRTOS/MemMang/heap_2.o
LOAD ./L1_FreeRTOS/MemMang/heap_3.o
LOAD ./L1_FreeRTOS/MemMang/heap_4.o
LOAD ./L0_LowLevel/source/core_cm3.o
LOAD ./L0_LowLevel/source/low_level_init.o
LOAD ./L0_LowLevel/source/lpc_peripherals.o
LOAD ./L0_LowLevel/source/lpc_sys.o
LOAD ./L0_LowLevel/source/startup.o
LOAD ./L0_LowLevel/source/sys_clock.o
LOAD ./L0_LowLevel/source/uart0_min.o
LOAD c:/users/elizabeth/documents/sjsu_dev/toolchain/bin/../lib/gcc/arm-none-eabi/4.7.4/../../../../arm-none-eabi/lib/armv7-m\libstdc++_s.a
LOAD c:/users/elizabeth/documents/sjsu_dev/toolchain/bin/../lib/gcc/arm-none-eabi/4.7.4/../../../../arm-none-eabi/lib/armv7-m\libm.a
START GROUP
LOAD c:/users/elizabeth/documents/sjsu_dev/toolchain/bin/../lib/gcc/arm-none-eabi/4.7.4/armv7-m\libgcc.a
LOAD c:/users/elizabeth/documents/sjsu_dev/toolchain/bin/../lib/gcc/arm-none-eabi/4.7.4/../../../../arm-none-eabi/lib/armv7-m\libc_s.a
END GROUP
                0x20084000                __top_RamAHB32 = 0x20084000

.text           0x00010000    0x155c0
 FILL mask 0xff
 *(.isr_vector)
 .isr_vector    0x00010000       0xcc ./L0_LowLevel/source/startup.o
                0x00010000                g_pfnVectors
                0x000100cc                . = ALIGN (0x4)
                0x000100cc                __section_table_start = .
                0x000100cc                __data_section_table = .
                0x000100cc        0x4 LONG 0x255c8 LOADADDR (.data)
                0x000100d0        0x4 LONG 0x2007c000 ADDR (.data)
                0x000100d4        0x4 LONG 0x120 SIZEOF (.data)
                0x000100d8                __data_section_table_end = .
                0x000100d8                __bss_section_table = .
                0x000100d8        0x4 LONG 0x2007c120 ADDR (.bss)
                0x000100dc        0x4 LONG 0x4c8 SIZEOF (.bss)
                0x000100e0                __bss_section_table_end = .
                0x000100e0                __section_table_end = .
 *(.after_vectors*)
 .after_vectors
                0x000100e0      0x128 ./L0_LowLevel/source/startup.o
                0x000100e0                HardFault_Handler
                0x000100fc                I2C0_IRQHandler
                0x000100fc                MCPWM_IRQHandler
                0x000100fc                TIMER2_IRQHandler
                0x000100fc                DMA_IRQHandler
                0x000100fc                USBActivity_IRQHandler
                0x000100fc                PWM1_IRQHandler
                0x000100fc                EINT0_IRQHandler
                0x000100fc                QEI_IRQHandler
                0x000100fc                I2C1_IRQHandler
                0x000100fc                EINT2_IRQHandler
                0x000100fc                UART1_IRQHandler
                0x000100fc                CANActivity_IRQHandler
                0x000100fc                TIMER3_IRQHandler
                0x000100fc                WDT_IRQHandler
                0x000100fc                IntDefaultHandler
                0x000100fc                PLL0_IRQHandler
                0x000100fc                PLL1_IRQHandler
                0x000100fc                SSP0_IRQHandler
                0x000100fc                I2S_IRQHandler
                0x000100fc                TIMER0_IRQHandler
                0x000100fc                SPI_IRQHandler
                0x000100fc                EINT1_IRQHandler
                0x000100fc                ADC_IRQHandler
                0x000100fc                SSP1_IRQHandler
                0x000100fc                BOD_IRQHandler
                0x000100fc                USB_IRQHandler
                0x000100fc                ENET_IRQHandler
                0x0001010c                DebugMon_Handler
                0x0001011c                UsageFault_Handler
                0x0001012c                BusFault_Handler
                0x0001013c                MemManage_Handler
                0x0001014c                NMI_Handler
                0x0001015c                data_init(unsigned int, unsigned int, unsigned int)
                0x0001016e                bss_init(unsigned int, unsigned int)
                0x0001017e                ResetISR
                0x000101d8                SVC_Handler
                0x000101e8                PendSV_Handler
                0x000101f8                SysTick_Handler
 *(.text*)
 .text._sbrk    0x00010208       0x50 ./newlib/memory.o
                0x00010208                _sbrk
 .text._Znwj    0x00010258        0x4 ./newlib/memory.o
                0x00010258                operator new(unsigned int)
 .text._Znaj    0x0001025c        0x4 ./newlib/memory.o
                0x0001025c                operator new[](unsigned int)
 .text._ZdlPv   0x00010260        0x4 ./newlib/memory.o
                0x00010260                operator delete(void*)
 .text._ZdaPv   0x00010264        0x4 ./newlib/memory.o
                0x00010264                operator delete[](void*)
 .text.sys_get_mem_info
                0x00010268       0x94 ./newlib/memory.o
                0x00010268                sys_get_mem_info
 .text._ZN9__gnu_cxx27__verbose_terminate_handlerEv
                0x000102fc        0x2 ./newlib/memory.o
                0x000102fc                __gnu_cxx::__verbose_terminate_handler()
 *fill*         0x000102fe        0x2 00
 .text.sys_set_outchar_func
                0x00010300        0xc ./newlib/newlib_syscalls.o
                0x00010300                sys_set_outchar_func
 .text.sys_set_inchar_func
                0x0001030c        0xc ./newlib/newlib_syscalls.o
                0x0001030c                sys_set_inchar_func
 .text._kill    0x00010318       0x10 ./newlib/newlib_syscalls.o
                0x00010318                _kill
 .text._exit    0x00010328       0x10 ./newlib/newlib_syscalls.o
                0x00010328                _exit
 .text._getpid  0x00010338        0x4 ./newlib/newlib_syscalls.o
                0x00010338                _getpid
 .text._init    0x0001033c        0x4 ./newlib/newlib_syscalls.o
                0x0001033c                _init
 .text._write   0x00010340       0x28 ./newlib/newlib_syscalls.o
                0x00010340                _write
 .text._read    0x00010368       0x2c ./newlib/newlib_syscalls.o
                0x00010368                _read
 .text.syscalls_init
                0x00010394        0x2 ./newlib/newlib_syscalls.o
                0x00010394                syscalls_init
 .text._fstat   0x00010396        0x4 ./newlib/newlib_syscalls.o
                0x00010396                _fstat
 *fill*         0x0001039a        0x2 00
 .text._isatty  0x0001039c       0x24 ./newlib/newlib_syscalls.o
                0x0001039c                _isatty
 .text._lseek   0x000103c0        0x4 ./newlib/newlib_syscalls.o
                0x000103c0                _lseek
 .text._close   0x000103c4        0x4 ./newlib/newlib_syscalls.o
                0x000103c4                _close
 .text._gettimeofday
                0x000103c8       0x80 ./newlib/newlib_time.o
                0x000103c8                _gettimeofday
 .text.u0_dbg_put
                0x00010448       0x20 ./newlib/printf_lib.o
                0x00010448                u0_dbg_put
 .text.u0_dbg_printf
                0x00010468       0x3a ./newlib/printf_lib.o
                0x00010468                u0_dbg_printf
 *fill*         0x000104a2        0x2 00
 .text._ZN7Storage13getFlashDriveEv
                0x000104a4       0x48 ./L5_Application/source/cmd_handlers/handlers.o
                0x000104a4                Storage::getFlashDrive()
 .text._ZN7Storage10getSDDriveEv
                0x000104ec       0x4c ./L5_Application/source/cmd_handlers/handlers.o
                0x000104ec                Storage::getSDDrive()
 .text._Z15taskListHandlerR3strR7CharDevPv
                0x00010538       0xc8 ./L5_Application/source/cmd_handlers/handlers.o
                0x00010538                taskListHandler(str&, CharDev&, void*)
 .text._Z14memInfoHandlerR3strR7CharDevPv
                0x00010600       0x2a ./L5_Application/source/cmd_handlers/handlers.o
                0x00010600                memInfoHandler(str&, CharDev&, void*)
 *fill*         0x0001062a        0x2 00
 .text._Z11timeHandlerR3strR7CharDevPv
                0x0001062c       0xc4 ./L5_Application/source/cmd_handlers/handlers.o
                0x0001062c                timeHandler(str&, CharDev&, void*)
 .text._Z9cpHandlerR3strR7CharDevPv
                0x000106f0       0x80 ./L5_Application/source/cmd_handlers/handlers.o
                0x000106f0                cpHandler(str&, CharDev&, void*)
 .text._Z10catHandlerR3strR7CharDevPv
                0x00010770       0xe0 ./L5_Application/source/cmd_handlers/handlers.o
                0x00010770                catHandler(str&, CharDev&, void*)
 .text._Z9lsHandlerR3strR7CharDevPv
                0x00010850      0x1a8 ./L5_Application/source/cmd_handlers/handlers.o
                0x00010850                lsHandler(str&, CharDev&, void*)
 .text._Z12mkdirHandlerR3strR7CharDevPv
                0x000109f8       0x3c ./L5_Application/source/cmd_handlers/handlers.o
                0x000109f8                mkdirHandler(str&, CharDev&, void*)
 .text._Z9rmHandlerR3strR7CharDevPv
                0x00010a34       0x3c ./L5_Application/source/cmd_handlers/handlers.o
                0x00010a34                rmHandler(str&, CharDev&, void*)
 .text._Z9mvHandlerR3strR7CharDevPv
                0x00010a70       0x5c ./L5_Application/source/cmd_handlers/handlers.o
                0x00010a70                mvHandler(str&, CharDev&, void*)
 .text._Z14newFileHandlerR3strR7CharDevPv
                0x00010acc       0xac ./L5_Application/source/cmd_handlers/handlers.o
                0x00010acc                newFileHandler(str&, CharDev&, void*)
 .text._Z10dcpHandlerR3strR7CharDevPv
                0x00010b78      0x138 ./L5_Application/source/cmd_handlers/handlers.o
                0x00010b78                dcpHandler(str&, CharDev&, void*)
 .text._Z14storageHandlerR3strR7CharDevPv
                0x00010cb0       0xb4 ./L5_Application/source/cmd_handlers/handlers.o
                0x00010cb0                storageHandler(str&, CharDev&, void*)
 .text._Z14learnIrHandlerR3strR7CharDevPv
                0x00010d64       0x34 ./L5_Application/source/cmd_handlers/handlers.o
                0x00010d64                learnIrHandler(str&, CharDev&, void*)
 .text._ZN17SingletonTemplateI4I2C2E11getInstanceEv
                0x00010d98       0x20 ./L5_Application/source/cmd_handlers/handlers.o
                0x00010d98                SingletonTemplate<I2C2>::getInstance()
 .text._Z12i2cIoHandlerR3strR7CharDevPv
                0x00010db8      0x114 ./L5_Application/source/cmd_handlers/handlers.o
                0x00010db8                i2cIoHandler(str&, CharDev&, void*)
 .text._Z13healthHandlerR3strR7CharDevPv
                0x00010ecc      0x1a0 ./L5_Application/source/cmd_handlers/handlers.o
                0x00010ecc                healthHandler(str&, CharDev&, void*)
 .text._ZN17SingletonTemplateI10FileLoggerE11getInstanceEv
                0x0001106c       0x20 ./L5_Application/source/cmd_handlers/handlers.o
                0x0001106c                SingletonTemplate<FileLogger>::getInstance()
 .text._Z13rebootHandlerR3strR7CharDevPv
                0x0001108c       0x34 ./L5_Application/source/cmd_handlers/handlers.o
                0x0001108c                rebootHandler(str&, CharDev&, void*)
 .text._Z10logHandlerR3strR7CharDevPv
                0x000110c0       0x68 ./L5_Application/source/cmd_handlers/handlers.o
                0x000110c0                logHandler(str&, CharDev&, void*)
 .text._Z16flashProgHandlerR3strR7CharDevPv
                0x00011128       0x9c ./L5_Application/source/cmd_handlers/prog_handlers.o
                0x00011128                flashProgHandler(str&, CharDev&, void*)
 .text._Z14getFileHandlerR3strR7CharDevPv
                0x000111c4      0x134 ./L5_Application/source/cmd_handlers/prog_handlers.o
                0x000111c4                getFileHandler(str&, CharDev&, void*)
 .text._ZL25wirelessHandlerPrintStatsR7CharDevP12mesh_stats_th
                0x000112f8       0x3c ./L5_Application/source/cmd_handlers/wireless_handlers.o
 .text._ZL14wsStatsHandlerR3strR7CharDevPv
                0x00011334       0x1e ./L5_Application/source/cmd_handlers/wireless_handlers.o
 *fill*         0x00011352        0x2 00
 .text._ZL11wsTxHandlerR3strR7CharDevPv
                0x00011354      0x10c ./L5_Application/source/cmd_handlers/wireless_handlers.o
 .text._ZL13wsAddrHandlerR3strR7CharDevPv
                0x00011460       0x34 ./L5_Application/source/cmd_handlers/wireless_handlers.o
 .text._ZL11wsRxHandlerR3strR7CharDevPv
                0x00011494       0x80 ./L5_Application/source/cmd_handlers/wireless_handlers.o
 .text._Z12wsRteHandlerR3strR7CharDevPv
                0x00011514       0x74 ./L5_Application/source/cmd_handlers/wireless_handlers.o
                0x00011514                wsRteHandler(str&, CharDev&, void*)
 .text._ZN17SingletonTemplateI12NordicStreamE11getInstanceEv
                0x00011588       0x20 ./L5_Application/source/cmd_handlers/wireless_handlers.o
                0x00011588                SingletonTemplate<NordicStream>::getInstance()
 .text._ZL15wsFileTxHandlerR3strR7CharDevPv
                0x000115a8      0x21c ./L5_Application/source/cmd_handlers/wireless_handlers.o
 .text._ZL15wsStreamHandlerR3strR7CharDevPv
                0x000117c4      0x11c ./L5_Application/source/cmd_handlers/wireless_handlers.o
 .text._ZN6VECTORIN16CommandProcessor16CmdProcessorTypeEE14changeCapacityEj
                0x000118e0       0x42 ./L5_Application/source/cmd_handlers/wireless_handlers.o
                0x000118e0                VECTOR<CommandProcessor::CmdProcessorType>::changeCapacity(unsigned int)
 *fill*         0x00011922        0x2 00
 .text._Z15wirelessHandlerR3strR7CharDevPv
                0x00011924      0x130 ./L5_Application/source/cmd_handlers/wireless_handlers.o
                0x00011924                wirelessHandler(str&, CharDev&, void*)
 .text.ssp_set_max_clock
                0x00011a54       0x2c ./L5_Application/source/high_level_init.o
 .text._ZL13hl_print_linev
                0x00011a80        0xc ./L5_Application/source/high_level_init.o
 .text._ZL16hl_mount_storageR16FileSystemObjectPKc
                0x00011a8c       0x94 ./L5_Application/source/high_level_init.o
 .text._ZL19hl_periodic_servicev
                0x00011b20       0x74 ./L5_Application/source/high_level_init.o
 .text.vApplicationTickHook
                0x00011b94        0x4 ./L5_Application/source/high_level_init.o
                0x00011b94                vApplicationTickHook
 .text.sys_get_uptime_ms
                0x00011b98       0x10 ./L5_Application/source/high_level_init.o
                0x00011b98                sys_get_uptime_ms
 .text._ZN17SingletonTemplateI11LED_DisplayE11getInstanceEv
                0x00011ba8       0x28 ./L5_Application/source/high_level_init.o
                0x00011ba8                SingletonTemplate<LED_Display>::getInstance()
 .text._ZN17SingletonTemplateI3LEDE11getInstanceEv
                0x00011bd0       0x1c ./L5_Application/source/high_level_init.o
                0x00011bd0                SingletonTemplate<LED>::getInstance()
 .text._ZN17SingletonTemplateI17TemperatureSensorE11getInstanceEv
                0x00011bec       0x2c ./L5_Application/source/high_level_init.o
                0x00011bec                SingletonTemplate<TemperatureSensor>::getInstance()
 .text._ZN17SingletonTemplateI12Light_SensorE11getInstanceEv
                0x00011c18       0x18 ./L5_Application/source/high_level_init.o
                0x00011c18                SingletonTemplate<Light_Sensor>::getInstance()
 .text._ZN17SingletonTemplateI8SwitchesE11getInstanceEv
                0x00011c30       0x18 ./L5_Application/source/high_level_init.o
                0x00011c30                SingletonTemplate<Switches>::getInstance()
 .text._Z15high_level_initv
                0x00011c48      0x55c ./L5_Application/source/high_level_init.o
                0x00011c48                high_level_init()
 .text._ZN14scheduler_taskD2Ev
                0x000121a4        0xc ./L5_Application/source/remote.o
                0x000121a4                scheduler_task::~scheduler_task()
                0x000121a4                scheduler_task::~scheduler_task()
 .text._ZN14scheduler_task4initEv
                0x000121b0        0x4 ./L5_Application/source/remote.o
                0x000121b0                scheduler_task::init()
 .text._ZN14scheduler_task6regTlmEv
                0x000121b4        0x4 ./L5_Application/source/remote.o
                0x000121b4                scheduler_task::regTlm()
 .text._ZN14scheduler_task9taskEntryEv
                0x000121b8        0x4 ./L5_Application/source/remote.o
                0x000121b8                scheduler_task::taskEntry()
 .text._ZN10remoteTask6regTlmEv
                0x000121bc        0x4 ./L5_Application/source/remote.o
                0x000121bc                remoteTask::regTlm()
 .text._ZN10remoteTask9taskEntryEv
                0x000121c0        0x4 ./L5_Application/source/remote.o
                0x000121c0                remoteTask::taskEntry()
 .text._ZN10remoteTaskD2Ev
                0x000121c4        0xc ./L5_Application/source/remote.o
                0x000121c4                remoteTask::~remoteTask()
                0x000121c4                remoteTask::~remoteTask()
 .text._ZN10remoteTaskD0Ev
                0x000121d0       0x14 ./L5_Application/source/remote.o
                0x000121d0                remoteTask::~remoteTask()
 .text._ZN14scheduler_taskD0Ev
                0x000121e4       0x14 ./L5_Application/source/remote.o
                0x000121e4                scheduler_task::~scheduler_task()
 .text._ZN10remoteTask4initEv
                0x000121f8       0x40 ./L5_Application/source/remote.o
                0x000121f8                remoteTask::init()
 .text._ZN10remoteTaskC2Eh
                0x00012238       0x40 ./L5_Application/source/remote.o
                0x00012238                remoteTask::remoteTask(unsigned char)
                0x00012238                remoteTask::remoteTask(unsigned char)
 .text._ZN10remoteTask17getNumberFromCodeEmRm
                0x00012278       0x1e ./L5_Application/source/remote.o
                0x00012278                remoteTask::getNumberFromCode(unsigned long, unsigned long&)
 *fill*         0x00012296        0x2 00
 .text._ZN17SingletonTemplateI9IR_SensorE11getInstanceEv
                0x00012298       0x18 ./L5_Application/source/remote.o
                0x00012298                SingletonTemplate<IR_Sensor>::getInstance()
 .text._ZN10remoteTask3runEPv
                0x000122b0      0x198 ./L5_Application/source/remote.o
                0x000122b0                remoteTask::run(void*)
 .text._ZN12terminalTask6regTlmEv
                0x00012448        0x4 ./L5_Application/source/terminal.o
                0x00012448                terminalTask::regTlm()
 .text._ZN12terminalTask22handleEchoAndBackspaceEPNS_9cmdChan_tEc
                0x0001244c       0x5c ./L5_Application/source/terminal.o
                0x0001244c                terminalTask::handleEchoAndBackspace(terminalTask::cmdChan_t*, char)
 .text._ZN12terminalTask10getCommandEv
                0x000124a8      0x106 ./L5_Application/source/terminal.o
                0x000124a8                terminalTask::getCommand()
 *fill*         0x000125ae        0x2 00
 .text._ZN12terminalTask3runEPv
                0x000125b0       0x98 ./L5_Application/source/terminal.o
                0x000125b0                terminalTask::run(void*)
 .text._ZN17SingletonTemplateI5Uart0E11getInstanceEv
                0x00012648       0x20 ./L5_Application/source/terminal.o
                0x00012648                SingletonTemplate<Uart0>::getInstance()
 .text._ZN5Uart017putcharIntrDrivenEc
                0x00012668       0x18 ./L5_Application/source/terminal.o
                0x00012668                Uart0::putcharIntrDriven(char)
 .text._ZN5Uart017getcharIntrDrivenEc
                0x00012680       0x20 ./L5_Application/source/terminal.o
                0x00012680                Uart0::getcharIntrDriven(char)
 .text._ZN6VECTORIN16CommandProcessor16CmdProcessorTypeEED2Ev
                0x000126a0       0x24 ./L5_Application/source/terminal.o
                0x000126a0                VECTOR<CommandProcessor::CmdProcessorType>::~VECTOR()
                0x000126a0                VECTOR<CommandProcessor::CmdProcessorType>::~VECTOR()
 .text._ZN12terminalTaskD2Ev
                0x000126c4       0x40 ./L5_Application/source/terminal.o
                0x000126c4                terminalTask::~terminalTask()
                0x000126c4                terminalTask::~terminalTask()
 .text._ZN12terminalTaskD0Ev
                0x00012704       0x12 ./L5_Application/source/terminal.o
                0x00012704                terminalTask::~terminalTask()
 .text._ZN6VECTORIN12terminalTask9cmdChan_tEE14changeCapacityEj
                0x00012716       0x3a ./L5_Application/source/terminal.o
                0x00012716                VECTOR<terminalTask::cmdChan_t>::changeCapacity(unsigned int)
 .text._ZN12terminalTask17addCommandChannelEP7CharDevb
                0x00012750       0x44 ./L5_Application/source/terminal.o
                0x00012750                terminalTask::addCommandChannel(CharDev*, bool)
 .text._ZN12terminalTask9taskEntryEv
                0x00012794      0x27c ./L5_Application/source/terminal.o
                0x00012794                terminalTask::taskEntry()
 .text._ZN12terminalTaskC2Eh
                0x00012a10       0x7c ./L5_Application/source/terminal.o
                0x00012a10                terminalTask::terminalTask(unsigned char)
                0x00012a10                terminalTask::terminalTask(unsigned char)
 .text._ZN12wirelessTaskD2Ev
                0x00012a8c        0xc ./L5_Application/main.o
                0x00012a8c                wirelessTask::~wirelessTask()
                0x00012a8c                wirelessTask::~wirelessTask()
 .text._ZN12wirelessTaskD0Ev
                0x00012a98       0x14 ./L5_Application/main.o
                0x00012a98                wirelessTask::~wirelessTask()
 .text._ZN12wirelessTask3runEPv
                0x00012aac        0xa ./L5_Application/main.o
                0x00012aac                wirelessTask::run(void*)
 *fill*         0x00012ab6        0x2 00
 .text._Z4initv
                0x00012ab8       0x9c ./L5_Application/main.o
                0x00012ab8                init()
 .text.startup.main
                0x00012b54       0xc8 ./L5_Application/main.o
                0x00012b54                main
 .text.mesh_incr_soft_timers_for_arr
                0x00012c1c       0x26 ./L4_IO/wireless/src/mesh.o
 *fill*         0x00012c42        0x2 00
 .text.mesh_update_soft_timers
                0x00012c44       0x4c ./L4_IO/wireless/src/mesh.o
 .text.mesh_send_packet
                0x00012c90       0x3c ./L4_IO/wireless/src/mesh.o
 .text.mesh_send_retry_packet
                0x00012ccc       0x34 ./L4_IO/wireless/src/mesh.o
 .text.mesh_find_rte_tbl_entry
                0x00012d00       0x24 ./L4_IO/wireless/src/mesh.o
 .text.mesh_update_rte_scores
                0x00012d24       0x28 ./L4_IO/wireless/src/mesh.o
 .text.mesh_get_pnd_pkt_slot
                0x00012d4c       0x4c ./L4_IO/wireless/src/mesh.o
 .text.mesh_pending_packets_add
                0x00012d98       0x8c ./L4_IO/wireless/src/mesh.o
 .text.mesh_get_rte_to_modify
                0x00012e24       0x64 ./L4_IO/wireless/src/mesh.o
 .text.mesh_handle_pnd_pkts_for_arr
                0x00012e88      0x19c ./L4_IO/wireless/src/mesh.o
 .text.mesh_set_node_address
                0x00013024       0x18 ./L4_IO/wireless/src/mesh.o
                0x00013024                mesh_set_node_address
 .text.mesh_get_node_address
                0x0001303c        0xc ./L4_IO/wireless/src/mesh.o
                0x0001303c                mesh_get_node_address
 .text.mesh_set_retry_count
                0x00013048       0x10 ./L4_IO/wireless/src/mesh.o
                0x00013048                mesh_set_retry_count
 .text.mesh_form_pkt
                0x00013058       0xe4 ./L4_IO/wireless/src/mesh.o
                0x00013058                mesh_form_pkt
 .text.mesh_send_formed_pkt
                0x0001313c       0x60 ./L4_IO/wireless/src/mesh.o
                0x0001313c                mesh_send_formed_pkt
 .text.mesh_init
                0x0001319c      0x104 ./L4_IO/wireless/src/mesh.o
                0x0001319c                mesh_init
 .text.mesh_send
                0x000132a0       0x42 ./L4_IO/wireless/src/mesh.o
                0x000132a0                mesh_send
 .text.mesh_send_ack
                0x000132e2       0x18 ./L4_IO/wireless/src/mesh.o
 *fill*         0x000132fa        0x2 00
 .text.mesh_get_routing_entry
                0x000132fc       0x2c ./L4_IO/wireless/src/mesh.o
                0x000132fc                mesh_get_routing_entry
 .text.mesh_get_num_routing_entries
                0x00013328       0x1c ./L4_IO/wireless/src/mesh.o
                0x00013328                mesh_get_num_routing_entries
 .text.mesh_service
                0x00013344      0x2c4 ./L4_IO/wireless/src/mesh.o
                0x00013344                mesh_service
 .text.mesh_get_pnd_pkt_count
                0x00013608       0x34 ./L4_IO/wireless/src/mesh.o
                0x00013608                mesh_get_pnd_pkt_count
 .text.mesh_get_max_timeout_before_packet_fails
                0x0001363c       0x20 ./L4_IO/wireless/src/mesh.o
                0x0001363c                mesh_get_max_timeout_before_packet_fails
 .text.mesh_get_stats
                0x0001365c       0x14 ./L4_IO/wireless/src/mesh.o
                0x0001365c                mesh_get_stats
 .text.nordic_transfer
                0x00013670      0x10c ./L4_IO/wireless/src/nrf24L01Plus.o
 .text.nordic_readRegister
                0x0001377c       0x1c ./L4_IO/wireless/src/nrf24L01Plus.o
 .text.nordic_writeRegister
                0x00013798       0x1c ./L4_IO/wireless/src/nrf24L01Plus.o
 .text.nordic_is_tx_fifo_empty
                0x000137b4        0xe ./L4_IO/wireless/src/nrf24L01Plus.o
                0x000137b4                nordic_is_tx_fifo_empty
 .text.nordic_clear_all_intr_flags
                0x000137c2        0x8 ./L4_IO/wireless/src/nrf24L01Plus.o
                0x000137c2                nordic_clear_all_intr_flags
 .text.nordic_queue_tx_fifo
                0x000137ca       0x10 ./L4_IO/wireless/src/nrf24L01Plus.o
                0x000137ca                nordic_queue_tx_fifo
 .text.nordic_standby1_to_tx_mode1
                0x000137da       0x18 ./L4_IO/wireless/src/nrf24L01Plus.o
                0x000137da                nordic_standby1_to_tx_mode1
 *fill*         0x000137f2        0x2 00
 .text.nordic_rx_to_Stanby1
                0x000137f4       0x10 ./L4_IO/wireless/src/nrf24L01Plus.o
                0x000137f4                nordic_rx_to_Stanby1
 .text.nordic_standby1_to_rx
                0x00013804       0x24 ./L4_IO/wireless/src/nrf24L01Plus.o
                0x00013804                nordic_standby1_to_rx
 .text.nordic_clear_packet_sent_flag
                0x00013828        0x8 ./L4_IO/wireless/src/nrf24L01Plus.o
                0x00013828                nordic_clear_packet_sent_flag
 .text.nordic_flush_tx_fifo
                0x00013830        0xe ./L4_IO/wireless/src/nrf24L01Plus.o
                0x00013830                nordic_flush_tx_fifo
 *fill*         0x0001383e        0x2 00
 .text.nordic_mode1_send_single_packet
                0x00013840       0x4c ./L4_IO/wireless/src/nrf24L01Plus.o
                0x00013840                nordic_mode1_send_single_packet
 .text.nordic_is_packet_available
                0x0001388c       0x12 ./L4_IO/wireless/src/nrf24L01Plus.o
                0x0001388c                nordic_is_packet_available
 .text.nordic_clear_packet_available_flag
                0x0001389e        0x8 ./L4_IO/wireless/src/nrf24L01Plus.o
                0x0001389e                nordic_clear_packet_available_flag
 .text.nordic_read_rx_fifo
                0x000138a6       0x16 ./L4_IO/wireless/src/nrf24L01Plus.o
                0x000138a6                nordic_read_rx_fifo
 .text.nordic_flush_rx_fifo
                0x000138bc        0xe ./L4_IO/wireless/src/nrf24L01Plus.o
                0x000138bc                nordic_flush_rx_fifo
 .text.nordic_set_intr_signals
                0x000138ca       0x40 ./L4_IO/wireless/src/nrf24L01Plus.o
                0x000138ca                nordic_set_intr_signals
 .text.nordic_set_crc
                0x0001390a       0x3a ./L4_IO/wireless/src/nrf24L01Plus.o
                0x0001390a                nordic_set_crc
 .text.nordic_power_up
                0x00013944       0x18 ./L4_IO/wireless/src/nrf24L01Plus.o
                0x00013944                nordic_power_up
 .text.nordic_power_down
                0x0001395c       0x18 ./L4_IO/wireless/src/nrf24L01Plus.o
                0x0001395c                nordic_power_down
 .text.nordic_set_channel
                0x00013974       0x24 ./L4_IO/wireless/src/nrf24L01Plus.o
                0x00013974                nordic_set_channel
 .text.nordic_set_air_data_rate
                0x00013998       0x2e ./L4_IO/wireless/src/nrf24L01Plus.o
                0x00013998                nordic_set_air_data_rate
 .text.nordic_set_power_level
                0x000139c6       0x26 ./L4_IO/wireless/src/nrf24L01Plus.o
                0x000139c6                nordic_set_power_level
 .text.nordic_set_auto_transmit_options
                0x000139ec       0x30 ./L4_IO/wireless/src/nrf24L01Plus.o
                0x000139ec                nordic_set_auto_transmit_options
 .text.nordic_set_payload_for_pipe
                0x00013a1c       0x18 ./L4_IO/wireless/src/nrf24L01Plus.o
                0x00013a1c                nordic_set_payload_for_pipe
 .text.nordic_set_addr_width
                0x00013a34       0x16 ./L4_IO/wireless/src/nrf24L01Plus.o
                0x00013a34                nordic_set_addr_width
 .text.nordic_set_tx_address
                0x00013a4a        0xe ./L4_IO/wireless/src/nrf24L01Plus.o
                0x00013a4a                nordic_set_tx_address
 .text.nordic_set_rx_pipe0_addr
                0x00013a58        0xe ./L4_IO/wireless/src/nrf24L01Plus.o
                0x00013a58                nordic_set_rx_pipe0_addr
 *fill*         0x00013a66        0x2 00
 .text.nordic_init
                0x00013a68       0xc4 ./L4_IO/wireless/src/nrf24L01Plus.o
                0x00013a68                nordic_init
 .text.nrf_driver_get_timer
                0x00013b2c       0x1e ./L4_IO/wireless/src/wireless.o
 *fill*         0x00013b4a        0x2 00
 .text.nrf_irq_callback
                0x00013b4c       0x2c ./L4_IO/wireless/src/wireless.o
 .text.nrf_driver_app_recv
                0x00013b78       0x60 ./L4_IO/wireless/src/wireless.o
 .text.nrf_driver_init
                0x00013bd8       0x84 ./L4_IO/wireless/src/wireless.o
 .text.wireless_get_queued_pkt
                0x00013c5c       0x50 ./L4_IO/wireless/src/wireless.o
 .text.nrf_driver_send
                0x00013cac       0x70 ./L4_IO/wireless/src/wireless.o
 .text.nrf_driver_receive
                0x00013d1c       0x22 ./L4_IO/wireless/src/wireless.o
 *fill*         0x00013d3e        0x2 00
 .text.wireless_init
                0x00013d40       0x4c ./L4_IO/wireless/src/wireless.o
                0x00013d40                wireless_init
 .text.wireless_get_rx_pkt
                0x00013d8c       0x14 ./L4_IO/wireless/src/wireless.o
                0x00013d8c                wireless_get_rx_pkt
 .text.wireless_get_ack_pkt
                0x00013da0       0x14 ./L4_IO/wireless/src/wireless.o
                0x00013da0                wireless_get_ack_pkt
 .text.wireless_service
                0x00013db4       0x4c ./L4_IO/wireless/src/wireless.o
                0x00013db4                wireless_service
 .text.adc0_get_reading.constprop.0
                0x00013e00       0x3c ./L4_IO/src/io_source.o
 .text._ZN15I2C_Device_Base8writeRegEhh
                0x00013e3c       0x18 ./L4_IO/src/io_source.o
                0x00013e3c                I2C_Device_Base::writeReg(unsigned char, unsigned char)
 .text._ZN15I2C_Device_Base16get16BitRegisterEh
                0x00013e54       0x30 ./L4_IO/src/io_source.o
                0x00013e54                I2C_Device_Base::get16BitRegister(unsigned char)
 .text._ZN19Acceleration_Sensor4initEv
                0x00013e84       0x22 ./L4_IO/src/io_source.o
                0x00013e84                Acceleration_Sensor::init()
 *fill*         0x00013ea6        0x2 00
 .text.TIMER1_IRQHandler
                0x00013ea8       0xa0 ./L4_IO/src/io_source.o
                0x00013ea8                TIMER1_IRQHandler
 .text._ZN9IR_Sensor4initEv
                0x00013f48       0x64 ./L4_IO/src/io_source.o
                0x00013f48                IR_Sensor::init()
 .text._ZN9IR_Sensor16isIRCodeReceivedEv
                0x00013fac       0x10 ./L4_IO/src/io_source.o
                0x00013fac                IR_Sensor::isIRCodeReceived()
 .text._ZN9IR_Sensor13getLastIRCodeEv
                0x00013fbc       0x10 ./L4_IO/src/io_source.o
                0x00013fbc                IR_Sensor::getLastIRCode()
 .text._ZN11LED_Display12setLeftDigitEc
                0x00013fcc       0x18 ./L4_IO/src/io_source.o
                0x00013fcc                LED_Display::setLeftDigit(char)
 .text._ZN11LED_Display13setRightDigitEc
                0x00013fe4       0x18 ./L4_IO/src/io_source.o
                0x00013fe4                LED_Display::setRightDigit(char)
 .text._ZN11LED_Display9setNumberEc
                0x00013ffc       0x3e ./L4_IO/src/io_source.o
                0x00013ffc                LED_Display::setNumber(char)
 .text._ZN11LED_Display5clearEv
                0x0001403a       0x16 ./L4_IO/src/io_source.o
                0x0001403a                LED_Display::clear()
 .text._ZN11LED_Display4initEv
                0x00014050       0x3a ./L4_IO/src/io_source.o
                0x00014050                LED_Display::init()
 .text._ZN3LED4initEv
                0x0001408a        0x4 ./L4_IO/src/io_source.o
                0x0001408a                LED::init()
 *fill*         0x0001408e        0x2 00
 .text._ZN3LED6setAllEc
                0x00014090       0x50 ./L4_IO/src/io_source.o
                0x00014090                LED::setAll(char)
 .text._ZN12Light_Sensor4initEv
                0x000140e0        0x4 ./L4_IO/src/io_source.o
                0x000140e0                Light_Sensor::init()
 .text._ZN12Light_Sensor11getRawValueEv
                0x000140e4        0x4 ./L4_IO/src/io_source.o
                0x000140e4                Light_Sensor::getRawValue()
 .text._ZN8Switches4initEv
                0x000140e8        0x4 ./L4_IO/src/io_source.o
                0x000140e8                Switches::init()
 .text._ZN8Switches15getSwitchValuesEv
                0x000140ec       0x18 ./L4_IO/src/io_source.o
                0x000140ec                Switches::getSwitchValues()
 .text._ZN8I2C_Temp4initEv
                0x00014104       0x24 ./L4_IO/src/io_source.o
                0x00014104                I2C_Temp::init()
 .text._ZN8I2C_Temp10getCelsiusEv
                0x00014128       0x32 ./L4_IO/src/io_source.o
                0x00014128                I2C_Temp::getCelsius()
 *fill*         0x0001415a        0x2 00
 .text._ZN8I2C_Temp12getFarenheitEv
                0x0001415c       0x24 ./L4_IO/src/io_source.o
                0x0001415c                I2C_Temp::getFarenheit()
 .text._ZN7Storage4copyEPKcS1_PjS2_S2_
                0x00014180       0xd2 ./L4_IO/src/storage.o
                0x00014180                Storage::copy(char const*, char const*, unsigned int*, unsigned int*, unsigned int*)
 .text._ZN7Storage4readEPKcPvjj
                0x00014252       0x42 ./L4_IO/src/storage.o
                0x00014252                Storage::read(char const*, void*, unsigned int, unsigned int)
 .text._ZN7Storage5writeEPKcPvjj
                0x00014294       0x42 ./L4_IO/src/storage.o
                0x00014294                Storage::write(char const*, void*, unsigned int, unsigned int)
 .text._ZN7Storage6appendEPKcPvjj
                0x000142d6       0x46 ./L4_IO/src/storage.o
                0x000142d6                Storage::append(char const*, void*, unsigned int, unsigned int)
 .text.ff_convert
                0x0001431c       0x38 ./L4_IO/fat/option/ccsbcs.o
                0x0001431c                ff_convert
 .text.ff_wtoupper
                0x00014354       0x24 ./L4_IO/fat/option/ccsbcs.o
                0x00014354                ff_wtoupper
 .text.ff_cre_syncobj
                0x00014378       0x14 ./L4_IO/fat/option/reentrant.o
                0x00014378                ff_cre_syncobj
 .text.ff_del_syncobj
                0x0001438c        0x4 ./L4_IO/fat/option/reentrant.o
                0x0001438c                ff_del_syncobj
 .text.ff_req_grant
                0x00014390       0x26 ./L4_IO/fat/option/reentrant.o
                0x00014390                ff_req_grant
 .text.ff_rel_grant
                0x000143b6       0x1e ./L4_IO/fat/option/reentrant.o
                0x000143b6                ff_rel_grant
 .text.disk_initialize
                0x000143d4       0x26 ./L4_IO/fat/disk/diskio.o
                0x000143d4                disk_initialize
 .text.disk_status
                0x000143fa        0xe ./L4_IO/fat/disk/diskio.o
                0x000143fa                disk_status
 .text.disk_read
                0x00014408       0x38 ./L4_IO/fat/disk/diskio.o
                0x00014408                disk_read
 .text.disk_write
                0x00014440       0x38 ./L4_IO/fat/disk/diskio.o
                0x00014440                disk_write
 .text.disk_ioctl
                0x00014478       0x32 ./L4_IO/fat/disk/diskio.o
                0x00014478                disk_ioctl
 *fill*         0x000144aa        0x2 00
 .text.ssp_set_max_clock.constprop.2
                0x000144ac       0x30 ./L4_IO/fat/disk/sd.o
 .text.ssp1_exchange_byte
                0x000144dc       0x18 ./L4_IO/fat/disk/sd.o
 .text.wait_ready
                0x000144f4       0x34 ./L4_IO/fat/disk/sd.o
                0x000144f4                wait_ready
 .text.power_off
                0x00014528       0x24 ./L4_IO/fat/disk/sd.o
                0x00014528                power_off
 .text.rcvr_datablock
                0x0001454c       0x8c ./L4_IO/fat/disk/sd.o
                0x0001454c                rcvr_datablock
 .text.xmit_datablock
                0x000145d8       0x54 ./L4_IO/fat/disk/sd.o
                0x000145d8                xmit_datablock
 .text.send_cmd
                0x0001462c       0x94 ./L4_IO/fat/disk/sd.o
                0x0001462c                send_cmd
 .text.sd_update_card_status
                0x000146c0       0x20 ./L4_IO/fat/disk/sd.o
                0x000146c0                sd_update_card_status
 .text.sd_ioctl
                0x000146e0      0x24c ./L4_IO/fat/disk/sd.o
                0x000146e0                sd_ioctl
 .text.sd_write
                0x0001492c       0xc0 ./L4_IO/fat/disk/sd.o
                0x0001492c                sd_write
 .text.sd_read  0x000149ec       0xa0 ./L4_IO/fat/disk/sd.o
                0x000149ec                sd_read
 .text.sd_status
                0x00014a8c       0x10 ./L4_IO/fat/disk/sd.o
                0x00014a8c                sd_status
 .text.sd_initialize
                0x00014a9c      0x16c ./L4_IO/fat/disk/sd.o
                0x00014a9c                sd_initialize
 .text._ZL37flash_perform_page_io_of_fatfs_sectorPFvPhmmES_m
                0x00014c08       0x70 ./L4_IO/fat/disk/spi_flash.o
 .text.ssp1_exchange_data
                0x00014c78       0xc8 ./L4_IO/fat/disk/spi_flash.o
 .text._ZL18flash_send_op_addr14flash_opcode_tm
                0x00014d40       0x20 ./L4_IO/fat/disk/spi_flash.o
 .text._ZL15flash_read_pagePhmm
                0x00014d60       0x3c ./L4_IO/fat/disk/spi_flash.o
 .text._ZL20flash_wait_for_readyv
                0x00014d9c       0x40 ./L4_IO/fat/disk/spi_flash.o
 .text.flash_initialize
                0x00014ddc       0x88 ./L4_IO/fat/disk/spi_flash.o
                0x00014ddc                flash_initialize
 .text.flash_read_sectors
                0x00014e64       0x48 ./L4_IO/fat/disk/spi_flash.o
                0x00014e64                flash_read_sectors
 .text.flash_write_sectors
                0x00014eac       0x34 ./L4_IO/fat/disk/spi_flash.o
                0x00014eac                flash_write_sectors
 .text.flash_ioctl
                0x00014ee0       0x4c ./L4_IO/fat/disk/spi_flash.o
                0x00014ee0                flash_ioctl
 .text.flash_write_permanent_id
                0x00014f2c       0x3c ./L4_IO/fat/disk/spi_flash.o
                0x00014f2c                flash_write_permanent_id
 .text.flash_read_permanent_id
                0x00014f68       0x24 ./L4_IO/fat/disk/spi_flash.o
                0x00014f68                flash_read_permanent_id
 .text.flash_get_page_count
                0x00014f8c       0x30 ./L4_IO/fat/disk/spi_flash.o
                0x00014f8c                flash_get_page_count
 .text.flash_supports_metadata
                0x00014fbc       0x10 ./L4_IO/fat/disk/spi_flash.o
                0x00014fbc                flash_supports_metadata
 .text._ZL16flash_write_pagePhmm
                0x00014fcc       0x80 ./L4_IO/fat/disk/spi_flash.o
 .text.flash_get_page_write_count
                0x0001504c       0x50 ./L4_IO/fat/disk/spi_flash.o
                0x0001504c                flash_get_page_write_count
 .text.get_fattime
                0x0001509c       0x50 ./L4_IO/fat/fatfs_time.o
                0x0001509c                get_fattime
 .text.mem_cpy  0x000150ec       0x2e ./L4_IO/fat/ff.o
 .text.mem_set  0x0001511a        0xe ./L4_IO/fat/ff.o
 .text.chk_lock
                0x00015128       0x64 ./L4_IO/fat/ff.o
 .text.inc_lock
                0x0001518c       0x88 ./L4_IO/fat/ff.o
 .text.dec_lock
                0x00015214       0x3c ./L4_IO/fat/ff.o
 .text.sum_sfn  0x00015250       0x1e ./L4_IO/fat/ff.o
 .text.get_ldnumber
                0x0001526e       0x2c ./L4_IO/fat/ff.o
 .text.get_fileinfo
                0x0001529a       0xac ./L4_IO/fat/ff.o
 .text.sync_window
                0x00015346       0x4a ./L4_IO/fat/ff.o
 .text.sync_fs  0x00015390       0x74 ./L4_IO/fat/ff.o
 .text.validate
                0x00015404       0x3a ./L4_IO/fat/ff.o
 .text.move_window
                0x0001543e       0x2e ./L4_IO/fat/ff.o
 .text.check_fs
                0x0001546c       0x4c ./L4_IO/fat/ff.o
 .text.unlock_fs
                0x000154b8       0x1a ./L4_IO/fat/ff.o
 *fill*         0x000154d2        0x2 00
 .text.find_volume
                0x000154d4      0x244 ./L4_IO/fat/ff.o
 .text.clust2sect
                0x00015718       0x18 ./L4_IO/fat/ff.o
                0x00015718                clust2sect
 .text.get_fat  0x00015730       0xa0 ./L4_IO/fat/ff.o
                0x00015730                get_fat
 .text.dir_sdi  0x000157d0       0x84 ./L4_IO/fat/ff.o
 .text.put_fat  0x00015854       0xce ./L4_IO/fat/ff.o
                0x00015854                put_fat
 .text.create_chain
                0x00015922       0x9e ./L4_IO/fat/ff.o
 .text.dir_next
                0x000159c0       0xf0 ./L4_IO/fat/ff.o
 .text.dir_find.part.8
                0x00015ab0      0x120 ./L4_IO/fat/ff.o
 .text.follow_path
                0x00015bd0      0x280 ./L4_IO/fat/ff.o
 .text.dir_remove
                0x00015e50       0x4e ./L4_IO/fat/ff.o
 *fill*         0x00015e9e        0x2 00
 .text.dir_read.constprop.10
                0x00015ea0       0xec ./L4_IO/fat/ff.o
 .text.remove_chain
                0x00015f8c       0x58 ./L4_IO/fat/ff.o
 .text.gen_numname
                0x00015fe4       0x78 ./L4_IO/fat/ff.o
                0x00015fe4                gen_numname
 .text.dir_register
                0x0001605c      0x1b0 ./L4_IO/fat/ff.o
 .text.f_mount  0x0001620c       0xa0 ./L4_IO/fat/ff.o
                0x0001620c                f_mount
 .text.f_open   0x000162ac      0x198 ./L4_IO/fat/ff.o
                0x000162ac                f_open
 .text.f_read   0x00016444      0x14c ./L4_IO/fat/ff.o
                0x00016444                f_read
 .text.f_write  0x00016590      0x1a4 ./L4_IO/fat/ff.o
                0x00016590                f_write
 .text.f_sync   0x00016734       0x64 ./L4_IO/fat/ff.o
                0x00016734                f_sync
 .text.f_close  0x00016798       0x30 ./L4_IO/fat/ff.o
                0x00016798                f_close
 .text.f_lseek  0x000167c8      0x116 ./L4_IO/fat/ff.o
                0x000167c8                f_lseek
 .text.f_opendir
                0x000168de       0xa4 ./L4_IO/fat/ff.o
                0x000168de                f_opendir
 .text.f_readdir
                0x00016982       0x5e ./L4_IO/fat/ff.o
                0x00016982                f_readdir
 .text.f_getfree
                0x000169e0       0xc8 ./L4_IO/fat/ff.o
                0x000169e0                f_getfree
 .text.f_unlink
                0x00016aa8       0xd2 ./L4_IO/fat/ff.o
                0x00016aa8                f_unlink
 .text.f_mkdir  0x00016b7a      0x14e ./L4_IO/fat/ff.o
                0x00016b7a                f_mkdir
 .text.f_rename
                0x00016cc8      0x124 ./L4_IO/fat/ff.o
                0x00016cc8                f_rename
 .text.f_mkfs   0x00016dec      0x48c ./L4_IO/fat/ff.o
                0x00016dec                f_mkfs
 .text.c_list_for_each_elm
                0x00017278       0x32 ./L3_Utils/src/c_list.o
                0x00017278                c_list_for_each_elm
 *fill*         0x000172aa        0x2 00
 .text._ZN16CommandProcessor10addHandlerEPFbR3strR7CharDevPvEPKcS8_S4_
                0x000172ac       0x78 ./L3_Utils/src/command_handler.o
                0x000172ac                CommandProcessor::addHandler(bool (*)(str&, CharDev&, void*), char const*, char const*, void*)
 .text._ZN16CommandProcessor15prepareCmdParamER3strPKc
                0x00017324       0x3c ./L3_Utils/src/command_handler.o
                0x00017324                CommandProcessor::prepareCmdParam(str&, char const*)
 .text._ZN6VECTORIN16CommandProcessor16CmdProcessorTypeEEixEj
                0x00017360       0x12 ./L3_Utils/src/command_handler.o
                0x00017360                VECTOR<CommandProcessor::CmdProcessorType>::operator[](unsigned int)
 *fill*         0x00017372        0x2 00
 .text._ZN16CommandProcessor24getRegisteredCommandListER7CharDev
                0x00017374       0x68 ./L3_Utils/src/command_handler.o
                0x00017374                CommandProcessor::getRegisteredCommandList(CharDev&)
 .text._ZN16CommandProcessor11getHelpTextER3strR7CharDev
                0x000173dc       0x70 ./L3_Utils/src/command_handler.o
                0x000173dc                CommandProcessor::getHelpText(str&, CharDev&)
 .text._ZN16CommandProcessor13handleCommandER3strR7CharDev
                0x0001744c      0x144 ./L3_Utils/src/command_handler.o
                0x0001744c                CommandProcessor::handleCommand(str&, CharDev&)
 .text._ZN10LoggerBaseD2Ev
                0x00017590        0xc ./L3_Utils/src/file_logger.o
                0x00017590                LoggerBase::~LoggerBase()
                0x00017590                LoggerBase::~LoggerBase()
 .text._ZN10LoggerBase7semTakeEv
                0x0001759c        0x2 ./L3_Utils/src/file_logger.o
                0x0001759c                LoggerBase::semTake()
 .text._ZN10LoggerBase7semGiveEv
                0x0001759e        0x2 ./L3_Utils/src/file_logger.o
                0x0001759e                LoggerBase::semGive()
 .text._ZN10LoggerBase12getTimestampEv
                0x000175a0        0x4 ./L3_Utils/src/file_logger.o
                0x000175a0                LoggerBase::getTimestamp()
 .text._ZN10FileLoggerD2Ev
                0x000175a4        0xc ./L3_Utils/src/file_logger.o
                0x000175a4                FileLogger::~FileLogger()
                0x000175a4                FileLogger::~FileLogger()
 .text._ZN10FileLoggerD0Ev
                0x000175b0       0x14 ./L3_Utils/src/file_logger.o
                0x000175b0                FileLogger::~FileLogger()
 .text._ZN10LoggerBaseD0Ev
                0x000175c4       0x14 ./L3_Utils/src/file_logger.o
                0x000175c4                LoggerBase::~LoggerBase()
 .text._ZN10FileLogger12getTimestampEv
                0x000175d8        0x8 ./L3_Utils/src/file_logger.o
                0x000175d8                FileLogger::getTimestamp()
 .text._ZN10FileLogger7semGiveEv
                0x000175e0       0x1c ./L3_Utils/src/file_logger.o
                0x000175e0                FileLogger::semGive()
 .text._ZN10FileLogger7semTakeEv
                0x000175fc       0x1e ./L3_Utils/src/file_logger.o
                0x000175fc                FileLogger::semTake()
 *fill*         0x0001761a        0x2 00
 .text._ZN10FileLogger21handleCompletedBufferEPcj
                0x0001761c       0x74 ./L3_Utils/src/file_logger.o
                0x0001761c                FileLogger::handleCompletedBuffer(char*, unsigned int)
 .text._ZN10FileLogger5flushEv
                0x00017690       0x1a ./L3_Utils/src/file_logger.o
                0x00017690                FileLogger::flush()
 *fill*         0x000176aa        0x2 00
 .text._ZN10FileLoggerC2Ev
                0x000176ac       0x34 ./L3_Utils/src/file_logger.o
                0x000176ac                FileLogger::FileLogger()
                0x000176ac                FileLogger::FileLogger()
 .text._ZN10LoggerBase5flushEv
                0x000176e0       0x16 ./L3_Utils/src/logger.o
                0x000176e0                LoggerBase::flush()
 .text._ZN10LoggerBase3logEPKc
                0x000176f6       0x4e ./L3_Utils/src/logger.o
                0x000176f6                LoggerBase::log(char const*)
 .text._ZN10LoggerBase13logCsvMessageEPKcS1_S1_S1_i
                0x00017744      0x11c ./L3_Utils/src/logger.o
                0x00017744                LoggerBase::logCsvMessage(char const*, char const*, char const*, char const*, int)
 .text._ZN10LoggerBase7logInfoEPKcS1_S1_i
                0x00017860       0x1c ./L3_Utils/src/logger.o
                0x00017860                LoggerBase::logInfo(char const*, char const*, char const*, int)
 .text.for_each_recur_alarm_callback
                0x0001787c       0x24 ./L3_Utils/src/rtc_alarm.o
 .text.for_each_alarm_callback
                0x000178a0       0x5e ./L3_Utils/src/rtc_alarm.o
 *fill*         0x000178fe        0x2 00
 .text.RTC_IRQHandler
                0x00017900       0xa4 ./L3_Utils/src/rtc_alarm.o
                0x00017900                RTC_IRQHandler
 .text._ZL9printlinePKcS0_
                0x000179a4       0xb4 ./L3_Utils/src/scheduler_task.o
 .text._ZL9dbg_printPKcS0_
                0x00017a58       0x78 ./L3_Utils/src/scheduler_task.o
 .text._Z24scheduler_c_task_privatePv
                0x00017ad0      0x110 ./L3_Utils/src/scheduler_task.o
                0x00017ad0                scheduler_c_task_private(void*)
 .text._Z18scheduler_init_allb
                0x00017be0       0xdc ./L3_Utils/src/scheduler_task.o
                0x00017be0                scheduler_init_all(bool)
 .text._Z18scheduler_add_taskP14scheduler_task
                0x00017cbc       0x20 ./L3_Utils/src/scheduler_task.o
                0x00017cbc                scheduler_add_task(scheduler_task*)
 .text._Z15scheduler_startbb
                0x00017cdc       0x5c ./L3_Utils/src/scheduler_task.o
                0x00017cdc                scheduler_start(bool, bool)
 .text._ZN14scheduler_taskC2EPKcmhPv
                0x00017d38       0x34 ./L3_Utils/src/scheduler_task.o
                0x00017d38                scheduler_task::scheduler_task(char const*, unsigned long, unsigned char, void*)
                0x00017d38                scheduler_task::scheduler_task(char const*, unsigned long, unsigned char, void*)
 .text._ZN14scheduler_task15addSharedObjectEhPv
                0x00017d6c       0x50 ./L3_Utils/src/scheduler_task.o
                0x00017d6c                scheduler_task::addSharedObject(unsigned char, void*)
 .text._ZN14scheduler_task15getSharedObjectEh
                0x00017dbc       0x18 ./L3_Utils/src/scheduler_task.o
                0x00017dbc                scheduler_task::getSharedObject(unsigned char)
 .text._ZN3strC2EPci
                0x00017dd4       0x28 ./L3_Utils/src/str.o
                0x00017dd4                str::str(char*, int)
                0x00017dd4                str::str(char*, int)
 .text._ZN3strD2Ev
                0x00017dfc       0x24 ./L3_Utils/src/str.o
                0x00017dfc                str::~str()
                0x00017dfc                str::~str()
 .text._ZNK3str6getLenEv
                0x00017e20        0x6 ./L3_Utils/src/str.o
                0x00017e20                str::getLen() const
 .text._ZNK3str11getCapacityEv
                0x00017e26        0x4 ./L3_Utils/src/str.o
                0x00017e26                str::getCapacity() const
 .text._ZN3str5clearEv
                0x00017e2a        0x8 ./L3_Utils/src/str.o
                0x00017e2a                str::clear()
 .text._ZN3str5scanfEPKcz
                0x00017e32       0x1a ./L3_Utils/src/str.o
                0x00017e32                str::scanf(char const*, ...)
 .text._ZN3str8tokenizeEPKciz
                0x00017e4c       0x48 ./L3_Utils/src/str.o
                0x00017e4c                str::tokenize(char const*, int, ...)
 .text._ZNK3str9compareToEPKc
                0x00017e94       0x16 ./L3_Utils/src/str.o
                0x00017e94                str::compareTo(char const*) const
 .text._ZNK3str19compareToIgnoreCaseEPKc
                0x00017eaa       0x12 ./L3_Utils/src/str.o
                0x00017eaa                str::compareToIgnoreCase(char const*) const
 .text._ZNK3str22firstIndexOfIgnoreCaseEPKc
                0x00017ebc       0x8c ./L3_Utils/src/str.o
                0x00017ebc                str::firstIndexOfIgnoreCase(char const*) const
 .text._ZNK3str18containsIgnoreCaseEPKc
                0x00017f48        0xe ./L3_Utils/src/str.o
                0x00017f48                str::containsIgnoreCase(char const*) const
 .text._ZNK3str12firstIndexOfEPKc
                0x00017f56       0x16 ./L3_Utils/src/str.o
                0x00017f56                str::firstIndexOf(char const*) const
 .text._ZNK3str10beginsWithEPKc
                0x00017f6c       0x30 ./L3_Utils/src/str.o
                0x00017f6c                str::beginsWith(char const*) const
 .text._ZNK3str20beginsWithIgnoreCaseEPKc
                0x00017f9c       0x30 ./L3_Utils/src/str.o
                0x00017f9c                str::beginsWithIgnoreCase(char const*) const
 .text._ZNK3str29beginsWithWholeWordIgnoreCaseEPKcc
                0x00017fcc       0x3a ./L3_Utils/src/str.o
                0x00017fcc                str::beginsWithWholeWordIgnoreCase(char const*, char) const
 .text._ZN3str10eraseFirstEi
                0x00018006       0x28 ./L3_Utils/src/str.o
                0x00018006                str::eraseFirst(int)
 .text._ZN3str9eraseLastEi
                0x0001802e       0x20 ./L3_Utils/src/str.o
                0x0001802e                str::eraseLast(int)
 .text._ZN3str10eraseAfterEii
                0x0001804e       0x38 ./L3_Utils/src/str.o
                0x0001804e                str::eraseAfter(int, int)
 .text._ZN3str5eraseEPKc
                0x00018086       0x28 ./L3_Utils/src/str.o
                0x00018086                str::erase(char const*)
 .text._ZN3str15eraseFirstWordsEic
                0x000180ae       0x2a ./L3_Utils/src/str.o
                0x000180ae                str::eraseFirstWords(int, char)
 .text._ZN3str9trimStartEPKc
                0x000180d8       0x40 ./L3_Utils/src/str.o
                0x000180d8                str::trimStart(char const*)
 .text._ZN3str7trimEndEPKc
                0x00018118       0x3c ./L3_Utils/src/str.o
                0x00018118                str::trimEnd(char const*)
 .text._ZNK3streqEPKc
                0x00018154        0x4 ./L3_Utils/src/str.o
                0x00018154                str::operator==(char const*) const
 .text._ZNK3strclEv
                0x00018158        0x4 ./L3_Utils/src/str.o
                0x00018158                str::operator()() const
 .text._ZNK3strcviEv
                0x0001815c        0x6 ./L3_Utils/src/str.o
                0x0001815c                str::operator int() const
 .text._ZN3strixEi
                0x00018162       0x14 ./L3_Utils/src/str.o
                0x00018162                str::operator[](int)
 .text._ZN3str13reAllocateMemEi
                0x00018176       0x4c ./L3_Utils/src/str.o
                0x00018176                str::reAllocateMem(int)
 .text._ZN3str26ensureMemoryToInsertNCharsEi
                0x000181c2       0x22 ./L3_Utils/src/str.o
                0x000181c2                str::ensureMemoryToInsertNChars(int)
 .text._ZN3str11insertAtEndEPKc
                0x000181e4       0x22 ./L3_Utils/src/str.o
                0x000181e4                str::insertAtEnd(char const*)
 .text._ZN3strpLEc
                0x00018206       0x16 ./L3_Utils/src/str.o
                0x00018206                str::operator+=(char)
 .text._ZN3str4initEi
                0x0001821c       0x10 ./L3_Utils/src/str.o
                0x0001821c                str::init(int)
 .text._ZN3strC2Ei
                0x0001822c        0xc ./L3_Utils/src/str.o
                0x0001822c                str::str(int)
                0x0001822c                str::str(int)
 .text._ZN3str7reserveEi
                0x00018238        0xe ./L3_Utils/src/str.o
                0x00018238                str::reserve(int)
 .text._ZN3str6printfEPKcz
                0x00018246       0x40 ./L3_Utils/src/str.o
                0x00018246                str::printf(char const*, ...)
 .text._ZN3str8copyFromEPKc
                0x00018286       0x3c ./L3_Utils/src/str.o
                0x00018286                str::copyFrom(char const*)
 .text._ZN3straSEPKc
                0x000182c2        0x4 ./L3_Utils/src/str.o
                0x000182c2                str::operator=(char const*)
 .text.delay_us
                0x000182c6       0x2a ./L3_Utils/src/utilities.o
                0x000182c6                delay_us
 .text.is_freertos_running
                0x000182f0        0xe ./L3_Utils/src/utilities.o
                0x000182f0                is_freertos_running
 .text.delay_ms
                0x000182fe       0x22 ./L3_Utils/src/utilities.o
                0x000182fe                delay_ms
 .text.CAN_tx_now
                0x00018320       0x42 ./L2_Drivers/src/can.o
 *fill*         0x00018362        0x2 00
 .text.CAN_handle_isr
                0x00018364       0xac ./L2_Drivers/src/can.o
 .text.CAN_IRQHandler
                0x00018410       0x3c ./L2_Drivers/src/can.o
                0x00018410                CAN_IRQHandler
 .text.eint3_enable.part.0
                0x0001844c       0x70 ./L2_Drivers/src/eint.o
 .text.EINT3_IRQHandler
                0x000184bc       0x70 ./L2_Drivers/src/eint.o
                0x000184bc                EINT3_IRQHandler
 .text.eint3_enable_port0
                0x0001852c        0xc ./L2_Drivers/src/eint.o
                0x0001852c                eint3_enable_port0
 .text._ZN4I2C24initEj
                0x00018538       0x6c ./L2_Drivers/src/i2c2.o
                0x00018538                I2C2::init(unsigned int)
 .text._ZN4I2C2C2Ev
                0x000185a4       0x14 ./L2_Drivers/src/i2c2.o
                0x000185a4                I2C2::I2C2()
                0x000185a4                I2C2::I2C2()
 .text.I2C2_IRQHandler
                0x000185b8       0x24 ./L2_Drivers/src/i2c2.o
                0x000185b8                I2C2_IRQHandler
 .text._ZN12NordicStreamD2Ev
                0x000185dc       0x14 ./L2_Drivers/src/nrf_stream.o
                0x000185dc                NordicStream::~NordicStream()
                0x000185dc                NordicStream::~NordicStream()
 .text._ZN12NordicStreamD0Ev
                0x000185f0       0x12 ./L2_Drivers/src/nrf_stream.o
                0x000185f0                NordicStream::~NordicStream()
 .text._ZN12NordicStream5flushEv
                0x00018602       0x64 ./L2_Drivers/src/nrf_stream.o
                0x00018602                NordicStream::flush()
 .text._ZN12NordicStream7putCharEcj
                0x00018666       0x22 ./L2_Drivers/src/nrf_stream.o
                0x00018666                NordicStream::putChar(char, unsigned int)
 .text._ZN12NordicStream7getCharEPcj
                0x00018688       0x38 ./L2_Drivers/src/nrf_stream.o
                0x00018688                NordicStream::getChar(char*, unsigned int)
 .text._ZN12NordicStreamC2Ev
                0x000186c0       0x40 ./L2_Drivers/src/nrf_stream.o
                0x000186c0                NordicStream::NordicStream()
                0x000186c0                NordicStream::NordicStream()
 .text.rtc_gettime
                0x00018700       0x44 ./L2_Drivers/src/rtc.o
                0x00018700                rtc_gettime
 .text.rtc_settime
                0x00018744       0x60 ./L2_Drivers/src/rtc.o
                0x00018744                rtc_settime
 .text.rtc_init
                0x000187a4       0xd4 ./L2_Drivers/src/rtc.o
                0x000187a4                rtc_init
 .text.rtc_get_date_time_str
                0x00018878       0x10 ./L2_Drivers/src/rtc.o
                0x00018878                rtc_get_date_time_str
 .text.ssp1_dma_init
                0x00018888       0x1c ./L2_Drivers/src/spi_dma.o
                0x00018888                ssp1_dma_init
 .text.ssp1_dma_transfer_block
                0x000188a4       0xc4 ./L2_Drivers/src/spi_dma.o
                0x000188a4                ssp1_dma_transfer_block
 .text.spi1_lock
                0x00018968       0x28 ./L2_Drivers/src/spi_sem.o
                0x00018968                spi1_lock
 .text.spi1_unlock
                0x00018990       0x14 ./L2_Drivers/src/spi_sem.o
                0x00018990                spi1_unlock
 .text.ssp1_init
                0x000189a4       0x4c ./L2_Drivers/src/ssp1.o
                0x000189a4                ssp1_init
 .text._ZN5Uart0D2Ev
                0x000189f0       0x14 ./L2_Drivers/src/uart0.o
                0x000189f0                Uart0::~Uart0()
                0x000189f0                Uart0::~Uart0()
 .text._ZN5Uart0D0Ev
                0x00018a04       0x12 ./L2_Drivers/src/uart0.o
                0x00018a04                Uart0::~Uart0()
 *fill*         0x00018a16        0x2 00
 .text._ZN5Uart04initEjii
                0x00018a18       0x44 ./L2_Drivers/src/uart0.o
                0x00018a18                Uart0::init(unsigned int, int, int)
 .text._ZN5Uart0C2Ev
                0x00018a5c       0x1c ./L2_Drivers/src/uart0.o
                0x00018a5c                Uart0::Uart0()
                0x00018a5c                Uart0::Uart0()
 .text.UART0_IRQHandler
                0x00018a78       0x24 ./L2_Drivers/src/uart0.o
                0x00018a78                UART0_IRQHandler
 .text._ZN5Uart2D2Ev
                0x00018a9c       0x14 ./L2_Drivers/src/uart2.o
                0x00018a9c                Uart2::~Uart2()
                0x00018a9c                Uart2::~Uart2()
 .text._ZN5Uart2D0Ev
                0x00018ab0       0x12 ./L2_Drivers/src/uart2.o
                0x00018ab0                Uart2::~Uart2()
 *fill*         0x00018ac2        0x2 00
 .text._ZN5Uart2C2Ev
                0x00018ac4       0x1c ./L2_Drivers/src/uart2.o
                0x00018ac4                Uart2::Uart2()
                0x00018ac4                Uart2::Uart2()
 .text.UART2_IRQHandler
                0x00018ae0       0x24 ./L2_Drivers/src/uart2.o
                0x00018ae0                UART2_IRQHandler
 .text._ZN5Uart3D2Ev
                0x00018b04       0x14 ./L2_Drivers/src/uart3.o
                0x00018b04                Uart3::~Uart3()
                0x00018b04                Uart3::~Uart3()
 .text._ZN5Uart3D0Ev
                0x00018b18       0x12 ./L2_Drivers/src/uart3.o
                0x00018b18                Uart3::~Uart3()
 *fill*         0x00018b2a        0x2 00
 .text._ZN5Uart3C2Ev
                0x00018b2c       0x1c ./L2_Drivers/src/uart3.o
                0x00018b2c                Uart3::Uart3()
                0x00018b2c                Uart3::Uart3()
 .text.UART3_IRQHandler
                0x00018b48       0x24 ./L2_Drivers/src/uart3.o
                0x00018b48                UART3_IRQHandler
 .text._ZN7CharDev5flushEv
                0x00018b6c        0x4 ./L2_Drivers/base/char_dev.o
                0x00018b6c                CharDev::flush()
 .text._ZN7CharDevD2Ev
                0x00018b70        0xc ./L2_Drivers/base/char_dev.o
                0x00018b70                CharDev::~CharDev()
                0x00018b70                CharDev::~CharDev()
 .text._ZN7CharDevD0Ev
                0x00018b7c       0x14 ./L2_Drivers/base/char_dev.o
                0x00018b7c                CharDev::~CharDev()
 .text._ZN7CharDev3putEPKcj
                0x00018b90       0x28 ./L2_Drivers/base/char_dev.o
                0x00018b90                CharDev::put(char const*, unsigned int)
 .text._ZN7CharDev7putlineEPKcj
                0x00018bb8       0x1c ./L2_Drivers/base/char_dev.o
                0x00018bb8                CharDev::putline(char const*, unsigned int)
 .text._ZN7CharDev4getsEPcij
                0x00018bd4       0x50 ./L2_Drivers/base/char_dev.o
                0x00018bd4                CharDev::gets(char*, int, unsigned int)
 .text._ZN7CharDev6printfEPKcz
                0x00018c24       0x94 ./L2_Drivers/base/char_dev.o
                0x00018c24                CharDev::printf(char const*, ...)
 .text._ZN7CharDevC2Ev
                0x00018cb8       0x28 ./L2_Drivers/base/char_dev.o
                0x00018cb8                CharDev::CharDev()
                0x00018cb8                CharDev::CharDev()
 .text._ZN8I2C_Base8transferEccPcj
                0x00018ce0       0xd4 ./L2_Drivers/base/i2c_base.o
                0x00018ce0                I2C_Base::transfer(char, char, char*, unsigned int)
 .text._ZN8I2C_Base14writeRegistersEccPcj
                0x00018db4        0x8 ./L2_Drivers/base/i2c_base.o
                0x00018db4                I2C_Base::writeRegisters(char, char, char*, unsigned int)
 .text._ZN8I2C_Base8writeRegEccc
                0x00018dbc       0x16 ./L2_Drivers/base/i2c_base.o
                0x00018dbc                I2C_Base::writeReg(char, char, char)
 .text._ZN8I2C_Base13readRegistersEccPcj
                0x00018dd2        0x8 ./L2_Drivers/base/i2c_base.o
                0x00018dd2                I2C_Base::readRegisters(char, char, char*, unsigned int)
 .text._ZN8I2C_Base7readRegEcc
                0x00018dda       0x1a ./L2_Drivers/base/i2c_base.o
                0x00018dda                I2C_Base::readReg(char, char)
 .text._ZN8I2C_Base19checkDeviceResponseEc
                0x00018df4       0x14 ./L2_Drivers/base/i2c_base.o
                0x00018df4                I2C_Base::checkDeviceResponse(char)
 .text._ZN8I2C_BaseC2EP15LPC_I2C_TypeDef
                0x00018e08       0x6c ./L2_Drivers/base/i2c_base.o
                0x00018e08                I2C_Base::I2C_Base(LPC_I2C_TypeDef*)
                0x00018e08                I2C_Base::I2C_Base(LPC_I2C_TypeDef*)
 .text._ZN8I2C_Base4initEjj
                0x00018e74       0x90 ./L2_Drivers/base/i2c_base.o
                0x00018e74                I2C_Base::init(unsigned int, unsigned int)
 .text._ZN8I2C_Base15i2cStateMachineEv
                0x00018f04      0x1e8 ./L2_Drivers/base/i2c_base.o
                0x00018f04                I2C_Base::i2cStateMachine()
 .text._ZN8I2C_Base15handleInterruptEv
                0x000190ec       0x2c ./L2_Drivers/base/i2c_base.o
                0x000190ec                I2C_Base::handleInterrupt()
 .text._ZN7UartDev7putCharEcj
                0x00019118       0x6c ./L2_Drivers/base/uart_dev.o
                0x00019118                UartDev::putChar(char, unsigned int)
 .text._ZN7UartDevD2Ev
                0x00019184       0x14 ./L2_Drivers/base/uart_dev.o
                0x00019184                UartDev::~UartDev()
                0x00019184                UartDev::~UartDev()
 .text._ZN7UartDevD0Ev
                0x00019198       0x12 ./L2_Drivers/base/uart_dev.o
                0x00019198                UartDev::~UartDev()
 .text._ZN7UartDev7getCharEPcj
                0x000191aa       0x5a ./L2_Drivers/base/uart_dev.o
                0x000191aa                UartDev::getChar(char*, unsigned int)
 .text._ZN7UartDev5flushEv
                0x00019204       0x20 ./L2_Drivers/base/uart_dev.o
                0x00019204                UartDev::flush()
 .text._ZN7UartDev11setBaudRateEj
                0x00019224       0x3c ./L2_Drivers/base/uart_dev.o
                0x00019224                UartDev::setBaudRate(unsigned int)
 .text._ZN7UartDev15handleInterruptEv
                0x00019260       0xb4 ./L2_Drivers/base/uart_dev.o
                0x00019260                UartDev::handleInterrupt()
 .text._ZN7UartDevC2EPj
                0x00019314       0x28 ./L2_Drivers/base/uart_dev.o
                0x00019314                UartDev::UartDev(unsigned int*)
                0x00019314                UartDev::UartDev(unsigned int*)
 .text._ZN7UartDev4initEjjii
                0x0001933c       0xb0 ./L2_Drivers/base/uart_dev.o
                0x0001933c                UartDev::init(unsigned int, unsigned int, int, int)
 .text.vListInitialise
                0x000193ec       0x16 ./L1_FreeRTOS/src/list.o
                0x000193ec                vListInitialise
 .text.vListInitialiseItem
                0x00019402        0x6 ./L1_FreeRTOS/src/list.o
                0x00019402                vListInitialiseItem
 .text.vListInsertEnd
                0x00019408       0x18 ./L1_FreeRTOS/src/list.o
                0x00019408                vListInsertEnd
 .text.vListInsert
                0x00019420       0x30 ./L1_FreeRTOS/src/list.o
                0x00019420                vListInsert
 .text.uxListRemove
                0x00019450       0x20 ./L1_FreeRTOS/src/list.o
                0x00019450                uxListRemove
 .text.prvCopyDataFromQueue
                0x00019470       0x26 ./L1_FreeRTOS/src/queue.o
 .text.prvCopyDataToQueue
                0x00019496       0x66 ./L1_FreeRTOS/src/queue.o
 .text.prvNotifyQueueSetContainer
                0x000194fc       0x32 ./L1_FreeRTOS/src/queue.o
 .text.prvUnlockQueue
                0x0001952e       0x78 ./L1_FreeRTOS/src/queue.o
 .text.xQueueGenericReset
                0x000195a6       0x5c ./L1_FreeRTOS/src/queue.o
                0x000195a6                xQueueGenericReset
 .text.xQueueGenericCreate
                0x00019602       0x50 ./L1_FreeRTOS/src/queue.o
                0x00019602                xQueueGenericCreate
 .text.xQueueCreateCountingSemaphore
                0x00019652       0x12 ./L1_FreeRTOS/src/queue.o
                0x00019652                xQueueCreateCountingSemaphore
 .text.xQueueGenericSend
                0x00019664       0xe2 ./L1_FreeRTOS/src/queue.o
                0x00019664                xQueueGenericSend
 .text.xQueueCreateMutex
                0x00019746       0x4e ./L1_FreeRTOS/src/queue.o
                0x00019746                xQueueCreateMutex
 .text.xQueueGenericSendFromISR
                0x00019794       0x72 ./L1_FreeRTOS/src/queue.o
                0x00019794                xQueueGenericSendFromISR
 .text.xQueueGenericReceive
                0x00019806      0x102 ./L1_FreeRTOS/src/queue.o
                0x00019806                xQueueGenericReceive
 .text.xQueueReceiveFromISR
                0x00019908       0x52 ./L1_FreeRTOS/src/queue.o
                0x00019908                xQueueReceiveFromISR
 .text.uxQueueMessagesWaiting
                0x0001995a       0x12 ./L1_FreeRTOS/src/queue.o
                0x0001995a                uxQueueMessagesWaiting
 .text.uxQueueMessagesWaitingFromISR
                0x0001996c        0x4 ./L1_FreeRTOS/src/queue.o
                0x0001996c                uxQueueMessagesWaitingFromISR
 .text.xQueueSelectFromSet
                0x00019970       0x14 ./L1_FreeRTOS/src/queue.o
                0x00019970                xQueueSelectFromSet
 .text.prvResetRunTimeStatsInList
                0x00019984       0x2e ./L1_FreeRTOS/src/tasks.o
 *fill*         0x000199b2        0x2 00
 .text.prvIdleTask
                0x000199b4       0x18 ./L1_FreeRTOS/src/tasks.o
 .text.prvAddCurrentTaskToDelayedList
                0x000199cc       0x50 ./L1_FreeRTOS/src/tasks.o
 .text.prvListTaskWithinSingleList
                0x00019a1c       0x80 ./L1_FreeRTOS/src/tasks.o
 .text.xTaskGenericCreate
                0x00019a9c      0x18c ./L1_FreeRTOS/src/tasks.o
                0x00019a9c                xTaskGenericCreate
 .text.vTaskStartScheduler
                0x00019c28       0x54 ./L1_FreeRTOS/src/tasks.o
                0x00019c28                vTaskStartScheduler
 .text.vTaskEndScheduler
                0x00019c7c       0x18 ./L1_FreeRTOS/src/tasks.o
                0x00019c7c                vTaskEndScheduler
 .text.vTaskSuspendAll
                0x00019c94       0x10 ./L1_FreeRTOS/src/tasks.o
                0x00019c94                vTaskSuspendAll
 .text.xTaskGetTickCount
                0x00019ca4       0x18 ./L1_FreeRTOS/src/tasks.o
                0x00019ca4                xTaskGetTickCount
 .text.xTaskGetTickCountFromISR
                0x00019cbc       0x18 ./L1_FreeRTOS/src/tasks.o
                0x00019cbc                xTaskGetTickCountFromISR
 .text.uxTaskGetNumberOfTasks
                0x00019cd4        0xc ./L1_FreeRTOS/src/tasks.o
                0x00019cd4                uxTaskGetNumberOfTasks
 .text.xTaskIncrementTick
                0x00019ce0      0x10c ./L1_FreeRTOS/src/tasks.o
                0x00019ce0                xTaskIncrementTick
 .text.xTaskResumeAll
                0x00019dec       0xc4 ./L1_FreeRTOS/src/tasks.o
                0x00019dec                xTaskResumeAll
 .text.uxTaskGetSystemState
                0x00019eb0       0x88 ./L1_FreeRTOS/src/tasks.o
                0x00019eb0                uxTaskGetSystemState
 .text.vTaskDelay
                0x00019f38       0x54 ./L1_FreeRTOS/src/tasks.o
                0x00019f38                vTaskDelay
 .text.vTaskDelayUntil
                0x00019f8c       0x78 ./L1_FreeRTOS/src/tasks.o
                0x00019f8c                vTaskDelayUntil
 .text.vTaskSwitchContext
                0x0001a004       0xb4 ./L1_FreeRTOS/src/tasks.o
                0x0001a004                vTaskSwitchContext
 .text.vTaskSuspend
                0x0001a0b8       0x94 ./L1_FreeRTOS/src/tasks.o
                0x0001a0b8                vTaskSuspend
 .text.vTaskPlaceOnEventList
                0x0001a14c       0x60 ./L1_FreeRTOS/src/tasks.o
                0x0001a14c                vTaskPlaceOnEventList
 .text.xTaskRemoveFromEventList
                0x0001a1ac       0x68 ./L1_FreeRTOS/src/tasks.o
                0x0001a1ac                xTaskRemoveFromEventList
 .text.vTaskSetTimeOutState
                0x0001a214       0x18 ./L1_FreeRTOS/src/tasks.o
                0x0001a214                vTaskSetTimeOutState
 .text.xTaskCheckForTimeOut
                0x0001a22c       0x4c ./L1_FreeRTOS/src/tasks.o
                0x0001a22c                xTaskCheckForTimeOut
 .text.vTaskMissedYield
                0x0001a278        0xc ./L1_FreeRTOS/src/tasks.o
                0x0001a278                vTaskMissedYield
 .text.uxTaskGetStackHighWaterMark
                0x0001a284       0x20 ./L1_FreeRTOS/src/tasks.o
                0x0001a284                uxTaskGetStackHighWaterMark
 .text.xTaskGetCurrentTaskHandle
                0x0001a2a4        0xc ./L1_FreeRTOS/src/tasks.o
                0x0001a2a4                xTaskGetCurrentTaskHandle
 .text.xTaskGetSchedulerState
                0x0001a2b0       0x1c ./L1_FreeRTOS/src/tasks.o
                0x0001a2b0                xTaskGetSchedulerState
 .text.vTaskPriorityInherit
                0x0001a2cc       0x8c ./L1_FreeRTOS/src/tasks.o
                0x0001a2cc                vTaskPriorityInherit
 .text.vTaskPriorityDisinherit
                0x0001a358       0x6c ./L1_FreeRTOS/src/tasks.o
                0x0001a358                vTaskPriorityDisinherit
 .text.vTaskResetRunTimeStats
                0x0001a3c4       0x6c ./L1_FreeRTOS/src/tasks.o
                0x0001a3c4                vTaskResetRunTimeStats
 .text.prvPortStartFirstTask
                0x0001a430       0x14 ./L1_FreeRTOS/portable/port.o
 .text.pxPortInitialiseStack
                0x0001a444       0x16 ./L1_FreeRTOS/portable/port.o
                0x0001a444                pxPortInitialiseStack
 *fill*         0x0001a45a        0x2 00
 .text.vPortSVCHandler
                0x0001a45c       0x20 ./L1_FreeRTOS/portable/port.o
                0x0001a45c                vPortSVCHandler
 .text.vPortEndScheduler
                0x0001a47c        0x2 ./L1_FreeRTOS/portable/port.o
                0x0001a47c                vPortEndScheduler
 *fill*         0x0001a47e        0x2 00
 .text.vPortYield
                0x0001a480       0x18 ./L1_FreeRTOS/portable/port.o
                0x0001a480                vPortYield
 .text.ulPortSetInterruptMask
                0x0001a498       0x10 ./L1_FreeRTOS/portable/port.o
                0x0001a498                ulPortSetInterruptMask
 .text.vPortEnterCritical
                0x0001a4a8       0x1c ./L1_FreeRTOS/portable/port.o
                0x0001a4a8                vPortEnterCritical
 .text.vPortClearInterruptMask
                0x0001a4c4        0x6 ./L1_FreeRTOS/portable/port.o
                0x0001a4c4                vPortClearInterruptMask
 *fill*         0x0001a4ca        0x2 00
 .text.vPortExitCritical
                0x0001a4cc       0x14 ./L1_FreeRTOS/portable/port.o
                0x0001a4cc                vPortExitCritical
 .text.xPortPendSVHandler
                0x0001a4e0       0x3c ./L1_FreeRTOS/portable/port.o
                0x0001a4e0                xPortPendSVHandler
 .text.xPortSysTickHandler
                0x0001a51c       0x24 ./L1_FreeRTOS/portable/port.o
                0x0001a51c                xPortSysTickHandler
 .text.vPortSetupTimerInterrupt
                0x0001a540       0x14 ./L1_FreeRTOS/portable/port.o
                0x0001a540                vPortSetupTimerInterrupt
 .text.xPortStartScheduler
                0x0001a554       0x30 ./L1_FreeRTOS/portable/port.o
                0x0001a554                xPortStartScheduler
 .text.vConfigureTimerForRunTimeStats
                0x0001a584       0x2c ./L1_FreeRTOS/portable/run_time_stats.o
                0x0001a584                vConfigureTimerForRunTimeStats
 .text.uxGetTimerForRunTimeStats
                0x0001a5b0        0x8 ./L1_FreeRTOS/portable/run_time_stats.o
                0x0001a5b0                uxGetTimerForRunTimeStats
 .text.resetRunTimeCounter
                0x0001a5b8        0xa ./L1_FreeRTOS/portable/run_time_stats.o
                0x0001a5b8                resetRunTimeCounter
 .text.vApplicationIdleHook
                0x0001a5c2        0x4 ./L1_FreeRTOS/hooks/hooks.o
                0x0001a5c2                vApplicationIdleHook
 *fill*         0x0001a5c6        0x2 00
 .text.vApplicationStackOverflowHook
                0x0001a5c8       0x38 ./L1_FreeRTOS/hooks/hooks.o
                0x0001a5c8                vApplicationStackOverflowHook
 .text.vApplicationMallocFailedHook
                0x0001a600       0x24 ./L1_FreeRTOS/hooks/hooks.o
                0x0001a600                vApplicationMallocFailedHook
 .text.pvPortMalloc
                0x0001a624       0x1e ./L1_FreeRTOS/MemMang/heap_3.o
                0x0001a624                pvPortMalloc
 .text.vPortFree
                0x0001a642       0x1a ./L1_FreeRTOS/MemMang/heap_3.o
                0x0001a642                vPortFree
 .text.__set_BASEPRI
                0x0001a65c        0x6 ./L0_LowLevel/source/core_cm3.o
                0x0001a65c                __set_BASEPRI
 *fill*         0x0001a662        0x2 00
 .text.sys_get_boot_type
                0x0001a664        0xc ./L0_LowLevel/source/low_level_init.o
                0x0001a664                sys_get_boot_type
 .text.sys_get_boot_time
                0x0001a670       0x14 ./L0_LowLevel/source/low_level_init.o
                0x0001a670                sys_get_boot_time
 .text._Z14low_level_initv
                0x0001a684      0x204 ./L0_LowLevel/source/low_level_init.o
                0x0001a684                low_level_init()
 .text.lpc_pconp
                0x0001a888       0x30 ./L0_LowLevel/source/lpc_peripherals.o
                0x0001a888                lpc_pconp
 .text.lpc_pclk
                0x0001a8b8       0x48 ./L0_LowLevel/source/lpc_peripherals.o
                0x0001a8b8                lpc_pclk
 .text.RIT_IRQHandler
                0x0001a900       0x1c ./L0_LowLevel/source/lpc_sys.o
                0x0001a900                RIT_IRQHandler
 .text.sys_get_mem_info_str
                0x0001a91c       0x2c ./L0_LowLevel/source/lpc_sys.o
                0x0001a91c                sys_get_mem_info_str
 .text.sys_rit_setup
                0x0001a948       0x58 ./L0_LowLevel/source/lpc_sys.o
                0x0001a948                sys_rit_setup
 .text.sys_rit_disable
                0x0001a9a0       0x1c ./L0_LowLevel/source/lpc_sys.o
                0x0001a9a0                sys_rit_disable
 .text.sys_rit_running
                0x0001a9bc       0x10 ./L0_LowLevel/source/lpc_sys.o
                0x0001a9bc                sys_rit_running
 .text.HardFault_HandlerC
                0x0001a9cc       0x94 ./L0_LowLevel/source/startup.o
                0x0001a9cc                HardFault_HandlerC
 .text._ZL19sys_clock_pll0_feedv
                0x0001aa60       0x14 ./L0_LowLevel/source/sys_clock.o
 .text._ZL23sys_clock_configure_plljjPiS_S_.constprop.0
                0x0001aa74       0x78 ./L0_LowLevel/source/sys_clock.o
 .text._Z19sys_clock_configurev
                0x0001aaec       0xac ./L0_LowLevel/source/sys_clock.o
                0x0001aaec                sys_clock_configure()
 .text.sys_get_cpu_clock
                0x0001ab98       0x9c ./L0_LowLevel/source/sys_clock.o
                0x0001ab98                sys_get_cpu_clock
 .text.uart0_init
                0x0001ac34       0x60 ./L0_LowLevel/source/uart0_min.o
                0x0001ac34                uart0_init
 .text.uart0_getchar
                0x0001ac94       0x18 ./L0_LowLevel/source/uart0_min.o
                0x0001ac94                uart0_getchar
 .text.uart0_putchar
                0x0001acac       0x1c ./L0_LowLevel/source/uart0_min.o
                0x0001acac                uart0_putchar
 .text.uart0_puts
                0x0001acc8       0x1c ./L0_LowLevel/source/uart0_min.o
                0x0001acc8                uart0_puts
 .text._ZNK10__cxxabiv120__si_class_type_info12__do_dyncastEiNS_17__class_type_info10__sub_kindEPKS1_PKvS4_S6_RNS1_16__dyncast_resultE
                0x0001ace4       0x7c c:/users/elizabeth/documents/sjsu_dev/toolchain/bin/../lib/gcc/arm-none-eabi/4.7.4/../../../../arm-none-eabi/lib/armv7-m\libstdc++_s.a(si_class_type_info.o)
                0x0001ace4                __cxxabiv1::__si_class_type_info::__do_dyncast(int, __cxxabiv1::__class_type_info::__sub_kind, __cxxabiv1::__class_type_info const*, void const*, __cxxabiv1::__class_type_info const*, void const*, __cxxabiv1::__class_type_info::__dyncast_result&) const
 .text._ZN10__cxxabiv120__si_class_type_infoD2Ev
                0x0001ad60       0x14 c:/users/elizabeth/documents/sjsu_dev/toolchain/bin/../lib/gcc/arm-none-eabi/4.7.4/../../../../arm-none-eabi/lib/armv7-m\libstdc++_s.a(si_class_type_info.o)
                0x0001ad60                __cxxabiv1::__si_class_type_info::~__si_class_type_info()
                0x0001ad60                __cxxabiv1::__si_class_type_info::~__si_class_type_info()
 .text._ZN10__cxxabiv120__si_class_type_infoD0Ev
                0x0001ad74       0x12 c:/users/elizabeth/documents/sjsu_dev/toolchain/bin/../lib/gcc/arm-none-eabi/4.7.4/../../../../arm-none-eabi/lib/armv7-m\libstdc++_s.a(si_class_type_info.o)
                0x0001ad74                __cxxabiv1::__si_class_type_info::~__si_class_type_info()
 .text._ZNK10__cxxabiv120__si_class_type_info20__do_find_public_srcEiPKvPKNS_17__class_type_infoES2_
                0x0001ad86       0x32 c:/users/elizabeth/documents/sjsu_dev/toolchain/bin/../lib/gcc/arm-none-eabi/4.7.4/../../../../arm-none-eabi/lib/armv7-m\libstdc++_s.a(si_class_type_info.o)
                0x0001ad86                __cxxabiv1::__si_class_type_info::__do_find_public_src(int, void const*, __cxxabiv1::__class_type_info const*, void const*) const
 .text._ZNK10__cxxabiv120__si_class_type_info11__do_upcastEPKNS_17__class_type_infoEPKvRNS1_15__upcast_resultE
                0x0001adb8       0x24 c:/users/elizabeth/documents/sjsu_dev/toolchain/bin/../lib/gcc/arm-none-eabi/4.7.4/../../../../arm-none-eabi/lib/armv7-m\libstdc++_s.a(si_class_type_info.o)
                0x0001adb8                __cxxabiv1::__si_class_type_info::__do_upcast(__cxxabiv1::__class_type_info const*, void const*, __cxxabiv1::__class_type_info::__upcast_result&) const
 .text.__cxa_pure_virtual
                0x0001addc       0x14 c:/users/elizabeth/documents/sjsu_dev/toolchain/bin/../lib/gcc/arm-none-eabi/4.7.4/../../../../arm-none-eabi/lib/armv7-m\libstdc++_s.a(pure.o)
                0x0001addc                __cxa_pure_virtual
 .text.__cxa_guard_acquire
                0x0001adf0       0x1c c:/users/elizabeth/documents/sjsu_dev/toolchain/bin/../lib/gcc/arm-none-eabi/4.7.4/../../../../arm-none-eabi/lib/armv7-m\libstdc++_s.a(guard.o)
                0x0001adf0                __cxa_guard_acquire
 .text.__cxa_guard_release
                0x0001ae0c        0x6 c:/users/elizabeth/documents/sjsu_dev/toolchain/bin/../lib/gcc/arm-none-eabi/4.7.4/../../../../arm-none-eabi/lib/armv7-m\libstdc++_s.a(guard.o)
                0x0001ae0c                __cxa_guard_release
 .text._ZNK10__cxxabiv117__class_type_info11__do_upcastEPKS0_PPv
                0x0001ae12       0x36 c:/users/elizabeth/documents/sjsu_dev/toolchain/bin/../lib/gcc/arm-none-eabi/4.7.4/../../../../arm-none-eabi/lib/armv7-m\libstdc++_s.a(class_type_info.o)
                0x0001ae12                __cxxabiv1::__class_type_info::__do_upcast(__cxxabiv1::__class_type_info const*, void**) const
 .text._ZNK10__cxxabiv117__class_type_info20__do_find_public_srcEiPKvPKS0_S2_
                0x0001ae48        0xc c:/users/elizabeth/documents/sjsu_dev/toolchain/bin/../lib/gcc/arm-none-eabi/4.7.4/../../../../arm-none-eabi/lib/armv7-m\libstdc++_s.a(class_type_info.o)
                0x0001ae48                __cxxabiv1::__class_type_info::__do_find_public_src(int, void const*, __cxxabiv1::__class_type_info const*, void const*) const
 .text._ZNK10__cxxabiv117__class_type_info11__do_upcastEPKS0_PKvRNS0_15__upcast_resultE
                0x0001ae54       0x1a c:/users/elizabeth/documents/sjsu_dev/toolchain/bin/../lib/gcc/arm-none-eabi/4.7.4/../../../../arm-none-eabi/lib/armv7-m\libstdc++_s.a(class_type_info.o)
                0x0001ae54                __cxxabiv1::__class_type_info::__do_upcast(__cxxabiv1::__class_type_info const*, void const*, __cxxabiv1::__class_type_info::__upcast_result&) const
 *fill*         0x0001ae6e        0x2 00
 .text._ZN10__cxxabiv117__class_type_infoD2Ev
                0x0001ae70       0x14 c:/users/elizabeth/documents/sjsu_dev/toolchain/bin/../lib/gcc/arm-none-eabi/4.7.4/../../../../arm-none-eabi/lib/armv7-m\libstdc++_s.a(class_type_info.o)
                0x0001ae70                __cxxabiv1::__class_type_info::~__class_type_info()
                0x0001ae70                __cxxabiv1::__class_type_info::~__class_type_info()
 .text._ZN10__cxxabiv117__class_type_infoD0Ev
                0x0001ae84       0x12 c:/users/elizabeth/documents/sjsu_dev/toolchain/bin/../lib/gcc/arm-none-eabi/4.7.4/../../../../arm-none-eabi/lib/armv7-m\libstdc++_s.a(class_type_info.o)
                0x0001ae84                __cxxabiv1::__class_type_info::~__class_type_info()
 .text._ZNK10__cxxabiv117__class_type_info12__do_dyncastEiNS0_10__sub_kindEPKS0_PKvS3_S5_RNS0_16__dyncast_resultE
                0x0001ae96       0x38 c:/users/elizabeth/documents/sjsu_dev/toolchain/bin/../lib/gcc/arm-none-eabi/4.7.4/../../../../arm-none-eabi/lib/armv7-m\libstdc++_s.a(class_type_info.o)
                0x0001ae96                __cxxabiv1::__class_type_info::__do_dyncast(int, __cxxabiv1::__class_type_info::__sub_kind, __cxxabiv1::__class_type_info const*, void const*, __cxxabiv1::__class_type_info const*, void const*, __cxxabiv1::__class_type_info::__dyncast_result&) const
 .text._ZNK10__cxxabiv117__class_type_info10__do_catchEPKSt9type_infoPPvj
                0x0001aece       0x26 c:/users/elizabeth/documents/sjsu_dev/toolchain/bin/../lib/gcc/arm-none-eabi/4.7.4/../../../../arm-none-eabi/lib/armv7-m\libstdc++_s.a(class_type_info.o)
                0x0001aece                __cxxabiv1::__class_type_info::__do_catch(std::type_info const*, void**, unsigned int) const
 .text._ZN10__cxxabiv121__vmi_class_type_infoD2Ev
                0x0001aef4       0x14 c:/users/elizabeth/documents/sjsu_dev/toolchain/bin/../lib/gcc/arm-none-eabi/4.7.4/../../../../arm-none-eabi/lib/armv7-m\libstdc++_s.a(vmi_class_type_info.o)
                0x0001aef4                __cxxabiv1::__vmi_class_type_info::~__vmi_class_type_info()
                0x0001aef4                __cxxabiv1::__vmi_class_type_info::~__vmi_class_type_info()
 .text._ZN10__cxxabiv121__vmi_class_type_infoD0Ev